../Core/Src/SX1268.cpp:9:1:SX1268::SX1268()	16	static
../Core/Src/SX1268.cpp:14:1:SX1268::SX1268(SPI_HandleTypeDef*, GPIO_TypeDef*, uint16_t, GPIO_TypeDef*, uint16_t, GPIO_TypeDef*, uint16_t, GPIO_TypeDef*, uint16_t)	24	static
../Core/Src/SX1268.cpp:31:9:int16_t SX1268::begin(float, float, uint8_t, uint8_t, uint16_t, int8_t, uint16_t, float, bool)	72	static
../Core/Src/SX1268.cpp:103:8:int8_t SX1268::startReceive()	32	static
../Core/Src/SX1268.cpp:119:8:int8_t SX1268::readData(uint8_t*, uint8_t)	32	static
../Core/Src/SX1268.cpp:149:8:int8_t SX1268::startTransmit(uint8_t*, uint8_t)	40	static
../Core/Src/SX1268.cpp:176:8:int8_t SX1268::transmit(uint8_t*, uint8_t, uint32_t)	32	static
../Core/Src/SX1268.cpp:195:9:uint8_t SX1268::getPacketLength()	24	static
../Core/Src/SX1268.cpp:203:9:int16_t SX1268::setFrequency(float)	24	static
../Core/Src/SX1268.cpp:211:9:int16_t SX1268::setBandwidth(float)	32	static
../Core/Src/SX1268.cpp:223:9:int16_t SX1268::setSpreadingFactor(uint8_t)	32	static
../Core/Src/SX1268.cpp:232:9:int16_t SX1268::setCodingRate(uint8_t)	32	static
../Core/Src/SX1268.cpp:241:9:int16_t SX1268::setOutputPower(int8_t)	24	static
../Core/Src/SX1268.cpp:249:7:float SX1268::getRSSI()	24	static
../Core/Src/SX1268.cpp:256:7:float SX1268::getSNR()	24	static
../Core/Src/SX1268.cpp:263:7:float SX1268::getFrequencyError()	16	static
../Core/Src/SX1268.cpp:266:6:void SX1268::setPacketReceivedAction(void (*)())	16	static
../Core/Src/SX1268.cpp:267:6:void SX1268::setPacketSentAction(void (*)())	16	static
../Core/Src/SX1268.cpp:269:6:void SX1268::handleDio1Irq()	24	static
../Core/Src/SX1268.cpp:283:6:void SX1268::hwReset()	16	static
../Core/Src/SX1268.cpp:290:5:int SX1268::waitBusy(uint32_t)	24	static
../Core/Src/SX1268.cpp:298:6:void SX1268::nssLow()	16	static
../Core/Src/SX1268.cpp:299:6:void SX1268::nssHigh()	16	static
../Core/Src/SX1268.cpp:301:6:void SX1268::spiWrite(uint8_t, const uint8_t*, uint16_t)	24	static
../Core/Src/SX1268.cpp:308:6:void SX1268::spiRead(uint8_t, uint8_t*, uint16_t)	32	static
../Core/Src/SX1268.cpp:317:6:void SX1268::writeRegister(uint16_t, uint8_t)	24	static
../Core/Src/SX1268.cpp:326:6:void SX1268::writeBuffer(uint8_t, const uint8_t*, uint8_t)	32	static
../Core/Src/SX1268.cpp:336:6:void SX1268::readBuffer(uint8_t, uint8_t*, uint8_t)	32	static
../Core/Src/SX1268.cpp:349:6:void SX1268::setStandby(uint8_t)	16	static
../Core/Src/SX1268.cpp:350:6:void SX1268::setPacketParams(uint16_t, uint8_t, uint8_t, uint8_t, uint8_t)	32	static
../Core/Src/SX1268.cpp:354:6:void SX1268::setModulationParams(uint8_t, uint8_t, uint8_t, uint8_t)	24	static
../Core/Src/SX1268.cpp:358:6:void SX1268::setDioIrqParams(uint16_t, uint16_t, uint16_t, uint16_t)	32	static
../Core/Src/SX1268.cpp:362:6:void SX1268::clearIrqStatus(uint16_t)	24	static
../Core/Src/SX1268.cpp:366:10:uint16_t SX1268::getIrqStatus()	24	static
../Core/Src/SX1268.cpp:371:6:void SX1268::setBufferBaseAddress(uint8_t, uint8_t)	24	static
../Core/Src/SX1268.cpp:375:6:void SX1268::getRxBufferStatus(uint8_t&, uint8_t&)	32	static
../Core/Src/SX1268.cpp:381:6:void SX1268::getPacketStatus(float&, float&)	32	static
../Core/Src/SX1268.cpp:389:9:uint8_t SX1268::mapBandwidth(float)	16	static
../Core/Src/SX1268.cpp:402:9:uint8_t SX1268::mapCodingRate(uint8_t)	16	static
../Core/Src/SX1268.cpp:407:6:bool SX1268::needsLDRO(uint8_t, uint8_t)	16	static
../Core/Src/SX1268.cpp:414:6:void SX1268::workaround_TxClampConfig()	16	static
