../Core/Src/SX1268.cpp:15:1:SX1268::SX1268(SPI_HandleTypeDef*, GPIO_TypeDef*, uint16_t, GPIO_TypeDef*, uint16_t, GPIO_TypeDef*, uint16_t, GPIO_TypeDef*, uint16_t)	24	static
../Core/Src/SX1268.cpp:29:6:void SX1268::WaitForBusy()	24	static
../Core/Src/SX1268.cpp:42:6:void SX1268::WriteCommand(uint8_t, uint8_t*, uint8_t)	24	static
../Core/Src/SX1268.cpp:54:6:void SX1268::ReadCommand(uint8_t, uint8_t*, uint8_t*, uint8_t)	40	static
../Core/Src/SX1268.cpp:67:6:void SX1268::WriteBuffer(uint8_t, uint8_t*, uint8_t)	32	static
../Core/Src/SX1268.cpp:83:6:void SX1268::ReadBuffer(uint8_t, uint8_t*, uint8_t)	32	static
../Core/Src/SX1268.cpp:96:6:void SX1268::SetStandby(uint8_t)	16	static
../Core/Src/SX1268.cpp:101:9:int16_t SX1268::begin(float, float, uint8_t, uint8_t, uint8_t, int8_t, uint16_t, float, bool)	56	static
../Core/Src/SX1268.cpp:149:9:uint8_t MapBandwidth(float)	16	static
../Core/Src/SX1268.cpp:156:6:void SX1268::SetModulationParams(uint8_t, uint8_t, uint8_t, uint8_t)	24	static
../Core/Src/SX1268.cpp:161:6:void SX1268::SetPacketParams(uint16_t, uint8_t, uint8_t, uint8_t, uint8_t)	24	static
../Core/Src/SX1268.cpp:173:9:int16_t SX1268::setFrequency(float)	24	static
../Core/Src/SX1268.cpp:186:8:int8_t SX1268::startReceive()	24	static
../Core/Src/SX1268.cpp:197:8:int8_t SX1268::startTransmit(uint8_t*, uint8_t)	48	static
../Core/Src/SX1268.cpp:216:8:int8_t SX1268::readData(uint8_t*, uint8_t)	48	static
../Core/Src/SX1268.cpp:237:9:uint8_t SX1268::getPacketLength()	32	static
../Core/Src/SX1268.cpp:245:9:int16_t SX1268::setBandwidth(float)	32	static
../Core/Src/SX1268.cpp:246:9:int16_t SX1268::setSpreadingFactor(uint8_t)	24	static
../Core/Src/SX1268.cpp:247:9:int16_t SX1268::setCodingRate(uint8_t)	32	static
../Core/Src/SX1268.cpp:248:9:int16_t SX1268::setOutputPower(int8_t)	24	static
../Core/Src/SX1268.cpp:253:7:float SX1268::getRSSI()	16	static
../Core/Src/SX1268.cpp:254:7:float SX1268::getSNR()	16	static
../Core/Src/SX1268.cpp:255:7:float SX1268::getFrequencyError()	16	static
../Core/Src/SX1268.cpp:257:6:void SX1268::setPacketReceivedAction(void (*)())	16	static
../Core/Src/SX1268.cpp:258:6:void SX1268::setPacketSentAction(void (*)())	16	static
../Core/Src/SX1268.cpp:261:6:void SX1268::handleDio1Irq()	32	static
