../Core/Src/RadioLib/protocols/LoRaWAN/../PhysicalLayer/../../Module.h:394:14:uint32_t Module::getIrq() const	16	static
../Core/Src/RadioLib/protocols/LoRaWAN/LoRaWAN.cpp:9:1:LoRaWANNode::LoRaWANNode(PhysicalLayer*, const LoRaWANBand_t*, uint8_t)	40	static
../Core/Src/RadioLib/protocols/LoRaWAN/LoRaWAN.cpp:44:9:virtual int16_t LoRaWANNode::sendReceive(const char*, uint8_t, bool, LoRaWANEvent_t*, LoRaWANEvent_t*)	312	static
../Core/Src/RadioLib/protocols/LoRaWAN/LoRaWAN.cpp:53:9:virtual int16_t LoRaWANNode::sendReceive(const char*, uint8_t, uint8_t*, size_t*, bool, LoRaWANEvent_t*, LoRaWANEvent_t*)	56	static
../Core/Src/RadioLib/protocols/LoRaWAN/LoRaWAN.cpp:57:9:virtual int16_t LoRaWANNode::sendReceive(const uint8_t*, size_t, uint8_t, bool, LoRaWANEvent_t*, LoRaWANEvent_t*)	312	static
../Core/Src/RadioLib/protocols/LoRaWAN/LoRaWAN.cpp:66:9:virtual int16_t LoRaWANNode::sendReceive(const uint8_t*, size_t, uint8_t, uint8_t*, size_t*, bool, LoRaWANEvent_t*, LoRaWANEvent_t*)	64	static
../Core/Src/RadioLib/protocols/LoRaWAN/LoRaWAN.cpp:253:6:void LoRaWANNode::clearNonces()	16	static
../Core/Src/RadioLib/protocols/LoRaWAN/LoRaWAN.cpp:262:10:uint8_t* LoRaWANNode::getBufferNonces()	24	static
../Core/Src/RadioLib/protocols/LoRaWAN/LoRaWAN.cpp:276:9:int16_t LoRaWANNode::setBufferNonces(const uint8_t*)	24	static
../Core/Src/RadioLib/protocols/LoRaWAN/LoRaWAN.cpp:313:6:void LoRaWANNode::clearSession()	16	static
../Core/Src/RadioLib/protocols/LoRaWAN/LoRaWAN.cpp:355:6:void LoRaWANNode::createSession()	56	static
../Core/Src/RadioLib/protocols/LoRaWAN/LoRaWAN.cpp:466:10:uint8_t* LoRaWANNode::getBufferSession()	24	static
../Core/Src/RadioLib/protocols/LoRaWAN/LoRaWAN.cpp:494:9:int16_t LoRaWANNode::setBufferSession(const uint8_t*)	112	static
../Core/Src/RadioLib/protocols/LoRaWAN/LoRaWAN.cpp:622:9:int16_t LoRaWANNode::beginOTAA(uint64_t, uint64_t, const uint8_t*, const uint8_t*)	24	static
../Core/Src/RadioLib/protocols/LoRaWAN/LoRaWAN.cpp:651:9:int16_t LoRaWANNode::beginABP(uint32_t, const uint8_t*, const uint8_t*, const uint8_t*, const uint8_t*)	24	static
../Core/Src/RadioLib/protocols/LoRaWAN/LoRaWAN.cpp:683:6:void LoRaWANNode::composeJoinRequest(uint8_t*)	32	static
../Core/Src/RadioLib/protocols/LoRaWAN/LoRaWAN.cpp:703:9:int16_t LoRaWANNode::processJoinAccept(LoRaWANJoinEvent_t*)	208	static
../Core/Src/RadioLib/protocols/LoRaWAN/LoRaWAN.cpp:891:9:virtual int16_t LoRaWANNode::activateOTAA(LoRaWANJoinEvent_t*)	56	static
../Core/Src/RadioLib/protocols/LoRaWAN/LoRaWAN.cpp:976:9:virtual int16_t LoRaWANNode::activateABP()	32	static
../Core/Src/RadioLib/protocols/LoRaWAN/LoRaWAN.cpp:1026:6:void LoRaWANNode::processCFList(const uint8_t*)	64	static
../Core/Src/RadioLib/protocols/LoRaWAN/LoRaWAN.cpp:1072:6:bool LoRaWANNode::isActivated()	16	static
../Core/Src/RadioLib/protocols/LoRaWAN/LoRaWAN.cpp:1076:9:int16_t LoRaWANNode::setClass(uint8_t)	32	static
../Core/Src/RadioLib/protocols/LoRaWAN/LoRaWAN.cpp:1105:9:int16_t LoRaWANNode::startMulticastSession(uint8_t, uint32_t, const uint8_t*, const uint8_t*, uint32_t, uint32_t, uint32_t, uint8_t)	24	static
../Core/Src/RadioLib/protocols/LoRaWAN/LoRaWAN.cpp:1157:6:void LoRaWANNode::stopMulticastSession()	16	static
../Core/Src/RadioLib/protocols/LoRaWAN/LoRaWAN.cpp:1161:9:int16_t LoRaWANNode::isValidUplink(size_t, uint8_t)	40	static
../Core/Src/RadioLib/protocols/LoRaWAN/LoRaWAN.cpp:1199:6:void LoRaWANNode::adrBackoff()	72	static
../Core/Src/RadioLib/protocols/LoRaWAN/LoRaWAN.cpp:1273:6:void LoRaWANNode::composeUplink(const uint8_t*, uint8_t, uint8_t*, uint8_t, bool)	80	static
../Core/Src/RadioLib/protocols/LoRaWAN/LoRaWAN.cpp:1346:6:void LoRaWANNode::micUplink(uint8_t*, size_t)	80	static
../Core/Src/RadioLib/protocols/LoRaWAN/LoRaWAN.cpp:1381:9:int16_t LoRaWANNode::transmitUplink(const LoRaWANChannel_t*, uint8_t*, uint8_t, bool)	112	static
../Core/Src/RadioLib/protocols/LoRaWAN/LoRaWAN.cpp:1474:13:void LoRaWANNodeOnDownlinkAction()	4	static
../Core/Src/RadioLib/protocols/LoRaWAN/LoRaWAN.cpp:1478:9:int16_t LoRaWANNode::receiveClassA(uint8_t, const LoRaWANChannel_t*, uint8_t, RadioLibTime_t, RadioLibTime_t)	120	static
../Core/Src/RadioLib/protocols/LoRaWAN/LoRaWAN.cpp:1599:9:int16_t LoRaWANNode::receiveClassC(RadioLibTime_t)	64	static
../Core/Src/RadioLib/protocols/LoRaWAN/LoRaWAN.cpp:1692:9:virtual int16_t LoRaWANNode::receiveDownlink()	48	static
../Core/Src/RadioLib/protocols/LoRaWAN/LoRaWAN.cpp:1733:9:int16_t LoRaWANNode::parseDownlink(uint8_t*, size_t*, uint8_t, LoRaWANEvent_t*)	416	static
../Core/Src/RadioLib/protocols/LoRaWAN/LoRaWAN.cpp:2187:9:int16_t LoRaWANNode::getDownlinkClassC(uint8_t*, size_t*, LoRaWANEvent_t*)	40	static
../Core/Src/RadioLib/protocols/LoRaWAN/LoRaWAN.cpp:2219:6:bool LoRaWANNode::execMacCommand(uint8_t, uint8_t*, uint8_t)	40	static
../Core/Src/RadioLib/protocols/LoRaWAN/LoRaWAN.cpp:2224:6:bool LoRaWANNode::execMacCommand(uint8_t, uint8_t*, uint8_t, uint8_t*)	168	static
../Core/Src/RadioLib/protocols/LoRaWAN/LoRaWAN.cpp:2717:6:virtual bool LoRaWANNode::derivedMacHandler(uint8_t, uint8_t*, uint8_t, uint8_t*)	24	static
../Core/Src/RadioLib/protocols/LoRaWAN/LoRaWAN.cpp:2725:6:void LoRaWANNode::preprocessMacLinkAdr(uint8_t*, uint8_t, uint8_t*)	72	static
../Core/Src/RadioLib/protocols/LoRaWAN/LoRaWAN.cpp:2809:6:void LoRaWANNode::postprocessMacLinkAdr(uint8_t*, uint8_t)	32	static
../Core/Src/RadioLib/protocols/LoRaWAN/LoRaWAN.cpp:2821:9:int16_t LoRaWANNode::getMacCommand(uint8_t, LoRaWANMacCommand_t*)	32	static
../Core/Src/RadioLib/protocols/LoRaWAN/LoRaWAN.cpp:2833:9:virtual int16_t LoRaWANNode::derivedMacFinder(uint8_t, LoRaWANMacCommand_t*)	24	static
../Core/Src/RadioLib/protocols/LoRaWAN/LoRaWAN.cpp:2839:9:int16_t LoRaWANNode::sendMacCommandReq(uint8_t)	32	static
../Core/Src/RadioLib/protocols/LoRaWAN/LoRaWAN.cpp:2863:9:int16_t LoRaWANNode::getMacLinkCheckAns(uint8_t*, uint8_t*)	40	static
../Core/Src/RadioLib/protocols/LoRaWAN/LoRaWAN.cpp:2874:9:int16_t LoRaWANNode::getMacDeviceTimeAns(uint32_t*, uint16_t*, bool)	56	static
../Core/Src/RadioLib/protocols/LoRaWAN/LoRaWAN.cpp:2900:9:virtual int16_t LoRaWANNode::getMacLen(uint8_t, uint8_t*, uint8_t, bool, uint8_t*)	32	static
../Core/Src/RadioLib/protocols/LoRaWAN/LoRaWAN.cpp:2919:6:bool LoRaWANNode::isPersistentMacCommand(uint8_t, uint8_t)	24	static
../Core/Src/RadioLib/protocols/LoRaWAN/LoRaWAN.cpp:2936:9:int16_t LoRaWANNode::pushMacCommand(uint8_t, const uint8_t*, uint8_t*, uint8_t*, uint8_t)	48	static
../Core/Src/RadioLib/protocols/LoRaWAN/LoRaWAN.cpp:2953:9:int16_t LoRaWANNode::getMacPayload(uint8_t, const uint8_t*, uint8_t, uint8_t*, uint8_t)	56	static
../Core/Src/RadioLib/protocols/LoRaWAN/LoRaWAN.cpp:2981:9:int16_t LoRaWANNode::deleteMacCommand(uint8_t, uint8_t*, uint8_t*, uint8_t)	56	static
../Core/Src/RadioLib/protocols/LoRaWAN/LoRaWAN.cpp:3011:6:void LoRaWANNode::clearMacCommands(uint8_t*, uint8_t*, uint8_t)	48	static
../Core/Src/RadioLib/protocols/LoRaWAN/LoRaWAN.cpp:3037:9:int16_t LoRaWANNode::setDatarate(uint8_t)	32	static
../Core/Src/RadioLib/protocols/LoRaWAN/LoRaWAN.cpp:3059:9:int16_t LoRaWANNode::setTxPower(int8_t)	32	static
../Core/Src/RadioLib/protocols/LoRaWAN/LoRaWAN.cpp:3089:9:int16_t LoRaWANNode::setRx2Dr(uint8_t)	48	static
../Core/Src/RadioLib/protocols/LoRaWAN/LoRaWAN.cpp:3121:6:void LoRaWANNode::setADR(bool)	16	static
../Core/Src/RadioLib/protocols/LoRaWAN/LoRaWAN.cpp:3125:6:void LoRaWANNode::setDutyCycle(bool, RadioLibTime_t)	24	static
../Core/Src/RadioLib/protocols/LoRaWAN/LoRaWAN.cpp:3138:6:void LoRaWANNode::setDwellTime(bool, RadioLibTime_t)	24	static
../Core/Src/RadioLib/protocols/LoRaWAN/LoRaWAN.cpp:3151:6:void LoRaWANNode::setCSMA(bool, uint8_t, uint8_t, uint8_t)	16	static
../Core/Src/RadioLib/protocols/LoRaWAN/LoRaWAN.cpp:3165:6:void LoRaWANNode::setDeviceStatus(uint8_t)	16	static
../Core/Src/RadioLib/protocols/LoRaWAN/LoRaWAN.cpp:3169:6:void LoRaWANNode::scheduleTransmission(RadioLibTime_t)	16	static
../Core/Src/RadioLib/protocols/LoRaWAN/LoRaWAN.cpp:3174:10:uint32_t LoRaWANNode::getFCntUp()	16	static
../Core/Src/RadioLib/protocols/LoRaWAN/LoRaWAN.cpp:3181:10:uint32_t LoRaWANNode::getNFCntDown()	16	static
../Core/Src/RadioLib/protocols/LoRaWAN/LoRaWAN.cpp:3185:10:uint32_t LoRaWANNode::getAFCntDown()	16	static
../Core/Src/RadioLib/protocols/LoRaWAN/LoRaWAN.cpp:3189:10:uint32_t LoRaWANNode::getDevAddr()	16	static
../Core/Src/RadioLib/protocols/LoRaWAN/LoRaWAN.cpp:3193:16:RadioLibTime_t LoRaWANNode::getLastToA()	16	static
../Core/Src/RadioLib/protocols/LoRaWAN/LoRaWAN.cpp:3197:9:int16_t LoRaWANNode::setPhyProperties(const LoRaWANChannel_t*, uint8_t, int8_t, size_t)	56	static
../Core/Src/RadioLib/protocols/LoRaWAN/LoRaWAN.cpp:3277:6:bool LoRaWANNode::csmaChannelClear(uint8_t, uint8_t)	24	static
../Core/Src/RadioLib/protocols/LoRaWAN/LoRaWAN.cpp:3297:6:bool LoRaWANNode::cadChannelClear()	24	static
../Core/Src/RadioLib/protocols/LoRaWAN/LoRaWAN.cpp:3306:6:void LoRaWANNode::enableDefaultChannels(bool)	32	static
../Core/Src/RadioLib/protocols/LoRaWAN/LoRaWAN.cpp:3353:6:bool LoRaWANNode::calculateChannelFlags()	32	static
../Core/Src/RadioLib/protocols/LoRaWAN/LoRaWAN.cpp:3404:9:int16_t LoRaWANNode::selectChannels()	72	static
../Core/Src/RadioLib/protocols/LoRaWAN/LoRaWAN.cpp:3520:10:uint32_t LoRaWANNode::generateMIC(const uint8_t*, size_t, uint8_t*)	40	static
../Core/Src/RadioLib/protocols/LoRaWAN/LoRaWAN.cpp:3531:6:bool LoRaWANNode::verifyMIC(uint8_t*, size_t, uint8_t*)	32	static
../Core/Src/RadioLib/protocols/LoRaWAN/LoRaWAN.cpp:3552:16:RadioLibTime_t LoRaWANNode::dutyCycleInterval(RadioLibTime_t, RadioLibTime_t)	40	static
../Core/Src/RadioLib/protocols/LoRaWAN/LoRaWAN.cpp:3562:16:RadioLibTime_t LoRaWANNode::timeUntilUplink()	32	static
../Core/Src/RadioLib/protocols/LoRaWAN/LoRaWAN.cpp:3571:9:uint8_t LoRaWANNode::getMaxPayloadLen()	64	static
../Core/Src/RadioLib/protocols/LoRaWAN/LoRaWAN.cpp:3610:6:void LoRaWANNode::setSleepFunction(SleepCb_t)	16	static
../Core/Src/RadioLib/protocols/LoRaWAN/LoRaWAN.cpp:3614:9:int16_t LoRaWANNode::addAppPackage(uint8_t, PackageCb_t)	24	static
../Core/Src/RadioLib/protocols/LoRaWAN/LoRaWAN.cpp:3621:9:int16_t LoRaWANNode::addAppPackage(uint8_t, PackageCb_t, uint8_t)	24	static
../Core/Src/RadioLib/protocols/LoRaWAN/LoRaWAN.cpp:3641:9:int16_t LoRaWANNode::addNwkPackage(uint8_t)	16	static
../Core/Src/RadioLib/protocols/LoRaWAN/LoRaWAN.cpp:3653:6:void LoRaWANNode::removePackage(uint8_t)	16	static
../Core/Src/RadioLib/protocols/LoRaWAN/LoRaWAN.cpp:3662:6:void LoRaWANNode::processAES(const uint8_t*, size_t, uint8_t*, uint8_t*, uint32_t, uint32_t, uint8_t, uint8_t, bool)	80	static
../Core/Src/RadioLib/protocols/LoRaWAN/LoRaWAN.cpp:3707:6:void LoRaWANNode::sleepDelay(RadioLibTime_t, bool)	32	static
../Core/Src/RadioLib/protocols/LoRaWAN/LoRaWAN.cpp:3735:9:static int16_t LoRaWANNode::checkBufferCommon(const uint8_t*, uint16_t)	24	static
../Core/Src/RadioLib/protocols/LoRaWAN/LoRaWAN.cpp:3757:10:static uint16_t LoRaWANNode::checkSum16(const uint8_t*, uint16_t)	24	static
../Core/Src/RadioLib/protocols/LoRaWAN/LoRaWAN.h:1254:6:static void LoRaWANNode::hton(uint8_t*, T, size_t) [with T = short unsigned int]	40	static
../Core/Src/RadioLib/protocols/LoRaWAN/LoRaWAN.h:1254:6:static void LoRaWANNode::hton(uint8_t*, T, size_t) [with T = unsigned char]	40	static
../Core/Src/RadioLib/protocols/LoRaWAN/LoRaWAN.h:1240:3:static T LoRaWANNode::ntoh(const uint8_t*, size_t) [with T = short unsigned int]	32	static
../Core/Src/RadioLib/protocols/LoRaWAN/LoRaWAN.h:1240:3:static T LoRaWANNode::ntoh(const uint8_t*, size_t) [with T = unsigned char]	32	static
../Core/Src/RadioLib/protocols/LoRaWAN/LoRaWAN.h:1240:3:static T LoRaWANNode::ntoh(const uint8_t*, size_t) [with T = long unsigned int]	32	static
../Core/Src/RadioLib/protocols/LoRaWAN/LoRaWAN.h:1254:6:static void LoRaWANNode::hton(uint8_t*, T, size_t) [with T = long unsigned int]	40	static
../Core/Src/RadioLib/protocols/LoRaWAN/LoRaWAN.h:1254:6:static void LoRaWANNode::hton(uint8_t*, T, size_t) [with T = long long unsigned int]	48	static
