Archive member included to satisfy reference by file (symbol)

C:/ST/STM32CubeIDE_2.0.0/STM32CubeIDE/plugins/com.st.stm32cube.ide.mcu.externaltools.gnu-tools-for-stm32.13.3.rel1.win32_1.0.100.202509120712/tools/bin/../lib/gcc/arm-none-eabi/13.3.1/../../../../arm-none-eabi/lib/thumb/v7e-m+fp/hard\libc_nano.a(libc_a-exit.o)
                              C:/ST/STM32CubeIDE_2.0.0/STM32CubeIDE/plugins/com.st.stm32cube.ide.mcu.externaltools.gnu-tools-for-stm32.13.3.rel1.win32_1.0.100.202509120712/tools/bin/../lib/gcc/arm-none-eabi/13.3.1/../../../../arm-none-eabi/lib/thumb/v7e-m+fp/hard/crt0.o (exit)
C:/ST/STM32CubeIDE_2.0.0/STM32CubeIDE/plugins/com.st.stm32cube.ide.mcu.externaltools.gnu-tools-for-stm32.13.3.rel1.win32_1.0.100.202509120712/tools/bin/../lib/gcc/arm-none-eabi/13.3.1/../../../../arm-none-eabi/lib/thumb/v7e-m+fp/hard\libc_nano.a(libc_a-malloc.o)
                              ./Core/Src/app_logic.o (malloc)
C:/ST/STM32CubeIDE_2.0.0/STM32CubeIDE/plugins/com.st.stm32cube.ide.mcu.externaltools.gnu-tools-for-stm32.13.3.rel1.win32_1.0.100.202509120712/tools/bin/../lib/gcc/arm-none-eabi/13.3.1/../../../../arm-none-eabi/lib/thumb/v7e-m+fp/hard\libc_nano.a(libc_a-mallocr.o)
                              C:/ST/STM32CubeIDE_2.0.0/STM32CubeIDE/plugins/com.st.stm32cube.ide.mcu.externaltools.gnu-tools-for-stm32.13.3.rel1.win32_1.0.100.202509120712/tools/bin/../lib/gcc/arm-none-eabi/13.3.1/../../../../arm-none-eabi/lib/thumb/v7e-m+fp/hard\libc_nano.a(libc_a-malloc.o) (_malloc_r)
C:/ST/STM32CubeIDE_2.0.0/STM32CubeIDE/plugins/com.st.stm32cube.ide.mcu.externaltools.gnu-tools-for-stm32.13.3.rel1.win32_1.0.100.202509120712/tools/bin/../lib/gcc/arm-none-eabi/13.3.1/../../../../arm-none-eabi/lib/thumb/v7e-m+fp/hard\libc_nano.a(libc_a-mlock.o)
                              C:/ST/STM32CubeIDE_2.0.0/STM32CubeIDE/plugins/com.st.stm32cube.ide.mcu.externaltools.gnu-tools-for-stm32.13.3.rel1.win32_1.0.100.202509120712/tools/bin/../lib/gcc/arm-none-eabi/13.3.1/../../../../arm-none-eabi/lib/thumb/v7e-m+fp/hard\libc_nano.a(libc_a-mallocr.o) (__malloc_lock)
C:/ST/STM32CubeIDE_2.0.0/STM32CubeIDE/plugins/com.st.stm32cube.ide.mcu.externaltools.gnu-tools-for-stm32.13.3.rel1.win32_1.0.100.202509120712/tools/bin/../lib/gcc/arm-none-eabi/13.3.1/../../../../arm-none-eabi/lib/thumb/v7e-m+fp/hard\libc_nano.a(libc_a-findfp.o)
                              ./Middlewares/Third_Party/FreeRTOS/Source/tasks.o (__sf)
C:/ST/STM32CubeIDE_2.0.0/STM32CubeIDE/plugins/com.st.stm32cube.ide.mcu.externaltools.gnu-tools-for-stm32.13.3.rel1.win32_1.0.100.202509120712/tools/bin/../lib/gcc/arm-none-eabi/13.3.1/../../../../arm-none-eabi/lib/thumb/v7e-m+fp/hard\libc_nano.a(libc_a-fprintf.o)
                              ./Core/Src/rscode/berlekamp.o (fprintf)
C:/ST/STM32CubeIDE_2.0.0/STM32CubeIDE/plugins/com.st.stm32cube.ide.mcu.externaltools.gnu-tools-for-stm32.13.3.rel1.win32_1.0.100.202509120712/tools/bin/../lib/gcc/arm-none-eabi/13.3.1/../../../../arm-none-eabi/lib/thumb/v7e-m+fp/hard\libc_nano.a(libc_a-fwalk.o)
                              C:/ST/STM32CubeIDE_2.0.0/STM32CubeIDE/plugins/com.st.stm32cube.ide.mcu.externaltools.gnu-tools-for-stm32.13.3.rel1.win32_1.0.100.202509120712/tools/bin/../lib/gcc/arm-none-eabi/13.3.1/../../../../arm-none-eabi/lib/thumb/v7e-m+fp/hard\libc_nano.a(libc_a-findfp.o) (_fwalk_sglue)
C:/ST/STM32CubeIDE_2.0.0/STM32CubeIDE/plugins/com.st.stm32cube.ide.mcu.externaltools.gnu-tools-for-stm32.13.3.rel1.win32_1.0.100.202509120712/tools/bin/../lib/gcc/arm-none-eabi/13.3.1/../../../../arm-none-eabi/lib/thumb/v7e-m+fp/hard\libc_nano.a(libc_a-fwrite.o)
                              ./Core/Src/rscode/berlekamp.o (fwrite)
C:/ST/STM32CubeIDE_2.0.0/STM32CubeIDE/plugins/com.st.stm32cube.ide.mcu.externaltools.gnu-tools-for-stm32.13.3.rel1.win32_1.0.100.202509120712/tools/bin/../lib/gcc/arm-none-eabi/13.3.1/../../../../arm-none-eabi/lib/thumb/v7e-m+fp/hard\libc_nano.a(libc_a-printf.o)
                              ./Core/Src/COMMS_stateMachine.o (printf)
C:/ST/STM32CubeIDE_2.0.0/STM32CubeIDE/plugins/com.st.stm32cube.ide.mcu.externaltools.gnu-tools-for-stm32.13.3.rel1.win32_1.0.100.202509120712/tools/bin/../lib/gcc/arm-none-eabi/13.3.1/../../../../arm-none-eabi/lib/thumb/v7e-m+fp/hard\libc_nano.a(libc_a-putchar.o)
                              ./Core/Src/app.o (putchar)
C:/ST/STM32CubeIDE_2.0.0/STM32CubeIDE/plugins/com.st.stm32cube.ide.mcu.externaltools.gnu-tools-for-stm32.13.3.rel1.win32_1.0.100.202509120712/tools/bin/../lib/gcc/arm-none-eabi/13.3.1/../../../../arm-none-eabi/lib/thumb/v7e-m+fp/hard\libc_nano.a(libc_a-puts.o)
                              ./Core/Src/COMMS_stateMachine.o (puts)
C:/ST/STM32CubeIDE_2.0.0/STM32CubeIDE/plugins/com.st.stm32cube.ide.mcu.externaltools.gnu-tools-for-stm32.13.3.rel1.win32_1.0.100.202509120712/tools/bin/../lib/gcc/arm-none-eabi/13.3.1/../../../../arm-none-eabi/lib/thumb/v7e-m+fp/hard\libc_nano.a(libc_a-stdio.o)
[...]
Memory Configuration

Name             Origin             Length             Attributes
RAM              0x20000000         0x00040000         xrw
RAM2             0x10000000         0x00010000         xrw
FLASH            0x08000000         0x00100000         xr
*default*        0x00000000         0xffffffff

Linker script and memory map

LOAD C:/ST/STM32CubeIDE_2.0.0/STM32CubeIDE/plugins/com.st.stm32cube.ide.mcu.externaltools.gnu-tools-for-stm32.13.3.rel1.win32_1.0.100.202509120712/tools/bin/../lib/gcc/arm-none-eabi/13.3.1/thumb/v7e-m+fp/hard/crti.o
LOAD C:/ST/STM32CubeIDE_2.0.0/STM32CubeIDE/plugins/com.st.stm32cube.ide.mcu.externaltools.gnu-tools-for-stm32.13.3.rel1.win32_1.0.100.202509120712/tools/bin/../lib/gcc/arm-none-eabi/13.3.1/thumb/v7e-m+fp/hard/crtbegin.o
LOAD C:/ST/STM32CubeIDE_2.0.0/STM32CubeIDE/plugins/com.st.stm32cube.ide.mcu.externaltools.gnu-tools-for-stm32.13.3.rel1.win32_1.0.100.202509120712/tools/bin/../lib/gcc/arm-none-eabi/13.3.1/../../../../arm-none-eabi/lib/thumb/v7e-m+fp/hard/crt0.o
LOAD ./Core/Src/COMMS_stateMachine.o
LOAD ./Core/Src/SX1268.o
LOAD ./Core/Src/app.o
LOAD ./Core/Src/app_logic.o
LOAD ./Core/Src/freertos.o
LOAD ./Core/Src/main.o
LOAD ./Core/Src/sha256.o
LOAD ./Core/Src/stm32l4xx_hal_msp.o
LOAD ./Core/Src/stm32l4xx_hal_timebase_tim.o
LOAD ./Core/Src/stm32l4xx_it.o
LOAD ./Core/Src/syscalls.o
LOAD ./Core/Src/sysmem.o
LOAD ./Core/Src/system_stm32l4xx.o
LOAD ./Core/Src/rscode/berlekamp.o
LOAD ./Core/Src/rscode/crcgen.o
LOAD ./Core/Src/rscode/galois.o
LOAD ./Core/Src/rscode/rs.o
LOAD ./Core/Startup/startup_stm32l496vgtx.o
LOAD ./Drivers/STM32L4xx_HAL_Driver/Src/stm32l4xx_hal.o
LOAD ./Drivers/STM32L4xx_HAL_Driver/Src/stm32l4xx_hal_cortex.o
LOAD ./Drivers/STM32L4xx_HAL_Driver/Src/stm32l4xx_hal_dma.o
LOAD ./Drivers/STM32L4xx_HAL_Driver/Src/stm32l4xx_hal_dma_ex.o
LOAD ./Drivers/STM32L4xx_HAL_Driver/Src/stm32l4xx_hal_exti.o
LOAD ./Drivers/STM32L4xx_HAL_Driver/Src/stm32l4xx_hal_flash.o
LOAD ./Drivers/STM32L4xx_HAL_Driver/Src/stm32l4xx_hal_flash_ex.o
LOAD ./Drivers/STM32L4xx_HAL_Driver/Src/stm32l4xx_hal_flash_ramfunc.o
LOAD ./Drivers/STM32L4xx_HAL_Driver/Src/stm32l4xx_hal_gpio.o
LOAD ./Drivers/STM32L4xx_HAL_Driver/Src/stm32l4xx_hal_i2c.o
LOAD ./Drivers/STM32L4xx_HAL_Driver/Src/stm32l4xx_hal_i2c_ex.o
LOAD ./Drivers/STM32L4xx_HAL_Driver/Src/stm32l4xx_hal_pwr.o
LOAD ./Drivers/STM32L4xx_HAL_Driver/Src/stm32l4xx_hal_pwr_ex.o
LOAD ./Drivers/STM32L4xx_HAL_Driver/Src/stm32l4xx_hal_rcc.o
LOAD ./Drivers/STM32L4xx_HAL_Driver/Src/stm32l4xx_hal_rcc_ex.o
LOAD ./Drivers/STM32L4xx_HAL_Driver/Src/stm32l4xx_hal_spi.o
LOAD ./Drivers/STM32L4xx_HAL_Driver/Src/stm32l4xx_hal_spi_ex.o
LOAD ./Drivers/STM32L4xx_HAL_Driver/Src/stm32l4xx_hal_tim.o
LOAD ./Drivers/STM32L4xx_HAL_Driver/Src/stm32l4xx_hal_tim_ex.o
LOAD ./Middlewares/Third_Party/FreeRTOS/Source/CMSIS_RTOS_V2/cmsis_os2.o
LOAD ./Middlewares/Third_Party/FreeRTOS/Source/croutine.o
LOAD ./Middlewares/Third_Party/FreeRTOS/Source/event_groups.o
LOAD ./Middlewares/Third_Party/FreeRTOS/Source/list.o
LOAD ./Middlewares/Third_Party/FreeRTOS/Source/queue.o
LOAD ./Middlewares/Third_Party/FreeRTOS/Source/stream_buffer.o
LOAD ./Middlewares/Third_Party/FreeRTOS/Source/tasks.o
LOAD ./Middlewares/Third_Party/FreeRTOS/Source/timers.o
LOAD ./Middlewares/Third_Party/FreeRTOS/Source/portable/GCC/ARM_CM4F/port.o
LOAD ./Middlewares/Third_Party/FreeRTOS/Source/portable/MemMang/heap_4.o
START GROUP
LOAD C:/ST/STM32CubeIDE_2.0.0/STM32CubeIDE/plugins/com.st.stm32cube.ide.mcu.externaltools.gnu-tools-for-stm32.13.3.rel1.win32_1.0.100.202509120712/tools/bin/../lib/gcc/arm-none-eabi/13.3.1/../../../../arm-none-eabi/lib/thumb/v7e-m+fp/hard\libstdc++_nano.a
LOAD C:/ST/STM32CubeIDE_2.0.0/STM32CubeIDE/plugins/com.st.stm32cube.ide.mcu.externaltools.gnu-tools-for-stm32.13.3.rel1.win32_1.0.100.202509120712/tools/bin/../lib/gcc/arm-none-eabi/13.3.1/../../../../arm-none-eabi/lib/thumb/v7e-m+fp/hard\libsupc++_nano.a
END GROUP
LOAD C:/ST/STM32CubeIDE_2.0.0/STM32CubeIDE/plugins/com.st.stm32cube.ide.mcu.externaltools.gnu-tools-for-stm32.13.3.rel1.win32_1.0.100.202509120712/tools/bin/../lib/gcc/arm-none-eabi/13.3.1/../../../../arm-none-eabi/lib/thumb/v7e-m+fp/hard\libstdc++_nano.a
LOAD C:/ST/STM32CubeIDE_2.0.0/STM32CubeIDE/plugins/com.st.stm32cube.ide.mcu.externaltools.gnu-tools-for-stm32.13.3.rel1.win32_1.0.100.202509120712/tools/bin/../lib/gcc/arm-none-eabi/13.3.1/../../../../arm-none-eabi/lib/thumb/v7e-m+fp/hard\libm.a
LOAD C:/ST/STM32CubeIDE_2.0.0/STM32CubeIDE/plugins/com.st.stm32cube.ide.mcu.externaltools.gnu-tools-for-stm32.13.3.rel1.win32_1.0.100.202509120712/tools/bin/../lib/gcc/arm-none-eabi/13.3.1/../../../../arm-none-eabi/lib/thumb/v7e-m+fp/hard\libc_nano.a
START GROUP
LOAD C:/ST/STM32CubeIDE_2.0.0/STM32CubeIDE/plugins/com.st.stm32cube.ide.mcu.externaltools.gnu-tools-for-stm32.13.3.rel1.win32_1.0.100.202509120712/tools/bin/../lib/gcc/arm-none-eabi/13.3.1/thumb/v7e-m+fp/hard\libgcc.a
LOAD C:/ST/STM32CubeIDE_2.0.0/STM32CubeIDE/plugins/com.st.stm32cube.ide.mcu.externaltools.gnu-tools-for-stm32.13.3.rel1.win32_1.0.100.202509120712/tools/bin/../lib/gcc/arm-none-eabi/13.3.1/../../../../arm-none-eabi/lib/thumb/v7e-m+fp/hard\libc_nano.a
END GROUP
START GROUP
LOAD C:/ST/STM32CubeIDE_2.0.0/STM32CubeIDE/plugins/com.st.stm32cube.ide.mcu.externaltools.gnu-tools-for-stm32.13.3.rel1.win32_1.0.100.202509120712/tools/bin/../lib/gcc/arm-none-eabi/13.3.1/thumb/v7e-m+fp/hard\libgcc.a
LOAD C:/ST/STM32CubeIDE_2.0.0/STM32CubeIDE/plugins/com.st.stm32cube.ide.mcu.externaltools.gnu-tools-for-stm32.13.3.rel1.win32_1.0.100.202509120712/tools/bin/../lib/gcc/arm-none-eabi/13.3.1/../../../../arm-none-eabi/lib/thumb/v7e-m+fp/hard\libc_nano.a
END GROUP
LOAD C:/ST/STM32CubeIDE_2.0.0/STM32CubeIDE/plugins/com.st.stm32cube.ide.mcu.externaltools.gnu-tools-for-stm32.13.3.rel1.win32_1.0.100.202509120712/tools/bin/../lib/gcc/arm-none-eabi/13.3.1/thumb/v7e-m+fp/hard/crtend.o
LOAD C:/ST/STM32CubeIDE_2.0.0/STM32CubeIDE/plugins/com.st.stm32cube.ide.mcu.externaltools.gnu-tools-for-stm32.13.3.rel1.win32_1.0.100.202509120712/tools/bin/../lib/gcc/arm-none-eabi/13.3.1/thumb/v7e-m+fp/hard/crtn.o
                0x20040000                        _estack = (ORIGIN (RAM) + LENGTH (RAM))
                0x00000200                        _Min_Heap_Size = 0x200
                0x00000400                        _Min_Stack_Size = 0x400

.isr_vector     0x08000000      0x1ac
                0x08000000                        . = ALIGN (0x4)
 *(.isr_vector)
 .isr_vector    0x08000000      0x1ac ./Core/Startup/startup_stm32l496vgtx.o
                0x08000000                g_pfnVectors
                0x080001ac                        . = ALIGN (0x4)

.text           0x080001b0     0xb4e8
                0x080001b0                        . = ALIGN (0x4)
 *(.text)
 .text          0x080001b0       0x40 C:/ST/STM32CubeIDE_2.0.0/STM32CubeIDE/plugins/com.st.stm32cube.ide.mcu.externaltools.gnu-tools-for-stm32.13.3.rel1.win32_1.0.100.202509120712/tools/bin/../lib/gcc/arm-none-eabi/13.3.1/thumb/v7e-m+fp/hard/crtbegin.o
 .text          0x080001f0       0xa0 C:/ST/STM32CubeIDE_2.0.0/STM32CubeIDE/plugins/com.st.stm32cube.ide.mcu.externaltools.gnu-tools-for-stm32.13.3.rel1.win32_1.0.100.202509120712/tools/bin/../lib/gcc/arm-none-eabi/13.3.1/../../../../arm-none-eabi/lib/thumb/v7e-m+fp/hard\libc_nano.a(libc_a-memchr.o)
                0x080001f0                memchr
 .text          0x08000290      0x378 C:/ST/STM32CubeIDE_2.0.0/STM32CubeIDE/plugins/com.st.stm32cube.ide.mcu.externaltools.gnu-tools-for-stm32.13.3.rel1.win32_1.0.100.202509120712/tools/bin/../lib/gcc/arm-none-eabi/13.3.1/thumb/v7e-m+fp/hard\libgcc.a(_arm_addsubdf3.o)
                0x08000290                __aeabi_drsub
                0x08000298                __aeabi_dsub
                0x08000298                __subdf3
                0x0800029c                __aeabi_dadd
                0x0800029c                __adddf3
                0x08000514                __floatunsidf
                0x08000514                __aeabi_ui2d
                0x08000534                __floatsidf
                0x08000534                __aeabi_i2d
                0x08000558                __aeabi_f2d
                0x08000558                __extendsfdf2
                0x0800059c                __floatundidf
                0x0800059c                __aeabi_ul2d
                0x080005ac                __floatdidf
                0x080005ac                __aeabi_l2d
 .text          0x08000608      0x424 C:/ST/STM32CubeIDE_2.0.0/STM32CubeIDE/plugins/com.st.stm32cube.ide.mcu.externaltools.gnu-tools-for-stm32.13.3.rel1.win32_1.0.100.202509120712/tools/bin/../lib/gcc/arm-none-eabi/13.3.1/thumb/v7e-m+fp/hard\libgcc.a(_arm_muldivdf3.o)
                0x08000608                __aeabi_dmul
                0x08000608                __muldf3
                0x0800085c                __divdf3
                0x0800085c                __aeabi_ddiv
 .text          0x08000a2c       0x40 C:/ST/STM32CubeIDE_2.0.0/STM32CubeIDE/plugins/com.st.stm32cube.ide.mcu.externaltools.gnu-tools-for-stm32.13.3.rel1.win32_1.0.100.202509120712/tools/bin/../lib/gcc/arm-none-eabi/13.3.1/thumb/v7e-m+fp/hard\libgcc.a(_arm_fixunsdfsi.o)
                0x08000a2c                __aeabi_d2uiz
                0x08000a2c                __fixunsdfsi
 *(.text*)
 .text._Z18COMMS_stateMachinePv
                0x08000a6c      0x430 ./Core/Src/COMMS_stateMachine.o
                0x08000a6c                COMMS_stateMachine(void*)
 .text._ZN6SX1268C2EP19__SPI_HandleTypeDefP12GPIO_TypeDeftS3_tS3_tS3_t
                0x08000e9c       0x5e ./Core/Src/SX1268.o
                0x08000e9c                SX1268::SX1268(__SPI_HandleTypeDef*, GPIO_TypeDef*, unsigned short, GPIO_TypeDef*, unsigned short, GPIO_TypeDef*, unsigned short, GPIO_TypeDef*, unsigned short)
                0x08000e9c                SX1268::SX1268(__SPI_HandleTypeDef*, GPIO_TypeDef*, unsigned short, GPIO_TypeDef*, unsigned short, GPIO_TypeDef*, unsigned short, GPIO_TypeDef*, unsigned short)
 *fill*         0x08000efa        0x2 
 .text._ZN6SX12685beginEffhhtatfb
                0x08000efc      0x25c ./Core/Src/SX1268.o
                0x08000efc                SX1268::begin(float, float, unsigned char, unsigned char, unsigned short, signed char, unsigned short, float, bool)
 .text._ZN6SX126812startReceiveEv
                0x08001158       0x60 ./Core/Src/SX1268.o
                0x08001158                SX1268::startReceive()
 .text._ZN6SX12688readDataEPhh
                0x080011b8       0x86 ./Core/Src/SX1268.o
                0x080011b8                SX1268::readData(unsigned char*, unsigned char)
 .text._ZN6SX126813startTransmitEPhh
                0x0800123e       0x8e ./Core/Src/SX1268.o
                0x0800123e                SX1268::startTransmit(unsigned char*, unsigned char)
 .text._ZN6SX126815getPacketLengthEv
                0x080012cc       0x2a ./Core/Src/SX1268.o
                0x080012cc                SX1268::getPacketLength()
 *fill*         0x080012f6        0x2 
 .text._ZN6SX126812setFrequencyEf
                0x080012f8       0xa0 ./Core/Src/SX1268.o
                0x080012f8                SX1268::setFrequency(float)
 .text._ZN6SX126812setBandwidthEf
                0x08001398       0x70 ./Core/Src/SX1268.o
                0x08001398                SX1268::setBandwidth(float)
 .text._ZN6SX126818setSpreadingFactorEh
                0x08001408       0x70 ./Core/Src/SX1268.o
                0x08001408                SX1268::setSpreadingFactor(unsigned char)
 .text._ZN6SX126813setCodingRateEh
                0x08001478       0x74 ./Core/Src/SX1268.o
                0x08001478                SX1268::setCodingRate(unsigned char)
 .text._ZN6SX126814setOutputPowerEa
                0x080014ec       0x30 ./Core/Src/SX1268.o
                0x080014ec                SX1268::setOutputPower(signed char)
 .text._ZN6SX12687getRSSIEv
                0x0800151c       0x34 ./Core/Src/SX1268.o
                0x0800151c                SX1268::getRSSI()
 .text._ZN6SX12686getSNREv
                0x08001550       0x34 ./Core/Src/SX1268.o
                0x08001550                SX1268::getSNR()
 .text._ZN6SX126817getFrequencyErrorEv
                0x08001584       0x1e ./Core/Src/SX1268.o
                0x08001584                SX1268::getFrequencyError()
 .text._ZN6SX126823setPacketReceivedActionEPFvvE
                0x080015a2       0x1c ./Core/Src/SX1268.o
                0x080015a2                SX1268::setPacketReceivedAction(void (*)())
 .text._ZN6SX126819setPacketSentActionEPFvvE
                0x080015be       0x1c ./Core/Src/SX1268.o
                0x080015be                SX1268::setPacketSentAction(void (*)())
 .text._ZN6SX12687hwResetEv
                0x080015da       0x3c ./Core/Src/SX1268.o
                0x080015da                SX1268::hwReset()
 .text._ZN6SX12688waitBusyEm
                0x08001616       0x5c ./Core/Src/SX1268.o
                0x08001616                SX1268::waitBusy(unsigned long)
 .text._ZN6SX12686nssLowEv
                0x08001672       0x20 ./Core/Src/SX1268.o
                0x08001672                SX1268::nssLow()
 .text._ZN6SX12687nssHighEv
                0x08001692       0x20 ./Core/Src/SX1268.o
                0x08001692                SX1268::nssHigh()
 .text._ZN6SX12688spiWriteEhPKht
                0x080016b2       0x56 ./Core/Src/SX1268.o
                0x080016b2                SX1268::spiWrite(unsigned char, unsigned char const*, unsigned short)
 .text._ZN6SX12687spiReadEhPht
                0x08001708       0x6a ./Core/Src/SX1268.o
                0x08001708                SX1268::spiRead(unsigned char, unsigned char*, unsigned short)
 .text._ZN6SX126813writeRegisterEth
                0x08001772       0x66 ./Core/Src/SX1268.o
                0x08001772                SX1268::writeRegister(unsigned short, unsigned char)
 .text._ZN6SX126811writeBufferEhPKhh
                0x080017d8       0x6a ./Core/Src/SX1268.o
                0x080017d8                SX1268::writeBuffer(unsigned char, unsigned char const*, unsigned char)
 .text._ZN6SX126810readBufferEhPhh
                0x08001842       0x7e ./Core/Src/SX1268.o
                0x08001842                SX1268::readBuffer(unsigned char, unsigned char*, unsigned char)
 .text._ZN6SX126810setStandbyEh
                0x080018c0       0x20 ./Core/Src/SX1268.o
                0x080018c0                SX1268::setStandby(unsigned char)
 .text._ZN6SX126815setPacketParamsEthhhh
                0x080018e0       0x60 ./Core/Src/SX1268.o
                0x080018e0                SX1268::setPacketParams(unsigned short, unsigned char, unsigned char, unsigned char, unsigned char)
 .text._ZN6SX126819setModulationParamsEhhhh
                0x08001940       0x4a ./Core/Src/SX1268.o
                0x08001940                SX1268::setModulationParams(unsigned char, unsigned char, unsigned char, unsigned char)
 .text._ZN6SX126815setDioIrqParamsEtttt
                0x0800198a       0x5a ./Core/Src/SX1268.o
                0x0800198a                SX1268::setDioIrqParams(unsigned short, unsigned short, unsigned short, unsigned short)
 .text._ZN6SX126814clearIrqStatusEt
                0x080019e4       0x32 ./Core/Src/SX1268.o
                0x080019e4                SX1268::clearIrqStatus(unsigned short)
 .text._ZN6SX126812getIrqStatusEv
                0x08001a16       0x34 ./Core/Src/SX1268.o
                0x08001a16                SX1268::getIrqStatus()
 .text._ZN6SX126820setBufferBaseAddressEhh
                0x08001a4a       0x2e ./Core/Src/SX1268.o
                0x08001a4a                SX1268::setBufferBaseAddress(unsigned char, unsigned char)
 .text._ZN6SX126817getRxBufferStatusERhS0_
                0x08001a78       0x32 ./Core/Src/SX1268.o
                0x08001a78                SX1268::getRxBufferStatus(unsigned char&, unsigned char&)
 .text._ZN6SX126815getPacketStatusERfS0_
                0x08001aaa       0x56 ./Core/Src/SX1268.o
                0x08001aaa                SX1268::getPacketStatus(float&, float&)
 .text._ZN6SX126812mapBandwidthEf
                0x08001b00       0xf4 ./Core/Src/SX1268.o
                0x08001b00                SX1268::mapBandwidth(float)
 .text._ZN6SX126813mapCodingRateEh
                0x08001bf4       0x28 ./Core/Src/SX1268.o
                0x08001bf4                SX1268::mapCodingRate(unsigned char)
 .text._ZN6SX12689needsLDROEhh
                0x08001c1c       0x3e ./Core/Src/SX1268.o
                0x08001c1c                SX1268::needsLDRO(unsigned char, unsigned char)
 .text._ZN6SX126824workaround_TxClampConfigEv
                0x08001c5a       0x1c ./Core/Src/SX1268.o
                0x08001c5a                SX1268::workaround_TxClampConfig()
 *fill*         0x08001c76        0x2 
 .text._Z13PowerUp_COMMSv
                0x08001c78       0x44 ./Core/Src/app.o
                0x08001c78                PowerUp_COMMS()
 .text.app_OBC_loop
                0x08001cbc       0xa8 ./Core/Src/app.o
                0x08001cbc                app_OBC_loop
 .text._Z41__static_initialization_and_destruction_0v
                0x08001d64       0x48 ./Core/Src/app.o
 .text._GLOBAL__sub_I_radio
                0x08001dac        0xa ./Core/Src/app.o
 *fill*         0x08001db6        0x2 
 .text._Z19printStartupMessagePKc
                0x08001db8       0x2c ./Core/Src/app_logic.o
                0x08001db8                printStartupMessage(char const*)
 .text._Z16printRadioStatussb
                0x08001de4       0x64 ./Core/Src/app_logic.o
                0x08001de4                printRadioStatus(short, bool)
 .text._Z9printDataPKcPKhh
                0x08001e48       0x5c ./Core/Src/app_logic.o
                0x08001e48                printData(char const*, unsigned char const*, unsigned char)
 .text._Z11printPacketPKcPK6Packet
                0x08001ea4       0xec ./Core/Src/app_logic.o
                0x08001ea4                printPacket(char const*, Packet const*)
 .text._Z7setUNIXm
                0x08001f90       0x3c ./Core/Src/app_logic.o
                0x08001f90                setUNIX(unsigned long)
 .text._Z7getUNIXv
                0x08001fcc       0x24 ./Core/Src/app_logic.o
                0x08001fcc                getUNIX()
 .text._Z7makeMACPK6PacketPm
                0x08001ff0       0xd4 ./Core/Src/app_logic.o
                0x08001ff0                makeMAC(Packet const*, unsigned long*)
 .text._Z17writeFloatToBytesfPh
                0x080020c4       0x48 ./Core/Src/app_logic.o
                0x080020c4                writeFloatToBytes(float, unsigned char*)
 .text._Z11packetEventv
                0x0800210c       0x48 ./Core/Src/app_logic.o
                0x0800210c                packetEvent()
 .text._Z14startReceptionv
                0x08002154       0x34 ./Core/Src/app_logic.o
                0x08002154                startReception()
 .text._Z17startTransmissionPhh
                0x08002188       0x48 ./Core/Src/app_logic.o
                0x08002188                startTransmission(unsigned char*, unsigned char)
 .text._ZN6Packet4initEbh
                0x080021d0       0x6e ./Core/Src/app_logic.o
                0x080021d0                Packet::init(bool, unsigned char)
 .text._ZN6Packet10setPayloadEPKhh
                0x0800223e       0x38 ./Core/Src/app_logic.o
                0x0800223e                Packet::setPayload(unsigned char const*, unsigned char)
 .text._ZN6Packet4sealEv
                0x08002276       0x40 ./Core/Src/app_logic.o
                0x08002276                Packet::seal()
 .text._Z12dataToPacketPKhhP6Packet
                0x080022b6      0x182 ./Core/Src/app_logic.o
                0x080022b6                dataToPacket(unsigned char const*, unsigned char, Packet*)
 .text._Z12packetToDataPK6PacketPh
                0x08002438       0xea ./Core/Src/app_logic.o
                0x08002438                packetToData(Packet const*, unsigned char*)
 .text._Z16isDataECCEnabledPKhh
                0x08002522       0x32 ./Core/Src/app_logic.o
                0x08002522                isDataECCEnabled(unsigned char const*, unsigned char)
 .text._Z9encodeECCPhRh
                0x08002554      0x1a8 ./Core/Src/app_logic.o
                0x08002554                encodeECC(unsigned char*, unsigned char&)
 .text._Z9decodeECCPhRh
                0x080026fc      0x170 ./Core/Src/app_logic.o
                0x080026fc                decodeECC(unsigned char*, unsigned char&)
 .text._Z10executeTECPK6Packet
                0x0800286c      0x53c ./Core/Src/app_logic.o
                0x0800286c                executeTEC(Packet const*)
 .text._Z5isTECh
                0x08002da8       0x48 ./Core/Src/app_logic.o
                0x08002da8                isTEC(unsigned char)
 .text._Z11isACKNeededPK6Packet
                0x08002df0       0x22 ./Core/Src/app_logic.o
                0x08002df0                isACKNeeded(Packet const*)
 .text._Z17isACKNeededBeforePK6Packet
                0x08002e12       0x26 ./Core/Src/app_logic.o
                0x08002e12                isACKNeededBefore(Packet const*)
 .text._Z7sendACKbh
                0x08002e38       0x54 ./Core/Src/app_logic.o
                0x08002e38                sendACK(bool, unsigned char)
 .text._Z8sendNACKbha
                0x08002e8c       0x60 ./Core/Src/app_logic.o
                0x08002e8c                sendNACK(bool, unsigned char, signed char)
 .text._Z18queueDelayedPacketP15tmrTimerControl
                0x08002eec       0x94 ./Core/Src/app_logic.o
                0x08002eec                queueDelayedPacket(tmrTimerControl*)
 .text._Z20createDelayedCommandPK6PacketPFvP15tmrTimerControlEmPFvPS_EPS3_PKc
                0x08002f80       0xe0 ./Core/Src/app_logic.o
                0x08002f80                createDelayedCommand(Packet const*, void (*)(tmrTimerControl*), unsigned long, void (*)(Packet*), tmrTimerControl**, char const*)
 .text._Z19deleteTimerIfExistsPP15tmrTimerControlPKc
                0x08003060       0x7c ./Core/Src/app_logic.o
                0x08003060                deleteTimerIfExists(tmrTimerControl**, char const*)
 .text._Z20editDelayedLoraStateP6Packet
                0x080030dc       0x36 ./Core/Src/app_logic.o
                0x080030dc                editDelayedLoraState(Packet*)
 *fill*         0x08003112        0x2 
 .text._Z21editDelayedLoraConfigP6Packet
                0x08003114       0xcc ./Core/Src/app_logic.o
                0x08003114                editDelayedLoraConfig(Packet*)
 .text.ITM_SendChar
                0x080031e0       0x4e ./Core/Src/main.o
 .text._write   0x0800322e       0x38 ./Core/Src/main.o
                0x0800322e                _write
 *fill*         0x08003266        0x2 
 .text.main     0x08003268       0x3c ./Core/Src/main.o
                0x08003268                main
 .text.SystemClock_Config
                0x080032a4       0x8c ./Core/Src/main.o
                0x080032a4                SystemClock_Config
 .text.MX_SPI1_Init
                0x08003330       0x7c ./Core/Src/main.o
 .text.MX_GPIO_Init
                0x080033ac       0xfc ./Core/Src/main.o
 .text.StartOBCTask
                0x080034a8       0x24 ./Core/Src/main.o
                0x080034a8                StartOBCTask
 .text.HAL_TIM_PeriodElapsedCallback
                0x080034cc       0x24 ./Core/Src/main.o
                0x080034cc                HAL_TIM_PeriodElapsedCallback
 .text.Error_Handler
                0x080034f0        0xc ./Core/Src/main.o
                0x080034f0                Error_Handler
 .text.sha256_transform
                0x080034fc      0x414 ./Core/Src/sha256.o
                0x080034fc                sha256_transform
 .text.sha256_init
                0x08003910       0x78 ./Core/Src/sha256.o
                0x08003910                sha256_init
 .text.sha256_update
                0x08003988       0x96 ./Core/Src/sha256.o
                0x08003988                sha256_update
 .text.sha256_final
                0x08003a1e      0x29e ./Core/Src/sha256.o
                0x08003a1e                sha256_final
 .text.hmac_sha256
                0x08003cbc      0x1c0 ./Core/Src/sha256.o
                0x08003cbc                hmac_sha256
 .text.HAL_MspInit
                0x08003e7c       0x50 ./Core/Src/stm32l4xx_hal_msp.o
                0x08003e7c                HAL_MspInit
 .text.HAL_SPI_MspInit
                0x08003ecc       0x84 ./Core/Src/stm32l4xx_hal_msp.o
                0x08003ecc                HAL_SPI_MspInit
 .text.HAL_InitTick
                0x08003f50       0xf4 ./Core/Src/stm32l4xx_hal_timebase_tim.o
                0x08003f50                HAL_InitTick
 .text.NMI_Handler
                0x08004044        0x8 ./Core/Src/stm32l4xx_it.o
                0x08004044                NMI_Handler
 .text.HardFault_Handler
                0x0800404c        0x8 ./Core/Src/stm32l4xx_it.o
                0x0800404c                HardFault_Handler
 .text.MemManage_Handler
                0x08004054        0x8 ./Core/Src/stm32l4xx_it.o
                0x08004054                MemManage_Handler
 .text.BusFault_Handler
                0x0800405c        0x8 ./Core/Src/stm32l4xx_it.o
                0x0800405c                BusFault_Handler
 .text.UsageFault_Handler
                0x08004064        0x8 ./Core/Src/stm32l4xx_it.o
                0x08004064                UsageFault_Handler
 .text.DebugMon_Handler
                0x0800406c        0xe ./Core/Src/stm32l4xx_it.o
                0x0800406c                DebugMon_Handler
 *fill*         0x0800407a        0x2 
 .text.TIM6_DAC_IRQHandler
                0x0800407c       0x14 ./Core/Src/stm32l4xx_it.o
                0x0800407c                TIM6_DAC_IRQHandler
 .text._read    0x08004090       0x3a ./Core/Src/syscalls.o
                0x08004090                _read
 .text._close   0x080040ca       0x18 ./Core/Src/syscalls.o
                0x080040ca                _close
 .text._fstat   0x080040e2       0x20 ./Core/Src/syscalls.o
                0x080040e2                _fstat
 .text._isatty  0x08004102       0x16 ./Core/Src/syscalls.o
                0x08004102                _isatty
 .text._lseek   0x08004118       0x1a ./Core/Src/syscalls.o
                0x08004118                _lseek
 *fill*         0x08004132        0x2 
 .text._sbrk    0x08004134       0x6c ./Core/Src/sysmem.o
                0x08004134                _sbrk
 .text.SystemInit
                0x080041a0       0x24 ./Core/Src/system_stm32l4xx.o
                0x080041a0                SystemInit
 .text.Modified_Berlekamp_Massey
                0x080041c4      0x17c ./Core/Src/rscode/berlekamp.o
                0x080041c4                Modified_Berlekamp_Massey
 .text.compute_modified_omega
                0x08004340       0x54 ./Core/Src/rscode/berlekamp.o
 .text.mult_polys
                0x08004394      0x126 ./Core/Src/rscode/berlekamp.o
                0x08004394                mult_polys
 *fill*         0x080044ba        0x2 
 .text.init_gamma
                0x080044bc       0x88 ./Core/Src/rscode/berlekamp.o
 .text.compute_discrepancy
                0x08004544       0x56 ./Core/Src/rscode/berlekamp.o
 .text.add_polys
                0x0800459a       0x4a ./Core/Src/rscode/berlekamp.o
                0x0800459a                add_polys
 .text.copy_poly
                0x080045e4       0x3e ./Core/Src/rscode/berlekamp.o
                0x080045e4                copy_poly
 .text.scale_poly
                0x08004622       0x42 ./Core/Src/rscode/berlekamp.o
                0x08004622                scale_poly
 .text.zero_poly
                0x08004664       0x34 ./Core/Src/rscode/berlekamp.o
                0x08004664                zero_poly
 .text.mul_z_poly
                0x08004698       0x46 ./Core/Src/rscode/berlekamp.o
 *fill*         0x080046de        0x2 
 .text.Find_Roots
                0x080046e0       0xd8 ./Core/Src/rscode/berlekamp.o
                0x080046e0                Find_Roots
 .text.correct_errors_erasures
                0x080047b8      0x21c ./Core/Src/rscode/berlekamp.o
                0x080047b8                correct_errors_erasures
 .text.init_galois_tables
                0x080049d4        0xc ./Core/Src/rscode/galois.o
                0x080049d4                init_galois_tables
 .text.init_exp_table
                0x080049e0      0x11c ./Core/Src/rscode/galois.o
 .text.gmult    0x08004afc       0x50 ./Core/Src/rscode/galois.o
                0x08004afc                gmult
 .text.ginv     0x08004b4c       0x30 ./Core/Src/rscode/galois.o
                0x08004b4c                ginv
 .text.initialize_ecc
                0x08004b7c       0x18 ./Core/Src/rscode/rs.o
                0x08004b7c                initialize_ecc
 .text.build_codeword
                0x08004b94       0x70 ./Core/Src/rscode/rs.o
                0x08004b94                build_codeword
 .text.decode_data
                0x08004c04       0x74 ./Core/Src/rscode/rs.o
                0x08004c04                decode_data
 .text.check_syndrome
                0x08004c78       0x40 ./Core/Src/rscode/rs.o
                0x08004c78                check_syndrome
 .text.compute_genpoly
                0x08004cb8       0xbc ./Core/Src/rscode/rs.o
 .text.encode_data
                0x08004d74       0xe4 ./Core/Src/rscode/rs.o
                0x08004d74                encode_data
 .text.Reset_Handler
                0x08004e58       0x50 ./Core/Startup/startup_stm32l496vgtx.o
                0x08004e58                Reset_Handler
 .text.Default_Handler
                0x08004ea8        0x2 ./Core/Startup/startup_stm32l496vgtx.o
                0x08004ea8                RTC_Alarm_IRQHandler
                0x08004ea8                EXTI2_IRQHandler
                0x08004ea8                TIM8_TRG_COM_IRQHandler
                0x08004ea8                TIM8_CC_IRQHandler
                0x08004ea8                TIM1_CC_IRQHandler
                0x08004ea8                TSC_IRQHandler
                0x08004ea8                TAMP_STAMP_IRQHandler
                0x08004ea8                CAN2_RX1_IRQHandler
                0x08004ea8                EXTI3_IRQHandler
                0x08004ea8                LPTIM2_IRQHandler
                0x08004ea8                DFSDM1_FLT1_IRQHandler
                0x08004ea8                I2C3_ER_IRQHandler
                0x08004ea8                DFSDM1_FLT2_IRQHandler
                0x08004ea8                EXTI0_IRQHandler
                0x08004ea8                I2C2_EV_IRQHandler
                0x08004ea8                CAN1_RX0_IRQHandler
                0x08004ea8                FPU_IRQHandler
                0x08004ea8                TIM1_UP_TIM16_IRQHandler
                0x08004ea8                CAN2_SCE_IRQHandler
                0x08004ea8                ADC1_2_IRQHandler
                0x08004ea8                SPI1_IRQHandler
                0x08004ea8                DCMI_IRQHandler
                0x08004ea8                CAN2_RX0_IRQHandler
                0x08004ea8                TIM8_UP_IRQHandler
                0x08004ea8                DMA2_Channel2_IRQHandler
                0x08004ea8                DMA1_Channel4_IRQHandler
                0x08004ea8                SAI2_IRQHandler
                0x08004ea8                DFSDM1_FLT3_IRQHandler
                0x08004ea8                USART3_IRQHandler
                0x08004ea8                DMA1_Channel7_IRQHandler
                0x08004ea8                CAN1_RX1_IRQHandler
                0x08004ea8                LCD_IRQHandler
                0x08004ea8                UART5_IRQHandler
                0x08004ea8                ADC3_IRQHandler
                0x08004ea8                TIM4_IRQHandler
                0x08004ea8                DMA2_Channel1_IRQHandler
                0x08004ea8                QUADSPI_IRQHandler
                0x08004ea8                I2C1_EV_IRQHandler
                0x08004ea8                DMA1_Channel6_IRQHandler
                0x08004ea8                UART4_IRQHandler
                0x08004ea8                DMA2_Channel4_IRQHandler
                0x08004ea8                TIM3_IRQHandler
                0x08004ea8                RCC_IRQHandler
                0x08004ea8                DMA1_Channel1_IRQHandler
                0x08004ea8                Default_Handler
                0x08004ea8                DMA2_Channel7_IRQHandler
                0x08004ea8                EXTI15_10_IRQHandler
                0x08004ea8                TIM7_IRQHandler
                0x08004ea8                SDMMC1_IRQHandler
                0x08004ea8                CAN2_TX_IRQHandler
                0x08004ea8                TIM5_IRQHandler
                0x08004ea8                I2C3_EV_IRQHandler
                0x08004ea8                EXTI9_5_IRQHandler
                0x08004ea8                RTC_WKUP_IRQHandler
                0x08004ea8                PVD_PVM_IRQHandler
                0x08004ea8                SPI2_IRQHandler
                0x08004ea8                CAN1_TX_IRQHandler
                0x08004ea8                DMA2_Channel5_IRQHandler
                0x08004ea8                CRS_IRQHandler
                0x08004ea8                DMA1_Channel5_IRQHandler
                0x08004ea8                EXTI4_IRQHandler
                0x08004ea8                RNG_IRQHandler
                0x08004ea8                TIM1_TRG_COM_TIM17_IRQHandler
                0x08004ea8                DMA1_Channel3_IRQHandler
                0x08004ea8                COMP_IRQHandler
                0x08004ea8                WWDG_IRQHandler
                0x08004ea8                I2C4_EV_IRQHandler
                0x08004ea8                LPUART1_IRQHandler
                0x08004ea8                DMA2_Channel6_IRQHandler
                0x08004ea8                TIM2_IRQHandler
                0x08004ea8                EXTI1_IRQHandler
                0x08004ea8                USART2_IRQHandler
                0x08004ea8                DFSDM1_FLT0_IRQHandler
                0x08004ea8                I2C2_ER_IRQHandler
                0x08004ea8                DMA1_Channel2_IRQHandler
                0x08004ea8                TIM8_BRK_IRQHandler
                0x08004ea8                CAN1_SCE_IRQHandler
                0x08004ea8                FLASH_IRQHandler
                0x08004ea8                USART1_IRQHandler
                0x08004ea8                OTG_FS_IRQHandler
                0x08004ea8                SPI3_IRQHandler
                0x08004ea8                I2C1_ER_IRQHandler
                0x08004ea8                FMC_IRQHandler
                0x08004ea8                SWPMI1_IRQHandler
                0x08004ea8                LPTIM1_IRQHandler
                0x08004ea8                I2C4_ER_IRQHandler
                0x08004ea8                SAI1_IRQHandler
                0x08004ea8                DMA2_Channel3_IRQHandler
                0x08004ea8                TIM1_BRK_TIM15_IRQHandler
 .text.HAL_Init
                0x08004eaa       0x30 ./Drivers/STM32L4xx_HAL_Driver/Src/stm32l4xx_hal.o
                0x08004eaa                HAL_Init
 *fill*         0x08004eda        0x2 
 .text.HAL_IncTick
                0x08004edc       0x28 ./Drivers/STM32L4xx_HAL_Driver/Src/stm32l4xx_hal.o
                0x08004edc                HAL_IncTick
 .text.HAL_GetTick
                0x08004f04       0x18 ./Drivers/STM32L4xx_HAL_Driver/Src/stm32l4xx_hal.o
                0x08004f04                HAL_GetTick
 .text.HAL_Delay
                0x08004f1c       0x48 ./Drivers/STM32L4xx_HAL_Driver/Src/stm32l4xx_hal.o
                0x08004f1c                HAL_Delay
 .text.__NVIC_SetPriorityGrouping
                0x08004f64       0x48 ./Drivers/STM32L4xx_HAL_Driver/Src/stm32l4xx_hal_cortex.o
 .text.__NVIC_GetPriorityGrouping
                0x08004fac       0x1c ./Drivers/STM32L4xx_HAL_Driver/Src/stm32l4xx_hal_cortex.o
 .text.__NVIC_EnableIRQ
                0x08004fc8       0x3c ./Drivers/STM32L4xx_HAL_Driver/Src/stm32l4xx_hal_cortex.o
 .text.__NVIC_SetPriority
                0x08005004       0x54 ./Drivers/STM32L4xx_HAL_Driver/Src/stm32l4xx_hal_cortex.o
 .text.NVIC_EncodePriority
                0x08005058       0x66 ./Drivers/STM32L4xx_HAL_Driver/Src/stm32l4xx_hal_cortex.o
 *fill*         0x080050be        0x2 
 .text.__NVIC_SystemReset
                0x080050c0       0x2c ./Drivers/STM32L4xx_HAL_Driver/Src/stm32l4xx_hal_cortex.o
 .text.HAL_NVIC_SetPriorityGrouping
                0x080050ec       0x16 ./Drivers/STM32L4xx_HAL_Driver/Src/stm32l4xx_hal_cortex.o
                0x080050ec                HAL_NVIC_SetPriorityGrouping
 .text.HAL_NVIC_SetPriority
                0x08005102       0x38 ./Drivers/STM32L4xx_HAL_Driver/Src/stm32l4xx_hal_cortex.o
                0x08005102                HAL_NVIC_SetPriority
 .text.HAL_NVIC_EnableIRQ
                0x0800513a       0x1c ./Drivers/STM32L4xx_HAL_Driver/Src/stm32l4xx_hal_cortex.o
                0x0800513a                HAL_NVIC_EnableIRQ
 .text.HAL_NVIC_SystemReset
                0x08005156        0x8 ./Drivers/STM32L4xx_HAL_Driver/Src/stm32l4xx_hal_cortex.o
                0x08005156                HAL_NVIC_SystemReset
 *fill*         0x0800515e        0x2 
 .text.HAL_GPIO_Init
                0x08005160      0x324 ./Drivers/STM32L4xx_HAL_Driver/Src/stm32l4xx_hal_gpio.o
                0x08005160                HAL_GPIO_Init
 .text.HAL_GPIO_ReadPin
                0x08005484       0x30 ./Drivers/STM32L4xx_HAL_Driver/Src/stm32l4xx_hal_gpio.o
                0x08005484                HAL_GPIO_ReadPin
 .text.HAL_GPIO_WritePin
                0x080054b4       0x30 ./Drivers/STM32L4xx_HAL_Driver/Src/stm32l4xx_hal_gpio.o
                0x080054b4                HAL_GPIO_WritePin
 .text.HAL_PWREx_GetVoltageRange
                0x080054e4       0x1c ./Drivers/STM32L4xx_HAL_Driver/Src/stm32l4xx_hal_pwr_ex.o
                0x080054e4                HAL_PWREx_GetVoltageRange
 .text.HAL_PWREx_ControlVoltageScaling
                0x08005500       0xac ./Drivers/STM32L4xx_HAL_Driver/Src/stm32l4xx_hal_pwr_ex.o
                0x08005500                HAL_PWREx_ControlVoltageScaling
 .text.HAL_RCC_OscConfig
                0x080055ac      0x834 ./Drivers/STM32L4xx_HAL_Driver/Src/stm32l4xx_hal_rcc.o
                0x080055ac                HAL_RCC_OscConfig
 .text.HAL_RCC_ClockConfig
                0x08005de0      0x200 ./Drivers/STM32L4xx_HAL_Driver/Src/stm32l4xx_hal_rcc.o
                0x08005de0                HAL_RCC_ClockConfig
 .text.HAL_RCC_GetSysClockFreq
                0x08005fe0      0x118 ./Drivers/STM32L4xx_HAL_Driver/Src/stm32l4xx_hal_rcc.o
                0x08005fe0                HAL_RCC_GetSysClockFreq
 .text.HAL_RCC_GetHCLKFreq
                0x080060f8       0x18 ./Drivers/STM32L4xx_HAL_Driver/Src/stm32l4xx_hal_rcc.o
                0x080060f8                HAL_RCC_GetHCLKFreq
 .text.HAL_RCC_GetPCLK1Freq
                0x08006110       0x2c ./Drivers/STM32L4xx_HAL_Driver/Src/stm32l4xx_hal_rcc.o
                0x08006110                HAL_RCC_GetPCLK1Freq
 .text.HAL_RCC_GetClockConfig
                0x0800613c       0x64 ./Drivers/STM32L4xx_HAL_Driver/Src/stm32l4xx_hal_rcc.o
                0x0800613c                HAL_RCC_GetClockConfig
 .text.RCC_SetFlashLatencyFromMSIRange
                0x080061a0       0xc0 ./Drivers/STM32L4xx_HAL_Driver/Src/stm32l4xx_hal_rcc.o
 .text.HAL_SPI_Init
                0x08006260      0x146 ./Drivers/STM32L4xx_HAL_Driver/Src/stm32l4xx_hal_spi.o
                0x08006260                HAL_SPI_Init
 .text.HAL_SPI_Transmit
                0x080063a6      0x2ec ./Drivers/STM32L4xx_HAL_Driver/Src/stm32l4xx_hal_spi.o
                0x080063a6                HAL_SPI_Transmit
 .text.HAL_SPI_Receive
                0x08006692      0x270 ./Drivers/STM32L4xx_HAL_Driver/Src/stm32l4xx_hal_spi.o
                0x08006692                HAL_SPI_Receive
 .text.HAL_SPI_TransmitReceive
                0x08006902      0x43e ./Drivers/STM32L4xx_HAL_Driver/Src/stm32l4xx_hal_spi.o
                0x08006902                HAL_SPI_TransmitReceive
 .text.SPI_WaitFlagStateUntilTimeout
                0x08006d40      0x110 ./Drivers/STM32L4xx_HAL_Driver/Src/stm32l4xx_hal_spi.o
 .text.SPI_WaitFifoStateUntilTimeout
                0x08006e50      0x12c ./Drivers/STM32L4xx_HAL_Driver/Src/stm32l4xx_hal_spi.o
 .text.SPI_EndRxTransaction
                0x08006f7c       0xb0 ./Drivers/STM32L4xx_HAL_Driver/Src/stm32l4xx_hal_spi.o
 .text.SPI_EndRxTxTransaction
                0x0800702c       0x8c ./Drivers/STM32L4xx_HAL_Driver/Src/stm32l4xx_hal_spi.o
 .text.HAL_TIM_Base_Init
                0x080070b8       0xae ./Drivers/STM32L4xx_HAL_Driver/Src/stm32l4xx_hal_tim.o
                0x080070b8                HAL_TIM_Base_Init
 .text.HAL_TIM_Base_MspInit
                0x08007166       0x14 ./Drivers/STM32L4xx_HAL_Driver/Src/stm32l4xx_hal_tim.o
                0x08007166                HAL_TIM_Base_MspInit
 *fill*         0x0800717a        0x2 
 .text.HAL_TIM_Base_Start_IT
                0x0800717c       0xe0 ./Drivers/STM32L4xx_HAL_Driver/Src/stm32l4xx_hal_tim.o
                0x0800717c                HAL_TIM_Base_Start_IT
 .text.HAL_TIM_IRQHandler
                0x0800725c      0x20e ./Drivers/STM32L4xx_HAL_Driver/Src/stm32l4xx_hal_tim.o
                0x0800725c                HAL_TIM_IRQHandler
 .text.HAL_TIM_OC_DelayElapsedCallback
                0x0800746a       0x14 ./Drivers/STM32L4xx_HAL_Driver/Src/stm32l4xx_hal_tim.o
                0x0800746a                HAL_TIM_OC_DelayElapsedCallback
 .text.HAL_TIM_IC_CaptureCallback
                0x0800747e       0x14 ./Drivers/STM32L4xx_HAL_Driver/Src/stm32l4xx_hal_tim.o
                0x0800747e                HAL_TIM_IC_CaptureCallback
 .text.HAL_TIM_PWM_PulseFinishedCallback
                0x08007492       0x14 ./Drivers/STM32L4xx_HAL_Driver/Src/stm32l4xx_hal_tim.o
                0x08007492                HAL_TIM_PWM_PulseFinishedCallback
 .text.HAL_TIM_TriggerCallback
                0x080074a6       0x14 ./Drivers/STM32L4xx_HAL_Driver/Src/stm32l4xx_hal_tim.o
                0x080074a6                HAL_TIM_TriggerCallback
 *fill*         0x080074ba        0x2 
 .text.TIM_Base_SetConfig
                0x080074bc      0x140 ./Drivers/STM32L4xx_HAL_Driver/Src/stm32l4xx_hal_tim.o
                0x080074bc                TIM_Base_SetConfig
 .text.HAL_TIMEx_CommutCallback
                0x080075fc       0x14 ./Drivers/STM32L4xx_HAL_Driver/Src/stm32l4xx_hal_tim_ex.o
                0x080075fc                HAL_TIMEx_CommutCallback
 .text.HAL_TIMEx_BreakCallback
                0x08007610       0x14 ./Drivers/STM32L4xx_HAL_Driver/Src/stm32l4xx_hal_tim_ex.o
                0x08007610                HAL_TIMEx_BreakCallback
 .text.HAL_TIMEx_Break2Callback
                0x08007624       0x14 ./Drivers/STM32L4xx_HAL_Driver/Src/stm32l4xx_hal_tim_ex.o
                0x08007624                HAL_TIMEx_Break2Callback
 .text.__NVIC_SetPriority
                0x08007638       0x54 ./Middlewares/Third_Party/FreeRTOS/Source/CMSIS_RTOS_V2/cmsis_os2.o
 .text.SysTick_Handler
                0x0800768c       0x20 ./Middlewares/Third_Party/FreeRTOS/Source/CMSIS_RTOS_V2/cmsis_os2.o
                0x0800768c                SysTick_Handler
 .text.SVC_Setup
                0x080076ac       0x12 ./Middlewares/Third_Party/FreeRTOS/Source/CMSIS_RTOS_V2/cmsis_os2.o
 *fill*         0x080076be        0x2 
 .text.osKernelInitialize
                0x080076c0       0x48 ./Middlewares/Third_Party/FreeRTOS/Source/CMSIS_RTOS_V2/cmsis_os2.o
                0x080076c0                osKernelInitialize
 .text.osKernelStart
                0x08007708       0x4c ./Middlewares/Third_Party/FreeRTOS/Source/CMSIS_RTOS_V2/cmsis_os2.o
                0x08007708                osKernelStart
 .text.osThreadNew
                0x08007754      0x124 ./Middlewares/Third_Party/FreeRTOS/Source/CMSIS_RTOS_V2/cmsis_os2.o
                0x08007754                osThreadNew
 .text.osDelay  0x08007878       0x36 ./Middlewares/Third_Party/FreeRTOS/Source/CMSIS_RTOS_V2/cmsis_os2.o
                0x08007878                osDelay
 *fill*         0x080078ae        0x2 
 .text.vApplicationGetIdleTaskMemory
                0x080078b0       0x34 ./Middlewares/Third_Party/FreeRTOS/Source/CMSIS_RTOS_V2/cmsis_os2.o
                0x080078b0                vApplicationGetIdleTaskMemory
 .text.vApplicationGetTimerTaskMemory
                0x080078e4       0x34 ./Middlewares/Third_Party/FreeRTOS/Source/CMSIS_RTOS_V2/cmsis_os2.o
                0x080078e4                vApplicationGetTimerTaskMemory
 .text.vListInitialise
                0x08007918       0x40 ./Middlewares/Third_Party/FreeRTOS/Source/list.o
                0x08007918                vListInitialise
 .text.vListInitialiseItem
                0x08007958       0x1a ./Middlewares/Third_Party/FreeRTOS/Source/list.o
                0x08007958                vListInitialiseItem
 .text.vListInsertEnd
                0x08007972       0x48 ./Middlewares/Third_Party/FreeRTOS/Source/list.o
                0x08007972                vListInsertEnd
 .text.vListInsert
                0x080079ba       0x72 ./Middlewares/Third_Party/FreeRTOS/Source/list.o
                0x080079ba                vListInsert
 .text.uxListRemove
                0x08007a2c       0x54 ./Middlewares/Third_Party/FreeRTOS/Source/list.o
                0x08007a2c                uxListRemove
 .text.xQueueGenericReset
                0x08007a80       0xd4 ./Middlewares/Third_Party/FreeRTOS/Source/queue.o
                0x08007a80                xQueueGenericReset
 .text.xQueueGenericCreateStatic
                0x08007b54       0xfa ./Middlewares/Third_Party/FreeRTOS/Source/queue.o
                0x08007b54                xQueueGenericCreateStatic
 .text.xQueueGenericCreate
                0x08007c4e       0x76 ./Middlewares/Third_Party/FreeRTOS/Source/queue.o
                0x08007c4e                xQueueGenericCreate
 .text.prvInitialiseNewQueue
                0x08007cc4       0x46 ./Middlewares/Third_Party/FreeRTOS/Source/queue.o
 *fill*         0x08007d0a        0x2 
 .text.xQueueGenericSend
                0x08007d0c      0x204 ./Middlewares/Third_Party/FreeRTOS/Source/queue.o
                0x08007d0c                xQueueGenericSend
 .text.xQueueGenericSendFromISR
                0x08007f10      0x13c ./Middlewares/Third_Party/FreeRTOS/Source/queue.o
                0x08007f10                xQueueGenericSendFromISR
 .text.xQueueReceive
                0x0800804c      0x1c4 ./Middlewares/Third_Party/FreeRTOS/Source/queue.o
                0x0800804c                xQueueReceive
 .text.uxQueueMessagesWaiting
                0x08008210       0x3e ./Middlewares/Third_Party/FreeRTOS/Source/queue.o
                0x08008210                uxQueueMessagesWaiting
 .text.prvCopyDataToQueue
                0x0800824e       0xd4 ./Middlewares/Third_Party/FreeRTOS/Source/queue.o
 .text.prvCopyDataFromQueue
                0x08008322       0x4c ./Middlewares/Third_Party/FreeRTOS/Source/queue.o
 .text.prvUnlockQueue
                0x0800836e       0xa4 ./Middlewares/Third_Party/FreeRTOS/Source/queue.o
 .text.prvIsQueueEmpty
                0x08008412       0x2c ./Middlewares/Third_Party/FreeRTOS/Source/queue.o
 .text.prvIsQueueFull
                0x0800843e       0x30 ./Middlewares/Third_Party/FreeRTOS/Source/queue.o
 *fill*         0x0800846e        0x2 
 .text.vQueueAddToRegistry
                0x08008470       0x54 ./Middlewares/Third_Party/FreeRTOS/Source/queue.o
                0x08008470                vQueueAddToRegistry
 .text.vQueueWaitForMessageRestricted
                0x080084c4       0x68 ./Middlewares/Third_Party/FreeRTOS/Source/queue.o
                0x080084c4                vQueueWaitForMessageRestricted
 .text.xTaskCreateStatic
                0x0800852c       0xc0 ./Middlewares/Third_Party/FreeRTOS/Source/tasks.o
                0x0800852c                xTaskCreateStatic
 .text.xTaskCreate
                0x080085ec       0x8a ./Middlewares/Third_Party/FreeRTOS/Source/tasks.o
                0x080085ec                xTaskCreate
 *fill*         0x08008676        0x2 
 .text.prvInitialiseNewTask
                0x08008678      0x150 ./Middlewares/Third_Party/FreeRTOS/Source/tasks.o
 .text.prvAddNewTaskToReadyList
                0x080087c8       0xe0 ./Middlewares/Third_Party/FreeRTOS/Source/tasks.o
 .text.vTaskDelay
                0x080088a8       0x6c ./Middlewares/Third_Party/FreeRTOS/Source/tasks.o
                0x080088a8                vTaskDelay
 .text.vTaskStartScheduler
                0x08008914       0xe0 ./Middlewares/Third_Party/FreeRTOS/Source/tasks.o
                0x08008914                vTaskStartScheduler
 .text.vTaskSuspendAll
                0x080089f4       0x1c ./Middlewares/Third_Party/FreeRTOS/Source/tasks.o
                0x080089f4                vTaskSuspendAll
 .text.xTaskResumeAll
                0x08008a10      0x13c ./Middlewares/Third_Party/FreeRTOS/Source/tasks.o
                0x08008a10                xTaskResumeAll
 .text.xTaskGetTickCount
                0x08008b4c       0x20 ./Middlewares/Third_Party/FreeRTOS/Source/tasks.o
                0x08008b4c                xTaskGetTickCount
 .text.xTaskIncrementTick
                0x08008b6c      0x174 ./Middlewares/Third_Party/FreeRTOS/Source/tasks.o
                0x08008b6c                xTaskIncrementTick
 .text.vTaskSwitchContext
                0x08008ce0       0xcc ./Middlewares/Third_Party/FreeRTOS/Source/tasks.o
                0x08008ce0                vTaskSwitchContext
 .text.vTaskPlaceOnEventList
                0x08008dac       0x4c ./Middlewares/Third_Party/FreeRTOS/Source/tasks.o
                0x08008dac                vTaskPlaceOnEventList
 .text.vTaskPlaceOnEventListRestricted
                0x08008df8       0x58 ./Middlewares/Third_Party/FreeRTOS/Source/tasks.o
                0x08008df8                vTaskPlaceOnEventListRestricted
 .text.xTaskRemoveFromEventList
                0x08008e50       0xc8 ./Middlewares/Third_Party/FreeRTOS/Source/tasks.o
                0x08008e50                xTaskRemoveFromEventList
 .text.vTaskInternalSetTimeOutState
                0x08008f18       0x2c ./Middlewares/Third_Party/FreeRTOS/Source/tasks.o
                0x08008f18                vTaskInternalSetTimeOutState
 .text.xTaskCheckForTimeOut
                0x08008f44       0xc8 ./Middlewares/Third_Party/FreeRTOS/Source/tasks.o
                0x08008f44                xTaskCheckForTimeOut
 .text.vTaskMissedYield
                0x0800900c       0x18 ./Middlewares/Third_Party/FreeRTOS/Source/tasks.o
                0x0800900c                vTaskMissedYield
 .text.prvIdleTask
                0x08009024       0x30 ./Middlewares/Third_Party/FreeRTOS/Source/tasks.o
 .text.prvInitialiseTaskLists
                0x08009054       0x80 ./Middlewares/Third_Party/FreeRTOS/Source/tasks.o
 .text.prvCheckTasksWaitingTermination
                0x080090d4       0x5c ./Middlewares/Third_Party/FreeRTOS/Source/tasks.o
 .text.prvDeleteTCB
                0x08009130       0x6a ./Middlewares/Third_Party/FreeRTOS/Source/tasks.o
 *fill*         0x0800919a        0x2 
 .text.prvResetNextTaskUnblockTime
                0x0800919c       0x40 ./Middlewares/Third_Party/FreeRTOS/Source/tasks.o
 .text.xTaskGetSchedulerState
                0x080091dc       0x3c ./Middlewares/Third_Party/FreeRTOS/Source/tasks.o
                0x080091dc                xTaskGetSchedulerState
 .text.xTaskPriorityDisinherit
                0x08009218       0xe0 ./Middlewares/Third_Party/FreeRTOS/Source/tasks.o
                0x08009218                xTaskPriorityDisinherit
 .text.ulTaskNotifyTake
                0x080092f8       0x98 ./Middlewares/Third_Party/FreeRTOS/Source/tasks.o
                0x080092f8                ulTaskNotifyTake
 .text.vTaskNotifyGiveFromISR
                0x08009390      0x12c ./Middlewares/Third_Party/FreeRTOS/Source/tasks.o
                0x08009390                vTaskNotifyGiveFromISR
 .text.prvAddCurrentTaskToDelayedList
                0x080094bc       0xa8 ./Middlewares/Third_Party/FreeRTOS/Source/tasks.o
 .text.xTimerCreateTimerTask
                0x08009564       0x94 ./Middlewares/Third_Party/FreeRTOS/Source/timers.o
                0x08009564                xTimerCreateTimerTask
 .text.xTimerCreate
                0x080095f8       0x42 ./Middlewares/Third_Party/FreeRTOS/Source/timers.o
                0x080095f8                xTimerCreate
 .text.prvInitialiseNewTimer
                0x0800963a       0x78 ./Middlewares/Third_Party/FreeRTOS/Source/timers.o
 *fill*         0x080096b2        0x2 
 .text.xTimerGenericCommand
                0x080096b4       0x9c ./Middlewares/Third_Party/FreeRTOS/Source/timers.o
                0x080096b4                xTimerGenericCommand
 .text.prvProcessExpiredTimer
                0x08009750       0x9c ./Middlewares/Third_Party/FreeRTOS/Source/timers.o
 .text.prvTimerTask
                0x080097ec       0x26 ./Middlewares/Third_Party/FreeRTOS/Source/timers.o
 *fill*         0x08009812        0x2 
 .text.prvProcessTimerOrBlockTask
                0x08009814       0x9c ./Middlewares/Third_Party/FreeRTOS/Source/timers.o
 .text.prvGetNextExpireTime
                0x080098b0       0x48 ./Middlewares/Third_Party/FreeRTOS/Source/timers.o
 .text.prvSampleTimeNow
                0x080098f8       0x40 ./Middlewares/Third_Party/FreeRTOS/Source/timers.o
 .text.prvInsertTimerInActiveList
                0x08009938       0x84 ./Middlewares/Third_Party/FreeRTOS/Source/timers.o
 .text.prvProcessReceivedCommands
                0x080099bc      0x1cc ./Middlewares/Third_Party/FreeRTOS/Source/timers.o
 .text.prvSwitchTimerLists
                0x08009b88       0xcc ./Middlewares/Third_Party/FreeRTOS/Source/timers.o
 .text.prvCheckForValidListAndQueue
                0x08009c54       0x80 ./Middlewares/Third_Party/FreeRTOS/Source/timers.o
 .text.pvTimerGetTimerID
                0x08009cd4       0x42 ./Middlewares/Third_Party/FreeRTOS/Source/timers.o
                0x08009cd4                pvTimerGetTimerID
 *fill*         0x08009d16        0x2 
 .text.pxPortInitialiseStack
                0x08009d18       0x68 ./Middlewares/Third_Party/FreeRTOS/Source/portable/GCC/ARM_CM4F/port.o
                0x08009d18                pxPortInitialiseStack
 .text.prvTaskExitError
                0x08009d80       0x5c ./Middlewares/Third_Party/FreeRTOS/Source/portable/GCC/ARM_CM4F/port.o
 *fill*         0x08009ddc        0x4 
 .text.SVC_Handler
                0x08009de0       0x28 ./Middlewares/Third_Party/FreeRTOS/Source/portable/GCC/ARM_CM4F/port.o
                0x08009de0                SVC_Handler
 .text.prvPortStartFirstTask
                0x08009e08       0x28 ./Middlewares/Third_Party/FreeRTOS/Source/portable/GCC/ARM_CM4F/port.o
 .text.xPortStartScheduler
                0x08009e30      0x148 ./Middlewares/Third_Party/FreeRTOS/Source/portable/GCC/ARM_CM4F/port.o
                0x08009e30                xPortStartScheduler
 .text.vPortEnterCritical
                0x08009f78       0x64 ./Middlewares/Third_Party/FreeRTOS/Source/portable/GCC/ARM_CM4F/port.o
                0x08009f78                vPortEnterCritical
 .text.vPortExitCritical
                0x08009fdc       0x54 ./Middlewares/Third_Party/FreeRTOS/Source/portable/GCC/ARM_CM4F/port.o
                0x08009fdc                vPortExitCritical
 .text.PendSV_Handler
                0x0800a030       0x68 ./Middlewares/Third_Party/FreeRTOS/Source/portable/GCC/ARM_CM4F/port.o
                0x0800a030                PendSV_Handler
 .text.xPortSysTickHandler
                0x0800a098       0x44 ./Middlewares/Third_Party/FreeRTOS/Source/portable/GCC/ARM_CM4F/port.o
                0x0800a098                xPortSysTickHandler
 .text.vPortSetupTimerInterrupt
                0x0800a0dc       0x48 ./Middlewares/Third_Party/FreeRTOS/Source/portable/GCC/ARM_CM4F/port.o
                0x0800a0dc                vPortSetupTimerInterrupt
 .text.vPortEnableVFP
                0x0800a124       0x14 ./Middlewares/Third_Party/FreeRTOS/Source/portable/GCC/ARM_CM4F/port.o
 .text.vPortValidateInterruptPriority
                0x0800a138       0x84 ./Middlewares/Third_Party/FreeRTOS/Source/portable/GCC/ARM_CM4F/port.o
                0x0800a138                vPortValidateInterruptPriority
 .text.pvPortMalloc
                0x0800a1bc      0x19c ./Middlewares/Third_Party/FreeRTOS/Source/portable/MemMang/heap_4.o
                0x0800a1bc                pvPortMalloc
 .text.vPortFree
                0x0800a358       0xc8 ./Middlewares/Third_Party/FreeRTOS/Source/portable/MemMang/heap_4.o
                0x0800a358                vPortFree
 .text.prvHeapInit
                0x0800a420       0xc4 ./Middlewares/Third_Party/FreeRTOS/Source/portable/MemMang/heap_4.o
 .text.prvInsertBlockIntoFreeList
                0x0800a4e4       0xb4 ./Middlewares/Third_Party/FreeRTOS/Source/portable/MemMang/heap_4.o
 .text.malloc   0x0800a598       0x10 C:/ST/STM32CubeIDE_2.0.0/STM32CubeIDE/plugins/com.st.stm32cube.ide.mcu.externaltools.gnu-tools-for-stm32.13.3.rel1.win32_1.0.100.202509120712/tools/bin/../lib/gcc/arm-none-eabi/13.3.1/../../../../arm-none-eabi/lib/thumb/v7e-m+fp/hard\libc_nano.a(libc_a-malloc.o)
                0x0800a598                malloc
 .text.free     0x0800a5a8       0x10 C:/ST/STM32CubeIDE_2.0.0/STM32CubeIDE/plugins/com.st.stm32cube.ide.mcu.externaltools.gnu-tools-for-stm32.13.3.rel1.win32_1.0.100.202509120712/tools/bin/../lib/gcc/arm-none-eabi/13.3.1/../../../../arm-none-eabi/lib/thumb/v7e-m+fp/hard\libc_nano.a(libc_a-malloc.o)
                0x0800a5a8                free
 .text.sbrk_aligned
                0x0800a5b8       0x44 C:/ST/STM32CubeIDE_2.0.0/STM32CubeIDE/plugins/com.st.stm32cube.ide.mcu.externaltools.gnu-tools-for-stm32.13.3.rel1.win32_1.0.100.202509120712/tools/bin/../lib/gcc/arm-none-eabi/13.3.1/../../../../arm-none-eabi/lib/thumb/v7e-m+fp/hard\libc_nano.a(libc_a-mallocr.o)
 .text._malloc_r
                0x0800a5fc      0x100 C:/ST/STM32CubeIDE_2.0.0/STM32CubeIDE/plugins/com.st.stm32cube.ide.mcu.externaltools.gnu-tools-for-stm32.13.3.rel1.win32_1.0.100.202509120712/tools/bin/../lib/gcc/arm-none-eabi/13.3.1/../../../../arm-none-eabi/lib/thumb/v7e-m+fp/hard\libc_nano.a(libc_a-mallocr.o)
                0x0800a5fc                _malloc_r
 .text.__malloc_lock
                0x0800a6fc        0xc C:/ST/STM32CubeIDE_2.0.0/STM32CubeIDE/plugins/com.st.stm32cube.ide.mcu.externaltools.gnu-tools-for-stm32.13.3.rel1.win32_1.0.100.202509120712/tools/bin/../lib/gcc/arm-none-eabi/13.3.1/../../../../arm-none-eabi/lib/thumb/v7e-m+fp/hard\libc_nano.a(libc_a-mlock.o)
                0x0800a6fc                __malloc_lock
 .text.__malloc_unlock
                0x0800a708        0xc C:/ST/STM32CubeIDE_2.0.0/STM32CubeIDE/plugins/com.st.stm32cube.ide.mcu.externaltools.gnu-tools-for-stm32.13.3.rel1.win32_1.0.100.202509120712/tools/bin/../lib/gcc/arm-none-eabi/13.3.1/../../../../arm-none-eabi/lib/thumb/v7e-m+fp/hard\libc_nano.a(libc_a-mlock.o)
                0x0800a708                __malloc_unlock
 .text.std      0x0800a714       0x6c C:/ST/STM32CubeIDE_2.0.0/STM32CubeIDE/plugins/com.st.stm32cube.ide.mcu.externaltools.gnu-tools-for-stm32.13.3.rel1.win32_1.0.100.202509120712/tools/bin/../lib/gcc/arm-none-eabi/13.3.1/../../../../arm-none-eabi/lib/thumb/v7e-m+fp/hard\libc_nano.a(libc_a-findfp.o)
 .text.stdio_exit_handler
                0x0800a780       0x18 C:/ST/STM32CubeIDE_2.0.0/STM32CubeIDE/plugins/com.st.stm32cube.ide.mcu.externaltools.gnu-tools-for-stm32.13.3.rel1.win32_1.0.100.202509120712/tools/bin/../lib/gcc/arm-none-eabi/13.3.1/../../../../arm-none-eabi/lib/thumb/v7e-m+fp/hard\libc_nano.a(libc_a-findfp.o)
 .text.cleanup_stdio
                0x0800a798       0x40 C:/ST/STM32CubeIDE_2.0.0/STM32CubeIDE/plugins/com.st.stm32cube.ide.mcu.externaltools.gnu-tools-for-stm32.13.3.rel1.win32_1.0.100.202509120712/tools/bin/../lib/gcc/arm-none-eabi/13.3.1/../../../../arm-none-eabi/lib/thumb/v7e-m+fp/hard\libc_nano.a(libc_a-findfp.o)
 .text.global_stdio_init.part.0
                0x0800a7d8       0x3c C:/ST/STM32CubeIDE_2.0.0/STM32CubeIDE/plugins/com.st.stm32cube.ide.mcu.externaltools.gnu-tools-for-stm32.13.3.rel1.win32_1.0.100.202509120712/tools/bin/../lib/gcc/arm-none-eabi/13.3.1/../../../../arm-none-eabi/lib/thumb/v7e-m+fp/hard\libc_nano.a(libc_a-findfp.o)
 .text.__sfp_lock_acquire
                0x0800a814        0xc C:/ST/STM32CubeIDE_2.0.0/STM32CubeIDE/plugins/com.st.stm32cube.ide.mcu.externaltools.gnu-tools-for-stm32.13.3.rel1.win32_1.0.100.202509120712/tools/bin/../lib/gcc/arm-none-eabi/13.3.1/../../../../arm-none-eabi/lib/thumb/v7e-m+fp/hard\libc_nano.a(libc_a-findfp.o)
                0x0800a814                __sfp_lock_acquire
 .text.__sfp_lock_release
                0x0800a820        0xc C:/ST/STM32CubeIDE_2.0.0/STM32CubeIDE/plugins/com.st.stm32cube.ide.mcu.externaltools.gnu-tools-for-stm32.13.3.rel1.win32_1.0.100.202509120712/tools/bin/../lib/gcc/arm-none-eabi/13.3.1/../../../../arm-none-eabi/lib/thumb/v7e-m+fp/hard\libc_nano.a(libc_a-findfp.o)
                0x0800a820                __sfp_lock_release
 .text.__sinit  0x0800a82c       0x30 C:/ST/STM32CubeIDE_2.0.0/STM32CubeIDE/plugins/com.st.stm32cube.ide.mcu.externaltools.gnu-tools-for-stm32.13.3.rel1.win32_1.0.100.202509120712/tools/bin/../lib/gcc/arm-none-eabi/13.3.1/../../../../arm-none-eabi/lib/thumb/v7e-m+fp/hard\libc_nano.a(libc_a-findfp.o)
                0x0800a82c                __sinit
 .text.fprintf  0x0800a85c       0x24 C:/ST/STM32CubeIDE_2.0.0/STM32CubeIDE/plugins/com.st.stm32cube.ide.mcu.externaltools.gnu-tools-for-stm32.13.3.rel1.win32_1.0.100.202509120712/tools/bin/../lib/gcc/arm-none-eabi/13.3.1/../../../../arm-none-eabi/lib/thumb/v7e-m+fp/hard\libc_nano.a(libc_a-fprintf.o)
                0x0800a85c                fiprintf
                0x0800a85c                fprintf
 .text._fwalk_sglue
                0x0800a880       0x3c C:/ST/STM32CubeIDE_2.0.0/STM32CubeIDE/plugins/com.st.stm32cube.ide.mcu.externaltools.gnu-tools-for-stm32.13.3.rel1.win32_1.0.100.202509120712/tools/bin/../lib/gcc/arm-none-eabi/13.3.1/../../../../arm-none-eabi/lib/thumb/v7e-m+fp/hard\libc_nano.a(libc_a-fwalk.o)
                0x0800a880                _fwalk_sglue
 .text._fwrite_r
                0x0800a8bc       0x96 C:/ST/STM32CubeIDE_2.0.0/STM32CubeIDE/plugins/com.st.stm32cube.ide.mcu.externaltools.gnu-tools-for-stm32.13.3.rel1.win32_1.0.100.202509120712/tools/bin/../lib/gcc/arm-none-eabi/13.3.1/../../../../arm-none-eabi/lib/thumb/v7e-m+fp/hard\libc_nano.a(libc_a-fwrite.o)
                0x0800a8bc                _fwrite_r
 *fill*         0x0800a952        0x2 
 .text.fwrite   0x0800a954       0x1c C:/ST/STM32CubeIDE_2.0.0/STM32CubeIDE/plugins/com.st.stm32cube.ide.mcu.externaltools.gnu-tools-for-stm32.13.3.rel1.win32_1.0.100.202509120712/tools/bin/../lib/gcc/arm-none-eabi/13.3.1/../../../../arm-none-eabi/lib/thumb/v7e-m+fp/hard\libc_nano.a(libc_a-fwrite.o)
                0x0800a954                fwrite
 .text.printf   0x0800a970       0x24 C:/ST/STM32CubeIDE_2.0.0/STM32CubeIDE/plugins/com.st.stm32cube.ide.mcu.externaltools.gnu-tools-for-stm32.13.3.rel1.win32_1.0.100.202509120712/tools/bin/../lib/gcc/arm-none-eabi/13.3.1/../../../../arm-none-eabi/lib/thumb/v7e-m+fp/hard\libc_nano.a(libc_a-printf.o)
                0x0800a970                iprintf
                0x0800a970                printf
 .text._puts_r  0x0800a994       0xaa C:/ST/STM32CubeIDE_2.0.0/STM32CubeIDE/plugins/com.st.stm32cube.ide.mcu.externaltools.gnu-tools-for-stm32.13.3.rel1.win32_1.0.100.202509120712/tools/bin/../lib/gcc/arm-none-eabi/13.3.1/../../../../arm-none-eabi/lib/thumb/v7e-m+fp/hard\libc_nano.a(libc_a-puts.o)
                0x0800a994                _puts_r
 *fill*         0x0800aa3e        0x2 
 .text.puts     0x0800aa40       0x10 C:/ST/STM32CubeIDE_2.0.0/STM32CubeIDE/plugins/com.st.stm32cube.ide.mcu.externaltools.gnu-tools-for-stm32.13.3.rel1.win32_1.0.100.202509120712/tools/bin/../lib/gcc/arm-none-eabi/13.3.1/../../../../arm-none-eabi/lib/thumb/v7e-m+fp/hard\libc_nano.a(libc_a-puts.o)
                0x0800aa40                puts
 .text.__sread  0x0800aa50       0x22 C:/ST/STM32CubeIDE_2.0.0/STM32CubeIDE/plugins/com.st.stm32cube.ide.mcu.externaltools.gnu-tools-for-stm32.13.3.rel1.win32_1.0.100.202509120712/tools/bin/../lib/gcc/arm-none-eabi/13.3.1/../../../../arm-none-eabi/lib/thumb/v7e-m+fp/hard\libc_nano.a(libc_a-stdio.o)
                0x0800aa50                __sread
 .text.__swrite
                0x0800aa72       0x38 C:/ST/STM32CubeIDE_2.0.0/STM32CubeIDE/plugins/com.st.stm32cube.ide.mcu.externaltools.gnu-tools-for-stm32.13.3.rel1.win32_1.0.100.202509120712/tools/bin/../lib/gcc/arm-none-eabi/13.3.1/../../../../arm-none-eabi/lib/thumb/v7e-m+fp/hard\libc_nano.a(libc_a-stdio.o)
                0x0800aa72                __swrite
 .text.__sseek  0x0800aaaa       0x24 C:/ST/STM32CubeIDE_2.0.0/STM32CubeIDE/plugins/com.st.stm32cube.ide.mcu.externaltools.gnu-tools-for-stm32.13.3.rel1.win32_1.0.100.202509120712/tools/bin/../lib/gcc/arm-none-eabi/13.3.1/../../../../arm-none-eabi/lib/thumb/v7e-m+fp/hard\libc_nano.a(libc_a-stdio.o)
                0x0800aaaa                __sseek
 .text.__sclose
                0x0800aace        0x8 C:/ST/STM32CubeIDE_2.0.0/STM32CubeIDE/plugins/com.st.stm32cube.ide.mcu.externaltools.gnu-tools-for-stm32.13.3.rel1.win32_1.0.100.202509120712/tools/bin/../lib/gcc/arm-none-eabi/13.3.1/../../../../arm-none-eabi/lib/thumb/v7e-m+fp/hard\libc_nano.a(libc_a-stdio.o)
                0x0800aace                __sclose
 .text.__swbuf_r
                0x0800aad6       0x7c C:/ST/STM32CubeIDE_2.0.0/STM32CubeIDE/plugins/com.st.stm32cube.ide.mcu.externaltools.gnu-tools-for-stm32.13.3.rel1.win32_1.0.100.202509120712/tools/bin/../lib/gcc/arm-none-eabi/13.3.1/../../../../arm-none-eabi/lib/thumb/v7e-m+fp/hard\libc_nano.a(libc_a-wbuf.o)
                0x0800aad6                __swbuf_r
 *fill*         0x0800ab52        0x2 
 .text.__swsetup_r
                0x0800ab54       0xac C:/ST/STM32CubeIDE_2.0.0/STM32CubeIDE/plugins/com.st.stm32cube.ide.mcu.externaltools.gnu-tools-for-stm32.13.3.rel1.win32_1.0.100.202509120712/tools/bin/../lib/gcc/arm-none-eabi/13.3.1/../../../../arm-none-eabi/lib/thumb/v7e-m+fp/hard\libc_nano.a(libc_a-wsetup.o)
                0x0800ab54                __swsetup_r
 .text.memset   0x0800ac00       0x10 C:/ST/STM32CubeIDE_2.0.0/STM32CubeIDE/plugins/com.st.stm32cube.ide.mcu.externaltools.gnu-tools-for-stm32.13.3.rel1.win32_1.0.100.202509120712/tools/bin/../lib/gcc/arm-none-eabi/13.3.1/../../../../arm-none-eabi/lib/thumb/v7e-m+fp/hard\libc_nano.a(libc_a-memset.o)
                0x0800ac00                memset
 .text._close_r
                0x0800ac10       0x20 C:/ST/STM32CubeIDE_2.0.0/STM32CubeIDE/plugins/com.st.stm32cube.ide.mcu.externaltools.gnu-tools-for-stm32.13.3.rel1.win32_1.0.100.202509120712/tools/bin/../lib/gcc/arm-none-eabi/13.3.1/../../../../arm-none-eabi/lib/thumb/v7e-m+fp/hard\libc_nano.a(libc_a-closer.o)
                0x0800ac10                _close_r
 .text._reclaim_reent
                0x0800ac30       0xbc C:/ST/STM32CubeIDE_2.0.0/STM32CubeIDE/plugins/com.st.stm32cube.ide.mcu.externaltools.gnu-tools-for-stm32.13.3.rel1.win32_1.0.100.202509120712/tools/bin/../lib/gcc/arm-none-eabi/13.3.1/../../../../arm-none-eabi/lib/thumb/v7e-m+fp/hard\libc_nano.a(libc_a-reent.o)
                0x0800ac30                _reclaim_reent
 .text._lseek_r
                0x0800acec       0x24 C:/ST/STM32CubeIDE_2.0.0/STM32CubeIDE/plugins/com.st.stm32cube.ide.mcu.externaltools.gnu-tools-for-stm32.13.3.rel1.win32_1.0.100.202509120712/tools/bin/../lib/gcc/arm-none-eabi/13.3.1/../../../../arm-none-eabi/lib/thumb/v7e-m+fp/hard\libc_nano.a(libc_a-lseekr.o)
                0x0800acec                _lseek_r
 .text._read_r  0x0800ad10       0x24 C:/ST/STM32CubeIDE_2.0.0/STM32CubeIDE/plugins/com.st.stm32cube.ide.mcu.externaltools.gnu-tools-for-stm32.13.3.rel1.win32_1.0.100.202509120712/tools/bin/../lib/gcc/arm-none-eabi/13.3.1/../../../../arm-none-eabi/lib/thumb/v7e-m+fp/hard\libc_nano.a(libc_a-readr.o)
                0x0800ad10                _read_r
 .text._sbrk_r  0x0800ad34       0x20 C:/ST/STM32CubeIDE_2.0.0/STM32CubeIDE/plugins/com.st.stm32cube.ide.mcu.externaltools.gnu-tools-for-stm32.13.3.rel1.win32_1.0.100.202509120712/tools/bin/../lib/gcc/arm-none-eabi/13.3.1/../../../../arm-none-eabi/lib/thumb/v7e-m+fp/hard\libc_nano.a(libc_a-sbrkr.o)
                0x0800ad34                _sbrk_r
 .text._write_r
                0x0800ad54       0x24 C:/ST/STM32CubeIDE_2.0.0/STM32CubeIDE/plugins/com.st.stm32cube.ide.mcu.externaltools.gnu-tools-for-stm32.13.3.rel1.win32_1.0.100.202509120712/tools/bin/../lib/gcc/arm-none-eabi/13.3.1/../../../../arm-none-eabi/lib/thumb/v7e-m+fp/hard\libc_nano.a(libc_a-writer.o)
                0x0800ad54                _write_r
 .text.__errno  0x0800ad78        0xc C:/ST/STM32CubeIDE_2.0.0/STM32CubeIDE/plugins/com.st.stm32cube.ide.mcu.externaltools.gnu-tools-for-stm32.13.3.rel1.win32_1.0.100.202509120712/tools/bin/../lib/gcc/arm-none-eabi/13.3.1/../../../../arm-none-eabi/lib/thumb/v7e-m+fp/hard\libc_nano.a(libc_a-errno.o)
                0x0800ad78                __errno
 .text.__libc_init_array
                0x0800ad84       0x48 C:/ST/STM32CubeIDE_2.0.0/STM32CubeIDE/plugins/com.st.stm32cube.ide.mcu.externaltools.gnu-tools-for-stm32.13.3.rel1.win32_1.0.100.202509120712/tools/bin/../lib/gcc/arm-none-eabi/13.3.1/../../../../arm-none-eabi/lib/thumb/v7e-m+fp/hard\libc_nano.a(libc_a-init.o)
                0x0800ad84                __libc_init_array
 .text.__retarget_lock_init_recursive
                0x0800adcc        0x2 C:/ST/STM32CubeIDE_2.0.0/STM32CubeIDE/plugins/com.st.stm32cube.ide.mcu.externaltools.gnu-tools-for-stm32.13.3.rel1.win32_1.0.100.202509120712/tools/bin/../lib/gcc/arm-none-eabi/13.3.1/../../../../arm-none-eabi/lib/thumb/v7e-m+fp/hard\libc_nano.a(libc_a-lock.o)
                0x0800adcc                __retarget_lock_init_recursive
 .text.__retarget_lock_acquire_recursive
                0x0800adce        0x2 C:/ST/STM32CubeIDE_2.0.0/STM32CubeIDE/plugins/com.st.stm32cube.ide.mcu.externaltools.gnu-tools-for-stm32.13.3.rel1.win32_1.0.100.202509120712/tools/bin/../lib/gcc/arm-none-eabi/13.3.1/../../../../arm-none-eabi/lib/thumb/v7e-m+fp/hard\libc_nano.a(libc_a-lock.o)
                0x0800adce                __retarget_lock_acquire_recursive
 .text.__retarget_lock_release_recursive
                0x0800add0        0x2 C:/ST/STM32CubeIDE_2.0.0/STM32CubeIDE/plugins/com.st.stm32cube.ide.mcu.externaltools.gnu-tools-for-stm32.13.3.rel1.win32_1.0.100.202509120712/tools/bin/../lib/gcc/arm-none-eabi/13.3.1/../../../../arm-none-eabi/lib/thumb/v7e-m+fp/hard\libc_nano.a(libc_a-lock.o)
                0x0800add0                __retarget_lock_release_recursive
 .text.memcpy   0x0800add2       0x1c C:/ST/STM32CubeIDE_2.0.0/STM32CubeIDE/plugins/com.st.stm32cube.ide.mcu.externaltools.gnu-tools-for-stm32.13.3.rel1.win32_1.0.100.202509120712/tools/bin/../lib/gcc/arm-none-eabi/13.3.1/../../../../arm-none-eabi/lib/thumb/v7e-m+fp/hard\libc_nano.a(libc_a-memcpy-stub.o)
                0x0800add2                memcpy
 *fill*         0x0800adee        0x2 
 .text._free_r  0x0800adf0       0x94 C:/ST/STM32CubeIDE_2.0.0/STM32CubeIDE/plugins/com.st.stm32cube.ide.mcu.externaltools.gnu-tools-for-stm32.13.3.rel1.win32_1.0.100.202509120712/tools/bin/../lib/gcc/arm-none-eabi/13.3.1/../../../../arm-none-eabi/lib/thumb/v7e-m+fp/hard\libc_nano.a(libc_a-freer.o)
                0x0800adf0                _free_r
 .text.__sfputc_r
                0x0800ae84       0x2e C:/ST/STM32CubeIDE_2.0.0/STM32CubeIDE/plugins/com.st.stm32cube.ide.mcu.externaltools.gnu-tools-for-stm32.13.3.rel1.win32_1.0.100.202509120712/tools/bin/../lib/gcc/arm-none-eabi/13.3.1/../../../../arm-none-eabi/lib/thumb/v7e-m+fp/hard\libc_nano.a(libc_a-nano-vfprintf.o)
 .text.__sfputs_r
                0x0800aeb2       0x24 C:/ST/STM32CubeIDE_2.0.0/STM32CubeIDE/plugins/com.st.stm32cube.ide.mcu.externaltools.gnu-tools-for-stm32.13.3.rel1.win32_1.0.100.202509120712/tools/bin/../lib/gcc/arm-none-eabi/13.3.1/../../../../arm-none-eabi/lib/thumb/v7e-m+fp/hard\libc_nano.a(libc_a-nano-vfprintf.o)
                0x0800aeb2                __sfputs_r
 *fill*         0x0800aed6        0x2 
 .text._vfprintf_r
                0x0800aed8      0x230 C:/ST/STM32CubeIDE_2.0.0/STM32CubeIDE/plugins/com.st.stm32cube.ide.mcu.externaltools.gnu-tools-for-stm32.13.3.rel1.win32_1.0.100.202509120712/tools/bin/../lib/gcc/arm-none-eabi/13.3.1/../../../../arm-none-eabi/lib/thumb/v7e-m+fp/hard\libc_nano.a(libc_a-nano-vfprintf.o)
                0x0800aed8                _vfprintf_r
                0x0800aed8                _vfiprintf_r
 .text._printf_common
                0x0800b108       0xda C:/ST/STM32CubeIDE_2.0.0/STM32CubeIDE/plugins/com.st.stm32cube.ide.mcu.externaltools.gnu-tools-for-stm32.13.3.rel1.win32_1.0.100.202509120712/tools/bin/../lib/gcc/arm-none-eabi/13.3.1/../../../../arm-none-eabi/lib/thumb/v7e-m+fp/hard\libc_nano.a(libc_a-nano-vfprintf_i.o)
                0x0800b108                _printf_common
 *fill*         0x0800b1e2        0x2 
 .text._printf_i
                0x0800b1e4      0x23c C:/ST/STM32CubeIDE_2.0.0/STM32CubeIDE/plugins/com.st.stm32cube.ide.mcu.externaltools.gnu-tools-for-stm32.13.3.rel1.win32_1.0.100.202509120712/tools/bin/../lib/gcc/arm-none-eabi/13.3.1/../../../../arm-none-eabi/lib/thumb/v7e-m+fp/hard\libc_nano.a(libc_a-nano-vfprintf_i.o)
                0x0800b1e4                _printf_i
 .text.__sflush_r
                0x0800b420      0x108 C:/ST/STM32CubeIDE_2.0.0/STM32CubeIDE/plugins/com.st.stm32cube.ide.mcu.externaltools.gnu-tools-for-stm32.13.3.rel1.win32_1.0.100.202509120712/tools/bin/../lib/gcc/arm-none-eabi/13.3.1/../../../../arm-none-eabi/lib/thumb/v7e-m+fp/hard\libc_nano.a(libc_a-fflush.o)
                0x0800b420                __sflush_r
 .text._fflush_r
                0x0800b528       0x50 C:/ST/STM32CubeIDE_2.0.0/STM32CubeIDE/plugins/com.st.stm32cube.ide.mcu.externaltools.gnu-tools-for-stm32.13.3.rel1.win32_1.0.100.202509120712/tools/bin/../lib/gcc/arm-none-eabi/13.3.1/../../../../arm-none-eabi/lib/thumb/v7e-m+fp/hard\libc_nano.a(libc_a-fflush.o)
                0x0800b528                _fflush_r
 .text.__swhatbuf_r
                0x0800b578       0x4c C:/ST/STM32CubeIDE_2.0.0/STM32CubeIDE/plugins/com.st.stm32cube.ide.mcu.externaltools.gnu-tools-for-stm32.13.3.rel1.win32_1.0.100.202509120712/tools/bin/../lib/gcc/arm-none-eabi/13.3.1/../../../../arm-none-eabi/lib/thumb/v7e-m+fp/hard\libc_nano.a(libc_a-makebuf.o)
                0x0800b578                __swhatbuf_r
 .text.__smakebuf_r
                0x0800b5c4       0x78 C:/ST/STM32CubeIDE_2.0.0/STM32CubeIDE/plugins/com.st.stm32cube.ide.mcu.externaltools.gnu-tools-for-stm32.13.3.rel1.win32_1.0.100.202509120712/tools/bin/../lib/gcc/arm-none-eabi/13.3.1/../../../../arm-none-eabi/lib/thumb/v7e-m+fp/hard\libc_nano.a(libc_a-makebuf.o)
                0x0800b5c4                __smakebuf_r
 .text._fstat_r
                0x0800b63c       0x24 C:/ST/STM32CubeIDE_2.0.0/STM32CubeIDE/plugins/com.st.stm32cube.ide.mcu.externaltools.gnu-tools-for-stm32.13.3.rel1.win32_1.0.100.202509120712/tools/bin/../lib/gcc/arm-none-eabi/13.3.1/../../../../arm-none-eabi/lib/thumb/v7e-m+fp/hard\libc_nano.a(libc_a-fstatr.o)
                0x0800b63c                _fstat_r
 .text._isatty_r
                0x0800b660       0x20 C:/ST/STM32CubeIDE_2.0.0/STM32CubeIDE/plugins/com.st.stm32cube.ide.mcu.externaltools.gnu-tools-for-stm32.13.3.rel1.win32_1.0.100.202509120712/tools/bin/../lib/gcc/arm-none-eabi/13.3.1/../../../../arm-none-eabi/lib/thumb/v7e-m+fp/hard\libc_nano.a(libc_a-isattyr.o)
                0x0800b660                _isatty_r
 *(.glue_7)
 .glue_7        0x0800b680        0x0 linker stubs
 *(.glue_7t)
 .glue_7t       0x0800b680        0x0 linker stubs
 *(.eh_frame)
 .eh_frame      0x0800b680        0x0 C:/ST/STM32CubeIDE_2.0.0/STM32CubeIDE/plugins/com.st.stm32cube.ide.mcu.externaltools.gnu-tools-for-stm32.13.3.rel1.win32_1.0.100.202509120712/tools/bin/../lib/gcc/arm-none-eabi/13.3.1/thumb/v7e-m+fp/hard/crtbegin.o
 *(.init)
 .init          0x0800b680        0x4 C:/ST/STM32CubeIDE_2.0.0/STM32CubeIDE/plugins/com.st.stm32cube.ide.mcu.externaltools.gnu-tools-for-stm32.13.3.rel1.win32_1.0.100.202509120712/tools/bin/../lib/gcc/arm-none-eabi/13.3.1/thumb/v7e-m+fp/hard/crti.o
                0x0800b680                _init
 .init          0x0800b684        0x8 C:/ST/STM32CubeIDE_2.0.0/STM32CubeIDE/plugins/com.st.stm32cube.ide.mcu.externaltools.gnu-tools-for-stm32.13.3.rel1.win32_1.0.100.202509120712/tools/bin/../lib/gcc/arm-none-eabi/13.3.1/thumb/v7e-m+fp/hard/crtn.o
 *(.fini)
 .fini          0x0800b68c        0x4 C:/ST/STM32CubeIDE_2.0.0/STM32CubeIDE/plugins/com.st.stm32cube.ide.mcu.externaltools.gnu-tools-for-stm32.13.3.rel1.win32_1.0.100.202509120712/tools/bin/../lib/gcc/arm-none-eabi/13.3.1/thumb/v7e-m+fp/hard/crti.o
                0x0800b68c                _fini
 .fini          0x0800b690        0x8 C:/ST/STM32CubeIDE_2.0.0/STM32CubeIDE/plugins/com.st.stm32cube.ide.mcu.externaltools.gnu-tools-for-stm32.13.3.rel1.win32_1.0.100.202509120712/tools/bin/../lib/gcc/arm-none-eabi/13.3.1/thumb/v7e-m+fp/hard/crtn.o
                0x0800b698                        . = ALIGN (0x4)
                0x0800b698                        _etext = .

.vfp11_veneer   0x0800b698        0x0
 .vfp11_veneer  0x0800b698        0x0 linker stubs

.v4_bx          0x0800b698        0x0
 .v4_bx         0x0800b698        0x0 linker stubs

.iplt           0x0800b698        0x0
 .iplt          0x0800b698        0x0 C:/ST/STM32CubeIDE_2.0.0/STM32CubeIDE/plugins/com.st.stm32cube.ide.mcu.externaltools.gnu-tools-for-stm32.13.3.rel1.win32_1.0.100.202509120712/tools/bin/../lib/gcc/arm-none-eabi/13.3.1/thumb/v7e-m+fp/hard/crtbegin.o

.rodata         0x0800b698      0x8b4
                0x0800b698                        . = ALIGN (0x4)
 *(.rodata)
 .rodata        0x0800b698      0x161 ./Core/Src/COMMS_stateMachine.o
 *fill*         0x0800b7f9        0x3 
 .rodata        0x0800b7fc        0x3 ./Core/Src/SX1268.o
 *fill*         0x0800b7ff        0x1 
 .rodata        0x0800b800       0xea ./Core/Src/app.o
 *fill*         0x0800b8ea        0x2 
 .rodata        0x0800b8ec      0x3f2 ./Core/Src/app_logic.o
 *fill*         0x0800bcde        0x2 
 .rodata        0x0800bce0       0x22 ./Core/Src/main.o
 *fill*         0x0800bd02        0x2 
 .rodata        0x0800bd04       0x8c ./Core/Src/rscode/berlekamp.o
 .rodata        0x0800bd90        0x5 ./Middlewares/Third_Party/FreeRTOS/Source/tasks.o
 *fill*         0x0800bd95        0x3 
 .rodata        0x0800bd98        0xd ./Middlewares/Third_Party/FreeRTOS/Source/timers.o
 *(.rodata*)
 *fill*         0x0800bda5        0x3 
 .rodata._ZL10SECRET_KEY
                0x0800bda8        0x4 ./Core/Src/app_logic.o
 .rodata.OBCTask_attributes
                0x0800bdac       0x24 ./Core/Src/main.o
                0x0800bdac                OBCTask_attributes
 .rodata.k      0x0800bdd0      0x100 ./Core/Src/sha256.o
 .rodata.AHBPrescTable
                0x0800bed0       0x10 ./Core/Src/system_stm32l4xx.o
                0x0800bed0                AHBPrescTable
 .rodata.APBPrescTable
                0x0800bee0        0x8 ./Core/Src/system_stm32l4xx.o
                0x0800bee0                APBPrescTable
 .rodata.MSIRangeTable
                0x0800bee8       0x30 ./Core/Src/system_stm32l4xx.o
                0x0800bee8                MSIRangeTable
 .rodata._vfprintf_r.str1.1
                0x0800bf18       0x33 C:/ST/STM32CubeIDE_2.0.0/STM32CubeIDE/plugins/com.st.stm32cube.ide.mcu.externaltools.gnu-tools-for-stm32.13.3.rel1.win32_1.0.100.202509120712/tools/bin/../lib/gcc/arm-none-eabi/13.3.1/../../../../arm-none-eabi/lib/thumb/v7e-m+fp/hard\libc_nano.a(libc_a-nano-vfprintf.o)
                                 0x11 (size before relaxing)
 .rodata._printf_i.str1.1
                0x0800bf4b        0x0 C:/ST/STM32CubeIDE_2.0.0/STM32CubeIDE/plugins/com.st.stm32cube.ide.mcu.externaltools.gnu-tools-for-stm32.13.3.rel1.win32_1.0.100.202509120712/tools/bin/../lib/gcc/arm-none-eabi/13.3.1/../../../../arm-none-eabi/lib/thumb/v7e-m+fp/hard\libc_nano.a(libc_a-nano-vfprintf_i.o)
                                 0x22 (size before relaxing)
                0x0800bf4c                        . = ALIGN (0x4)
 *fill*         0x0800bf4b        0x1 

.ARM.extab      0x0800bf4c        0x0
                0x0800bf4c                        . = ALIGN (0x4)
 *(.ARM.extab* .gnu.linkonce.armextab.*)
                0x0800bf4c                        . = ALIGN (0x4)

.ARM            0x0800bf4c        0x8
                0x0800bf4c                        . = ALIGN (0x4)
                0x0800bf4c                        __exidx_start = .
 *(.ARM.exidx*)
 .ARM.exidx     0x0800bf4c        0x8 C:/ST/STM32CubeIDE_2.0.0/STM32CubeIDE/plugins/com.st.stm32cube.ide.mcu.externaltools.gnu-tools-for-stm32.13.3.rel1.win32_1.0.100.202509120712/tools/bin/../lib/gcc/arm-none-eabi/13.3.1/../../../../arm-none-eabi/lib/thumb/v7e-m+fp/hard\libc_nano.a(libc_a-memchr.o)
                0x0800bf54                        __exidx_end = .
                0x0800bf54                        . = ALIGN (0x4)

.preinit_array  0x0800bf54        0x0
                0x0800bf54                        . = ALIGN (0x4)
                0x0800bf54                        PROVIDE (__preinit_array_start = .)
 *(.preinit_array*)
                0x0800bf54                        PROVIDE (__preinit_array_end = .)
                0x0800bf54                        . = ALIGN (0x4)

.init_array     0x0800bf54        0x8
                0x0800bf54                        . = ALIGN (0x4)
                0x0800bf54                        PROVIDE (__init_array_start = .)
 *(SORT_BY_NAME(.init_array.*))
 *(.init_array*)
 .init_array    0x0800bf54        0x4 C:/ST/STM32CubeIDE_2.0.0/STM32CubeIDE/plugins/com.st.stm32cube.ide.mcu.externaltools.gnu-tools-for-stm32.13.3.rel1.win32_1.0.100.202509120712/tools/bin/../lib/gcc/arm-none-eabi/13.3.1/thumb/v7e-m+fp/hard/crtbegin.o
 .init_array    0x0800bf58        0x4 ./Core/Src/app.o
                0x0800bf5c                        PROVIDE (__init_array_end = .)
                0x0800bf5c                        . = ALIGN (0x4)

.fini_array     0x0800bf5c        0x4
                0x0800bf5c                        . = ALIGN (0x4)
                [!provide]                        PROVIDE (__fini_array_start = .)
 *(SORT_BY_NAME(.fini_array.*))
 *(.fini_array*)
 .fini_array    0x0800bf5c        0x4 C:/ST/STM32CubeIDE_2.0.0/STM32CubeIDE/plugins/com.st.stm32cube.ide.mcu.externaltools.gnu-tools-for-stm32.13.3.rel1.win32_1.0.100.202509120712/tools/bin/../lib/gcc/arm-none-eabi/13.3.1/thumb/v7e-m+fp/hard/crtbegin.o
                [!provide]                        PROVIDE (__fini_array_end = .)
                0x0800bf60                        . = ALIGN (0x4)
                0x0800bf60                        _sidata = LOADADDR (.data)

.rel.dyn        0x0800bf60        0x0
 .rel.iplt      0x0800bf60        0x0 C:/ST/STM32CubeIDE_2.0.0/STM32CubeIDE/plugins/com.st.stm32cube.ide.mcu.externaltools.gnu-tools-for-stm32.13.3.rel1.win32_1.0.100.202509120712/tools/bin/../lib/gcc/arm-none-eabi/13.3.1/thumb/v7e-m+fp/hard/crtbegin.o

.data           0x20000000       0x74 load address 0x0800bf60
                0x20000000                        . = ALIGN (0x4)
                0x20000000                        _sdata = .
 *(.data)
 *(.data*)
 .data.tx_state
                0x20000000        0x1 ./Core/Src/COMMS_stateMachine.o
                0x20000000                tx_state
 *fill*         0x20000001        0x3 
 .data._ZL18system_time_offset
                0x20000004        0x4 ./Core/Src/app_logic.o
 .data.SystemCoreClock
                0x20000008        0x4 ./Core/Src/system_stm32l4xx.o
                0x20000008                SystemCoreClock
 .data.uwTickPrio
                0x2000000c        0x4 ./Drivers/STM32L4xx_HAL_Driver/Src/stm32l4xx_hal.o
                0x2000000c                uwTickPrio
 .data.uwTickFreq
                0x20000010        0x1 ./Drivers/STM32L4xx_HAL_Driver/Src/stm32l4xx_hal.o
                0x20000010                uwTickFreq
 *fill*         0x20000011        0x3 
 .data.uxCriticalNesting
                0x20000014        0x4 ./Middlewares/Third_Party/FreeRTOS/Source/portable/GCC/ARM_CM4F/port.o
 .data.__sglue  0x20000018        0xc C:/ST/STM32CubeIDE_2.0.0/STM32CubeIDE/plugins/com.st.stm32cube.ide.mcu.externaltools.gnu-tools-for-stm32.13.3.rel1.win32_1.0.100.202509120712/tools/bin/../lib/gcc/arm-none-eabi/13.3.1/../../../../arm-none-eabi/lib/thumb/v7e-m+fp/hard\libc_nano.a(libc_a-findfp.o)
                0x20000018                __sglue
 .data._impure_ptr
                0x20000024        0x4 C:/ST/STM32CubeIDE_2.0.0/STM32CubeIDE/plugins/com.st.stm32cube.ide.mcu.externaltools.gnu-tools-for-stm32.13.3.rel1.win32_1.0.100.202509120712/tools/bin/../lib/gcc/arm-none-eabi/13.3.1/../../../../arm-none-eabi/lib/thumb/v7e-m+fp/hard\libc_nano.a(libc_a-impure.o)
                0x20000024                _impure_ptr
 .data._impure_data
                0x20000028       0x4c C:/ST/STM32CubeIDE_2.0.0/STM32CubeIDE/plugins/com.st.stm32cube.ide.mcu.externaltools.gnu-tools-for-stm32.13.3.rel1.win32_1.0.100.202509120712/tools/bin/../lib/gcc/arm-none-eabi/13.3.1/../../../../arm-none-eabi/lib/thumb/v7e-m+fp/hard\libc_nano.a(libc_a-impure.o)
                0x20000028                _impure_data
 *(.RamFunc)
 *(.RamFunc*)
                0x20000074                        . = ALIGN (0x4)
                0x20000074                        _edata = .

.igot.plt       0x20000074        0x0 load address 0x0800bfd4
 .igot.plt      0x20000074        0x0 C:/ST/STM32CubeIDE_2.0.0/STM32CubeIDE/plugins/com.st.stm32cube.ide.mcu.externaltools.gnu-tools-for-stm32.13.3.rel1.win32_1.0.100.202509120712/tools/bin/../lib/gcc/arm-none-eabi/13.3.1/thumb/v7e-m+fp/hard/crtbegin.o
                0x20000074                        . = ALIGN (0x4)

.bss            0x20000074    0x124cc load address 0x0800bfd4
                0x20000074                        _sbss = .
                0x20000074                        __bss_start__ = _sbss
 *(.bss)
 .bss           0x20000074       0x1c C:/ST/STM32CubeIDE_2.0.0/STM32CubeIDE/plugins/com.st.stm32cube.ide.mcu.externaltools.gnu-tools-for-stm32.13.3.rel1.win32_1.0.100.202509120712/tools/bin/../lib/gcc/arm-none-eabi/13.3.1/thumb/v7e-m+fp/hard/crtbegin.o
 *(.bss*)
 .bss.RTOS_queue_TX
                0x20000090        0x4 ./Core/Src/COMMS_stateMachine.o
                0x20000090                RTOS_queue_TX
 .bss.RTOS_queue_cmd
                0x20000094        0x4 ./Core/Src/COMMS_stateMachine.o
                0x20000094                RTOS_queue_cmd
 .bss.COMMS_state
                0x20000098        0x1 ./Core/Src/COMMS_stateMachine.o
                0x20000098                COMMS_state
 *fill*         0x20000099        0x3 
 .bss.RTOS_timer_lora_state
                0x2000009c        0x4 ./Core/Src/COMMS_stateMachine.o
                0x2000009c                RTOS_timer_lora_state
 .bss.RTOS_timer_lora_config
                0x200000a0        0x4 ./Core/Src/COMMS_stateMachine.o
                0x200000a0                RTOS_timer_lora_config
 .bss.rs_enabled
                0x200000a4        0x1 ./Core/Src/COMMS_stateMachine.o
                0x200000a4                rs_enabled
 *fill*         0x200000a5        0x3 
 .bss.radio     0x200000a8       0x38 ./Core/Src/app.o
                0x200000a8                radio
 .bss.COMMSTaskHandle
                0x200000e0        0x4 ./Core/Src/app.o
                0x200000e0                COMMSTaskHandle
 .bss.hspi1     0x200000e4       0x64 ./Core/Src/main.o
                0x200000e4                hspi1
 .bss.OBCTaskHandle
                0x20000148        0x4 ./Core/Src/main.o
                0x20000148                OBCTaskHandle
 .bss.htim6     0x2000014c       0x4c ./Core/Src/stm32l4xx_hal_timebase_tim.o
                0x2000014c                htim6
 .bss.__sbrk_heap_end
                0x20000198        0x4 ./Core/Src/sysmem.o
 .bss.Lambda    0x2000019c       0x10 ./Core/Src/rscode/berlekamp.o
 .bss.Omega     0x200001ac       0x10 ./Core/Src/rscode/berlekamp.o
 .bss.ErrorLocs
                0x200001bc      0x400 ./Core/Src/rscode/berlekamp.o
 .bss.NErrors   0x200005bc        0x4 ./Core/Src/rscode/berlekamp.o
 .bss.ErasureLocs
                0x200005c0      0x400 ./Core/Src/rscode/berlekamp.o
 .bss.NErasures
                0x200009c0        0x4 ./Core/Src/rscode/berlekamp.o
 .bss.gexp      0x200009c4      0x800 ./Core/Src/rscode/galois.o
                0x200009c4                gexp
 .bss.glog      0x200011c4      0x400 ./Core/Src/rscode/galois.o
                0x200011c4                glog
 .bss.pBytes    0x200015c4       0x10 ./Core/Src/rscode/rs.o
                0x200015c4                pBytes
 .bss.synBytes  0x200015d4       0x10 ./Core/Src/rscode/rs.o
                0x200015d4                synBytes
 .bss.genPoly   0x200015e4       0x20 ./Core/Src/rscode/rs.o
                0x200015e4                genPoly
 .bss.RS_DEBUG  0x20001604        0x4 ./Core/Src/rscode/rs.o
                0x20001604                RS_DEBUG
 .bss.uwTick    0x20001608        0x4 ./Drivers/STM32L4xx_HAL_Driver/Src/stm32l4xx_hal.o
                0x20001608                uwTick
 .bss.KernelState
                0x2000160c        0x4 ./Middlewares/Third_Party/FreeRTOS/Source/CMSIS_RTOS_V2/cmsis_os2.o
 .bss.Idle_TCB.3
                0x20001610       0xa8 ./Middlewares/Third_Party/FreeRTOS/Source/CMSIS_RTOS_V2/cmsis_os2.o
 .bss.Idle_Stack.2
                0x200016b8      0x200 ./Middlewares/Third_Party/FreeRTOS/Source/CMSIS_RTOS_V2/cmsis_os2.o
 .bss.Timer_TCB.1
                0x200018b8       0xa8 ./Middlewares/Third_Party/FreeRTOS/Source/CMSIS_RTOS_V2/cmsis_os2.o
 .bss.Timer_Stack.0
                0x20001960      0x400 ./Middlewares/Third_Party/FreeRTOS/Source/CMSIS_RTOS_V2/cmsis_os2.o
 .bss.xQueueRegistry
                0x20001d60       0x40 ./Middlewares/Third_Party/FreeRTOS/Source/queue.o
                0x20001d60                xQueueRegistry
 .bss.pxCurrentTCB
                0x20001da0        0x4 ./Middlewares/Third_Party/FreeRTOS/Source/tasks.o
                0x20001da0                pxCurrentTCB
 .bss.pxReadyTasksLists
                0x20001da4      0x460 ./Middlewares/Third_Party/FreeRTOS/Source/tasks.o
 .bss.xDelayedTaskList1
                0x20002204       0x14 ./Middlewares/Third_Party/FreeRTOS/Source/tasks.o
 .bss.xDelayedTaskList2
                0x20002218       0x14 ./Middlewares/Third_Party/FreeRTOS/Source/tasks.o
 .bss.pxDelayedTaskList
                0x2000222c        0x4 ./Middlewares/Third_Party/FreeRTOS/Source/tasks.o
 .bss.pxOverflowDelayedTaskList
                0x20002230        0x4 ./Middlewares/Third_Party/FreeRTOS/Source/tasks.o
 .bss.xPendingReadyList
                0x20002234       0x14 ./Middlewares/Third_Party/FreeRTOS/Source/tasks.o
 .bss.xTasksWaitingTermination
                0x20002248       0x14 ./Middlewares/Third_Party/FreeRTOS/Source/tasks.o
 .bss.uxDeletedTasksWaitingCleanUp
                0x2000225c        0x4 ./Middlewares/Third_Party/FreeRTOS/Source/tasks.o
 .bss.xSuspendedTaskList
                0x20002260       0x14 ./Middlewares/Third_Party/FreeRTOS/Source/tasks.o
 .bss.uxCurrentNumberOfTasks
                0x20002274        0x4 ./Middlewares/Third_Party/FreeRTOS/Source/tasks.o
 .bss.xTickCount
                0x20002278        0x4 ./Middlewares/Third_Party/FreeRTOS/Source/tasks.o
 .bss.uxTopReadyPriority
                0x2000227c        0x4 ./Middlewares/Third_Party/FreeRTOS/Source/tasks.o
 .bss.xSchedulerRunning
                0x20002280        0x4 ./Middlewares/Third_Party/FreeRTOS/Source/tasks.o
 .bss.xPendedTicks
                0x20002284        0x4 ./Middlewares/Third_Party/FreeRTOS/Source/tasks.o
 .bss.xYieldPending
                0x20002288        0x4 ./Middlewares/Third_Party/FreeRTOS/Source/tasks.o
 .bss.xNumOfOverflows
                0x2000228c        0x4 ./Middlewares/Third_Party/FreeRTOS/Source/tasks.o
 .bss.uxTaskNumber
                0x20002290        0x4 ./Middlewares/Third_Party/FreeRTOS/Source/tasks.o
 .bss.xNextTaskUnblockTime
                0x20002294        0x4 ./Middlewares/Third_Party/FreeRTOS/Source/tasks.o
 .bss.xIdleTaskHandle
                0x20002298        0x4 ./Middlewares/Third_Party/FreeRTOS/Source/tasks.o
 .bss.uxSchedulerSuspended
                0x2000229c        0x4 ./Middlewares/Third_Party/FreeRTOS/Source/tasks.o
 .bss.xActiveTimerList1
                0x200022a0       0x14 ./Middlewares/Third_Party/FreeRTOS/Source/timers.o
 .bss.xActiveTimerList2
                0x200022b4       0x14 ./Middlewares/Third_Party/FreeRTOS/Source/timers.o
 .bss.pxCurrentTimerList
                0x200022c8        0x4 ./Middlewares/Third_Party/FreeRTOS/Source/timers.o
 .bss.pxOverflowTimerList
                0x200022cc        0x4 ./Middlewares/Third_Party/FreeRTOS/Source/timers.o
 .bss.xTimerQueue
                0x200022d0        0x4 ./Middlewares/Third_Party/FreeRTOS/Source/timers.o
 .bss.xTimerTaskHandle
                0x200022d4        0x4 ./Middlewares/Third_Party/FreeRTOS/Source/timers.o
 .bss.xLastTime.2
                0x200022d8        0x4 ./Middlewares/Third_Party/FreeRTOS/Source/timers.o
 .bss.ucStaticTimerQueueStorage.1
                0x200022dc       0xa0 ./Middlewares/Third_Party/FreeRTOS/Source/timers.o
 .bss.xStaticTimerQueue.0
                0x2000237c       0x50 ./Middlewares/Third_Party/FreeRTOS/Source/timers.o
 .bss.ucMaxSysCallPriority
                0x200023cc        0x1 ./Middlewares/Third_Party/FreeRTOS/Source/portable/GCC/ARM_CM4F/port.o
 *fill*         0x200023cd        0x3 
 .bss.ulMaxPRIGROUPValue
                0x200023d0        0x4 ./Middlewares/Third_Party/FreeRTOS/Source/portable/GCC/ARM_CM4F/port.o
 .bss.ucHeap    0x200023d4    0x10000 ./Middlewares/Third_Party/FreeRTOS/Source/portable/MemMang/heap_4.o
 .bss.xStart    0x200123d4        0x8 ./Middlewares/Third_Party/FreeRTOS/Source/portable/MemMang/heap_4.o
 .bss.pxEnd     0x200123dc        0x4 ./Middlewares/Third_Party/FreeRTOS/Source/portable/MemMang/heap_4.o
 .bss.xFreeBytesRemaining
                0x200123e0        0x4 ./Middlewares/Third_Party/FreeRTOS/Source/portable/MemMang/heap_4.o