Archive member included to satisfy reference by file (symbol)

C:/ST/STM32CubeIDE_2.0.0/STM32CubeIDE/plugins/com.st.stm32cube.ide.mcu.externaltools.gnu-tools-for-stm32.13.3.rel1.win32_1.0.100.202509120712/tools/bin/../lib/gcc/arm-none-eabi/13.3.1/../../../../arm-none-eabi/lib/thumb/v7e-m+fp/hard\libc_nano.a(libc_a-exit.o)
                              C:/ST/STM32CubeIDE_2.0.0/STM32CubeIDE/plugins/com.st.stm32cube.ide.mcu.externaltools.gnu-tools-for-stm32.13.3.rel1.win32_1.0.100.202509120712/tools/bin/../lib/gcc/arm-none-eabi/13.3.1/../../../../arm-none-eabi/lib/thumb/v7e-m+fp/hard/crt0.o (exit)
C:/ST/STM32CubeIDE_2.0.0/STM32CubeIDE/plugins/com.st.stm32cube.ide.mcu.externaltools.gnu-tools-for-stm32.13.3.rel1.win32_1.0.100.202509120712/tools/bin/../lib/gcc/arm-none-eabi/13.3.1/../../../../arm-none-eabi/lib/thumb/v7e-m+fp/hard\libc_nano.a(libc_a-malloc.o)
                              ./Core/Src/app_logic.o (malloc)
C:/ST/STM32CubeIDE_2.0.0/STM32CubeIDE/plugins/com.st.stm32cube.ide.mcu.externaltools.gnu-tools-for-stm32.13.3.rel1.win32_1.0.100.202509120712/tools/bin/../lib/gcc/arm-none-eabi/13.3.1/../../../../arm-none-eabi/lib/thumb/v7e-m+fp/hard\libc_nano.a(libc_a-mallocr.o)
                              C:/ST/STM32CubeIDE_2.0.0/STM32CubeIDE/plugins/com.st.stm32cube.ide.mcu.externaltools.gnu-tools-for-stm32.13.3.rel1.win32_1.0.100.202509120712/tools/bin/../lib/gcc/arm-none-eabi/13.3.1/../../../../arm-none-eabi/lib/thumb/v7e-m+fp/hard\libc_nano.a(libc_a-malloc.o) (_malloc_r)
C:/ST/STM32CubeIDE_2.0.0/STM32CubeIDE/plugins/com.st.stm32cube.ide.mcu.externaltools.gnu-tools-for-stm32.13.3.rel1.win32_1.0.100.202509120712/tools/bin/../lib/gcc/arm-none-eabi/13.3.1/../../../../arm-none-eabi/lib/thumb/v7e-m+fp/hard\libc_nano.a(libc_a-mlock.o)
                              C:/ST/STM32CubeIDE_2.0.0/STM32CubeIDE/plugins/com.st.stm32cube.ide.mcu.externaltools.gnu-tools-for-stm32.13.3.rel1.win32_1.0.100.202509120712/tools/bin/../lib/gcc/arm-none-eabi/13.3.1/../../../../arm-none-eabi/lib/thumb/v7e-m+fp/hard\libc_nano.a(libc_a-mallocr.o) (__malloc_lock)
C:/ST/STM32CubeIDE_2.0.0/STM32CubeIDE/plugins/com.st.stm32cube.ide.mcu.externaltools.gnu-tools-for-stm32.13.3.rel1.win32_1.0.100.202509120712/tools/bin/../lib/gcc/arm-none-eabi/13.3.1/../../../../arm-none-eabi/lib/thumb/v7e-m+fp/hard\libc_nano.a(libc_a-findfp.o)
                              ./Middlewares/Third_Party/FreeRTOS/Source/tasks.o (__sf)
C:/ST/STM32CubeIDE_2.0.0/STM32CubeIDE/plugins/com.st.stm32cube.ide.mcu.externaltools.gnu-tools-for-stm32.13.3.rel1.win32_1.0.100.202509120712/tools/bin/../lib/gcc/arm-none-eabi/13.3.1/../../../../arm-none-eabi/lib/thumb/v7e-m+fp/hard\libc_nano.a(libc_a-fprintf.o)
                              ./Core/Src/rscode/berlekamp.o (fprintf)
C:/ST/STM32CubeIDE_2.0.0/STM32CubeIDE/plugins/com.st.stm32cube.ide.mcu.externaltools.gnu-tools-for-stm32.13.3.rel1.win32_1.0.100.202509120712/tools/bin/../lib/gcc/arm-none-eabi/13.3.1/../../../../arm-none-eabi/lib/thumb/v7e-m+fp/hard\libc_nano.a(libc_a-fwalk.o)
                              C:/ST/STM32CubeIDE_2.0.0/STM32CubeIDE/plugins/com.st.stm32cube.ide.mcu.externaltools.gnu-tools-for-stm32.13.3.rel1.win32_1.0.100.202509120712/tools/bin/../lib/gcc/arm-none-eabi/13.3.1/../../../../arm-none-eabi/lib/thumb/v7e-m+fp/hard\libc_nano.a(libc_a-findfp.o) (_fwalk_sglue)
C:/ST/STM32CubeIDE_2.0.0/STM32CubeIDE/plugins/com.st.stm32cube.ide.mcu.externaltools.gnu-tools-for-stm32.13.3.rel1.win32_1.0.100.202509120712/tools/bin/../lib/gcc/arm-none-eabi/13.3.1/../../../../arm-none-eabi/lib/thumb/v7e-m+fp/hard\libc_nano.a(libc_a-fwrite.o)
                              ./Core/Src/rscode/berlekamp.o (fwrite)
C:/ST/STM32CubeIDE_2.0.0/STM32CubeIDE/plugins/com.st.stm32cube.ide.mcu.externaltools.gnu-tools-for-stm32.13.3.rel1.win32_1.0.100.202509120712/tools/bin/../lib/gcc/arm-none-eabi/13.3.1/../../../../arm-none-eabi/lib/thumb/v7e-m+fp/hard\libc_nano.a(libc_a-printf.o)
                              ./Core/Src/COMMS_stateMachine.o (printf)
C:/ST/STM32CubeIDE_2.0.0/STM32CubeIDE/plugins/com.st.stm32cube.ide.mcu.externaltools.gnu-tools-for-stm32.13.3.rel1.win32_1.0.100.202509120712/tools/bin/../lib/gcc/arm-none-eabi/13.3.1/../../../../arm-none-eabi/lib/thumb/v7e-m+fp/hard\libc_nano.a(libc_a-putchar.o)
                              ./Core/Src/app.o (putchar)
C:/ST/STM32CubeIDE_2.0.0/STM32CubeIDE/plugins/com.st.stm32cube.ide.mcu.externaltools.gnu-tools-for-stm32.13.3.rel1.win32_1.0.100.202509120712/tools/bin/../lib/gcc/arm-none-eabi/13.3.1/../../../../arm-none-eabi/lib/thumb/v7e-m+fp/hard\libc_nano.a(libc_a-puts.o)
                              ./Core/Src/COMMS_stateMachine.o (puts)
C:/ST/STM32CubeIDE_2.0.0/STM32CubeIDE/plugins/com.st.stm32cube.ide.mcu.externaltools.gnu-tools-for-stm32.13.3.rel1.win32_1.0.100.202509120712/tools/bin/../lib/gcc/arm-none-eabi/13.3.1/../../../../arm-none-eabi/lib/thumb/v7e-m+fp/hard\libc_nano.a(libc_a-stdio.o)
[...]
Memory Configuration

Name             Origin             Length             Attributes
RAM              0x20000000         0x00040000         xrw
RAM2             0x10000000         0x00010000         xrw
FLASH            0x08000000         0x00100000         xr
*default*        0x00000000         0xffffffff

Linker script and memory map

LOAD C:/ST/STM32CubeIDE_2.0.0/STM32CubeIDE/plugins/com.st.stm32cube.ide.mcu.externaltools.gnu-tools-for-stm32.13.3.rel1.win32_1.0.100.202509120712/tools/bin/../lib/gcc/arm-none-eabi/13.3.1/thumb/v7e-m+fp/hard/crti.o
LOAD C:/ST/STM32CubeIDE_2.0.0/STM32CubeIDE/plugins/com.st.stm32cube.ide.mcu.externaltools.gnu-tools-for-stm32.13.3.rel1.win32_1.0.100.202509120712/tools/bin/../lib/gcc/arm-none-eabi/13.3.1/thumb/v7e-m+fp/hard/crtbegin.o
LOAD C:/ST/STM32CubeIDE_2.0.0/STM32CubeIDE/plugins/com.st.stm32cube.ide.mcu.externaltools.gnu-tools-for-stm32.13.3.rel1.win32_1.0.100.202509120712/tools/bin/../lib/gcc/arm-none-eabi/13.3.1/../../../../arm-none-eabi/lib/thumb/v7e-m+fp/hard/crt0.o
LOAD ./Core/Src/COMMS_stateMachine.o
LOAD ./Core/Src/SX1268.o
LOAD ./Core/Src/app.o
LOAD ./Core/Src/app_logic.o
LOAD ./Core/Src/freertos.o
LOAD ./Core/Src/main.o
LOAD ./Core/Src/sha256.o
LOAD ./Core/Src/stm32l4xx_hal_msp.o
LOAD ./Core/Src/stm32l4xx_hal_timebase_tim.o
LOAD ./Core/Src/stm32l4xx_it.o
LOAD ./Core/Src/syscalls.o
LOAD ./Core/Src/sysmem.o
LOAD ./Core/Src/system_stm32l4xx.o
LOAD ./Core/Src/rscode/berlekamp.o
LOAD ./Core/Src/rscode/crcgen.o
LOAD ./Core/Src/rscode/galois.o
LOAD ./Core/Src/rscode/rs.o
LOAD ./Core/Startup/startup_stm32l496vgtx.o
LOAD ./Drivers/STM32L4xx_HAL_Driver/Src/stm32l4xx_hal.o
LOAD ./Drivers/STM32L4xx_HAL_Driver/Src/stm32l4xx_hal_cortex.o
LOAD ./Drivers/STM32L4xx_HAL_Driver/Src/stm32l4xx_hal_dma.o
LOAD ./Drivers/STM32L4xx_HAL_Driver/Src/stm32l4xx_hal_dma_ex.o
LOAD ./Drivers/STM32L4xx_HAL_Driver/Src/stm32l4xx_hal_exti.o
LOAD ./Drivers/STM32L4xx_HAL_Driver/Src/stm32l4xx_hal_flash.o
LOAD ./Drivers/STM32L4xx_HAL_Driver/Src/stm32l4xx_hal_flash_ex.o
LOAD ./Drivers/STM32L4xx_HAL_Driver/Src/stm32l4xx_hal_flash_ramfunc.o
LOAD ./Drivers/STM32L4xx_HAL_Driver/Src/stm32l4xx_hal_gpio.o
LOAD ./Drivers/STM32L4xx_HAL_Driver/Src/stm32l4xx_hal_i2c.o
LOAD ./Drivers/STM32L4xx_HAL_Driver/Src/stm32l4xx_hal_i2c_ex.o
LOAD ./Drivers/STM32L4xx_HAL_Driver/Src/stm32l4xx_hal_pwr.o
LOAD ./Drivers/STM32L4xx_HAL_Driver/Src/stm32l4xx_hal_pwr_ex.o
LOAD ./Drivers/STM32L4xx_HAL_Driver/Src/stm32l4xx_hal_rcc.o
LOAD ./Drivers/STM32L4xx_HAL_Driver/Src/stm32l4xx_hal_rcc_ex.o
LOAD ./Drivers/STM32L4xx_HAL_Driver/Src/stm32l4xx_hal_spi.o
LOAD ./Drivers/STM32L4xx_HAL_Driver/Src/stm32l4xx_hal_spi_ex.o
LOAD ./Drivers/STM32L4xx_HAL_Driver/Src/stm32l4xx_hal_tim.o
LOAD ./Drivers/STM32L4xx_HAL_Driver/Src/stm32l4xx_hal_tim_ex.o
LOAD ./Middlewares/Third_Party/FreeRTOS/Source/CMSIS_RTOS_V2/cmsis_os2.o
LOAD ./Middlewares/Third_Party/FreeRTOS/Source/croutine.o
LOAD ./Middlewares/Third_Party/FreeRTOS/Source/event_groups.o
LOAD ./Middlewares/Third_Party/FreeRTOS/Source/list.o
LOAD ./Middlewares/Third_Party/FreeRTOS/Source/queue.o
LOAD ./Middlewares/Third_Party/FreeRTOS/Source/stream_buffer.o
LOAD ./Middlewares/Third_Party/FreeRTOS/Source/tasks.o
LOAD ./Middlewares/Third_Party/FreeRTOS/Source/timers.o
LOAD ./Middlewares/Third_Party/FreeRTOS/Source/portable/GCC/ARM_CM4F/port.o
LOAD ./Middlewares/Third_Party/FreeRTOS/Source/portable/MemMang/heap_4.o
START GROUP
LOAD C:/ST/STM32CubeIDE_2.0.0/STM32CubeIDE/plugins/com.st.stm32cube.ide.mcu.externaltools.gnu-tools-for-stm32.13.3.rel1.win32_1.0.100.202509120712/tools/bin/../lib/gcc/arm-none-eabi/13.3.1/../../../../arm-none-eabi/lib/thumb/v7e-m+fp/hard\libstdc++_nano.a
LOAD C:/ST/STM32CubeIDE_2.0.0/STM32CubeIDE/plugins/com.st.stm32cube.ide.mcu.externaltools.gnu-tools-for-stm32.13.3.rel1.win32_1.0.100.202509120712/tools/bin/../lib/gcc/arm-none-eabi/13.3.1/../../../../arm-none-eabi/lib/thumb/v7e-m+fp/hard\libsupc++_nano.a
END GROUP
LOAD C:/ST/STM32CubeIDE_2.0.0/STM32CubeIDE/plugins/com.st.stm32cube.ide.mcu.externaltools.gnu-tools-for-stm32.13.3.rel1.win32_1.0.100.202509120712/tools/bin/../lib/gcc/arm-none-eabi/13.3.1/../../../../arm-none-eabi/lib/thumb/v7e-m+fp/hard\libstdc++_nano.a
LOAD C:/ST/STM32CubeIDE_2.0.0/STM32CubeIDE/plugins/com.st.stm32cube.ide.mcu.externaltools.gnu-tools-for-stm32.13.3.rel1.win32_1.0.100.202509120712/tools/bin/../lib/gcc/arm-none-eabi/13.3.1/../../../../arm-none-eabi/lib/thumb/v7e-m+fp/hard\libm.a
LOAD C:/ST/STM32CubeIDE_2.0.0/STM32CubeIDE/plugins/com.st.stm32cube.ide.mcu.externaltools.gnu-tools-for-stm32.13.3.rel1.win32_1.0.100.202509120712/tools/bin/../lib/gcc/arm-none-eabi/13.3.1/../../../../arm-none-eabi/lib/thumb/v7e-m+fp/hard\libc_nano.a
START GROUP
LOAD C:/ST/STM32CubeIDE_2.0.0/STM32CubeIDE/plugins/com.st.stm32cube.ide.mcu.externaltools.gnu-tools-for-stm32.13.3.rel1.win32_1.0.100.202509120712/tools/bin/../lib/gcc/arm-none-eabi/13.3.1/thumb/v7e-m+fp/hard\libgcc.a
LOAD C:/ST/STM32CubeIDE_2.0.0/STM32CubeIDE/plugins/com.st.stm32cube.ide.mcu.externaltools.gnu-tools-for-stm32.13.3.rel1.win32_1.0.100.202509120712/tools/bin/../lib/gcc/arm-none-eabi/13.3.1/../../../../arm-none-eabi/lib/thumb/v7e-m+fp/hard\libc_nano.a
END GROUP
START GROUP
LOAD C:/ST/STM32CubeIDE_2.0.0/STM32CubeIDE/plugins/com.st.stm32cube.ide.mcu.externaltools.gnu-tools-for-stm32.13.3.rel1.win32_1.0.100.202509120712/tools/bin/../lib/gcc/arm-none-eabi/13.3.1/thumb/v7e-m+fp/hard\libgcc.a
LOAD C:/ST/STM32CubeIDE_2.0.0/STM32CubeIDE/plugins/com.st.stm32cube.ide.mcu.externaltools.gnu-tools-for-stm32.13.3.rel1.win32_1.0.100.202509120712/tools/bin/../lib/gcc/arm-none-eabi/13.3.1/../../../../arm-none-eabi/lib/thumb/v7e-m+fp/hard\libc_nano.a
END GROUP
LOAD C:/ST/STM32CubeIDE_2.0.0/STM32CubeIDE/plugins/com.st.stm32cube.ide.mcu.externaltools.gnu-tools-for-stm32.13.3.rel1.win32_1.0.100.202509120712/tools/bin/../lib/gcc/arm-none-eabi/13.3.1/thumb/v7e-m+fp/hard/crtend.o
LOAD C:/ST/STM32CubeIDE_2.0.0/STM32CubeIDE/plugins/com.st.stm32cube.ide.mcu.externaltools.gnu-tools-for-stm32.13.3.rel1.win32_1.0.100.202509120712/tools/bin/../lib/gcc/arm-none-eabi/13.3.1/thumb/v7e-m+fp/hard/crtn.o
                0x20040000                        _estack = (ORIGIN (RAM) + LENGTH (RAM))
                0x00000200                        _Min_Heap_Size = 0x200
                0x00000400                        _Min_Stack_Size = 0x400

.isr_vector     0x08000000      0x1ac
                0x08000000                        . = ALIGN (0x4)
 *(.isr_vector)
 .isr_vector    0x08000000      0x1ac ./Core/Startup/startup_stm32l496vgtx.o
                0x08000000                g_pfnVectors
                0x080001ac                        . = ALIGN (0x4)

.text           0x080001b0     0xad78
                0x080001b0                        . = ALIGN (0x4)
 *(.text)
 .text          0x080001b0       0x40 C:/ST/STM32CubeIDE_2.0.0/STM32CubeIDE/plugins/com.st.stm32cube.ide.mcu.externaltools.gnu-tools-for-stm32.13.3.rel1.win32_1.0.100.202509120712/tools/bin/../lib/gcc/arm-none-eabi/13.3.1/thumb/v7e-m+fp/hard/crtbegin.o
 .text          0x080001f0       0xa0 C:/ST/STM32CubeIDE_2.0.0/STM32CubeIDE/plugins/com.st.stm32cube.ide.mcu.externaltools.gnu-tools-for-stm32.13.3.rel1.win32_1.0.100.202509120712/tools/bin/../lib/gcc/arm-none-eabi/13.3.1/../../../../arm-none-eabi/lib/thumb/v7e-m+fp/hard\libc_nano.a(libc_a-memchr.o)
                0x080001f0                memchr
 .text          0x08000290      0x254 C:/ST/STM32CubeIDE_2.0.0/STM32CubeIDE/plugins/com.st.stm32cube.ide.mcu.externaltools.gnu-tools-for-stm32.13.3.rel1.win32_1.0.100.202509120712/tools/bin/../lib/gcc/arm-none-eabi/13.3.1/thumb/v7e-m+fp/hard\libgcc.a(_arm_muldf3.o)
                0x08000290                __muldf3
                0x08000290                __aeabi_dmul
 .text          0x080004e4      0x378 C:/ST/STM32CubeIDE_2.0.0/STM32CubeIDE/plugins/com.st.stm32cube.ide.mcu.externaltools.gnu-tools-for-stm32.13.3.rel1.win32_1.0.100.202509120712/tools/bin/../lib/gcc/arm-none-eabi/13.3.1/thumb/v7e-m+fp/hard\libgcc.a(_arm_addsubdf3.o)
                0x080004e4                __aeabi_drsub
                0x080004ec                __aeabi_dsub
                0x080004ec                __subdf3
                0x080004f0                __aeabi_dadd
                0x080004f0                __adddf3
                0x08000768                __floatunsidf
                0x08000768                __aeabi_ui2d
                0x08000788                __floatsidf
                0x08000788                __aeabi_i2d
                0x080007ac                __aeabi_f2d
                0x080007ac                __extendsfdf2
                0x080007f0                __floatundidf
                0x080007f0                __aeabi_ul2d
                0x08000800                __floatdidf
                0x08000800                __aeabi_l2d
 .text          0x0800085c       0x40 C:/ST/STM32CubeIDE_2.0.0/STM32CubeIDE/plugins/com.st.stm32cube.ide.mcu.externaltools.gnu-tools-for-stm32.13.3.rel1.win32_1.0.100.202509120712/tools/bin/../lib/gcc/arm-none-eabi/13.3.1/thumb/v7e-m+fp/hard\libgcc.a(_arm_fixunsdfsi.o)
                0x0800085c                __aeabi_d2uiz
                0x0800085c                __fixunsdfsi
 *(.text*)
 .text._Z18COMMS_stateMachinePv
                0x0800089c      0x430 ./Core/Src/COMMS_stateMachine.o
                0x0800089c                COMMS_stateMachine(void*)
 .text._ZN6SX1268C2EP19__SPI_HandleTypeDefP12GPIO_TypeDeftS3_tS3_tS3_t
                0x08000ccc       0x5e ./Core/Src/SX1268.o
                0x08000ccc                SX1268::SX1268(__SPI_HandleTypeDef*, GPIO_TypeDef*, unsigned short, GPIO_TypeDef*, unsigned short, GPIO_TypeDef*, unsigned short, GPIO_TypeDef*, unsigned short)
                0x08000ccc                SX1268::SX1268(__SPI_HandleTypeDef*, GPIO_TypeDef*, unsigned short, GPIO_TypeDef*, unsigned short, GPIO_TypeDef*, unsigned short, GPIO_TypeDef*, unsigned short)
 *fill*         0x08000d2a        0x2 
 .text._ZN6SX126811WaitForBusyEv
                0x08000d2c       0x60 ./Core/Src/SX1268.o
                0x08000d2c                SX1268::WaitForBusy()
 .text._ZN6SX126812WriteCommandEhPhh
                0x08000d8c       0x6e ./Core/Src/SX1268.o
                0x08000d8c                SX1268::WriteCommand(unsigned char, unsigned char*, unsigned char)
 .text._ZN6SX126811ReadCommandEhPhS0_h
                0x08000dfa       0x86 ./Core/Src/SX1268.o
                0x08000dfa                SX1268::ReadCommand(unsigned char, unsigned char*, unsigned char*, unsigned char)
 .text._ZN6SX126811WriteBufferEhPhh
                0x08000e80       0x92 ./Core/Src/SX1268.o
                0x08000e80                SX1268::WriteBuffer(unsigned char, unsigned char*, unsigned char)
 .text._ZN6SX126810ReadBufferEhPhh
                0x08000f12       0x90 ./Core/Src/SX1268.o
                0x08000f12                SX1268::ReadBuffer(unsigned char, unsigned char*, unsigned char)
 .text._ZN6SX126810SetStandbyEh
                0x08000fa2       0x20 ./Core/Src/SX1268.o
                0x08000fa2                SX1268::SetStandby(unsigned char)
 *fill*         0x08000fc2        0x2 
 .text._ZN6SX12685beginEffhhhatfb
                0x08000fc4      0x10c ./Core/Src/SX1268.o
                0x08000fc4                SX1268::begin(float, float, unsigned char, unsigned char, unsigned char, signed char, unsigned short, float, bool)
 .text._Z12MapBandwidthf
                0x080010d0       0x68 ./Core/Src/SX1268.o
                0x080010d0                MapBandwidth(float)
 .text._ZN6SX126819SetModulationParamsEhhhh
                0x08001138       0x4a ./Core/Src/SX1268.o
                0x08001138                SX1268::SetModulationParams(unsigned char, unsigned char, unsigned char, unsigned char)
 .text._ZN6SX126815SetPacketParamsEthhhh
                0x08001182       0x50 ./Core/Src/SX1268.o
                0x08001182                SX1268::SetPacketParams(unsigned short, unsigned char, unsigned char, unsigned char, unsigned char)
 *fill*         0x080011d2        0x6 
 .text._ZN6SX126812setFrequencyEf
                0x080011d8       0x90 ./Core/Src/SX1268.o
                0x080011d8                SX1268::setFrequency(float)
 .text._ZN6SX126812startReceiveEv
                0x08001268       0x40 ./Core/Src/SX1268.o
                0x08001268                SX1268::startReceive()
 .text._ZN6SX126813startTransmitEPhh
                0x080012a8       0x80 ./Core/Src/SX1268.o
                0x080012a8                SX1268::startTransmit(unsigned char*, unsigned char)
 .text._ZN6SX12688readDataEPhh
                0x08001328       0x64 ./Core/Src/SX1268.o
                0x08001328                SX1268::readData(unsigned char*, unsigned char)
 .text._ZN6SX126815getPacketLengthEv
                0x0800138c       0x2a ./Core/Src/SX1268.o
                0x0800138c                SX1268::getPacketLength()
 .text._ZN6SX126812setBandwidthEf
                0x080013b6       0x42 ./Core/Src/SX1268.o
                0x080013b6                SX1268::setBandwidth(float)
 .text._ZN6SX126818setSpreadingFactorEh
                0x080013f8       0x44 ./Core/Src/SX1268.o
                0x080013f8                SX1268::setSpreadingFactor(unsigned char)
 .text._ZN6SX126813setCodingRateEh
                0x0800143c       0x46 ./Core/Src/SX1268.o
                0x0800143c                SX1268::setCodingRate(unsigned char)
 .text._ZN6SX126814setOutputPowerEa
                0x08001482       0x30 ./Core/Src/SX1268.o
                0x08001482                SX1268::setOutputPower(signed char)
 *fill*         0x080014b2        0x2 
 .text._ZN6SX12687getRSSIEv
                0x080014b4       0x20 ./Core/Src/SX1268.o
                0x080014b4                SX1268::getRSSI()
 .text._ZN6SX12686getSNREv
                0x080014d4       0x20 ./Core/Src/SX1268.o
                0x080014d4                SX1268::getSNR()
 .text._ZN6SX126817getFrequencyErrorEv
                0x080014f4       0x1e ./Core/Src/SX1268.o
                0x080014f4                SX1268::getFrequencyError()
 .text._ZN6SX126823setPacketReceivedActionEPFvvE
                0x08001512       0x1c ./Core/Src/SX1268.o
                0x08001512                SX1268::setPacketReceivedAction(void (*)())
 .text._ZN6SX126819setPacketSentActionEPFvvE
                0x0800152e       0x1c ./Core/Src/SX1268.o
                0x0800152e                SX1268::setPacketSentAction(void (*)())
 *fill*         0x0800154a        0x2 
 .text._Z13PowerUp_COMMSv
                0x0800154c       0x44 ./Core/Src/app.o
                0x0800154c                PowerUp_COMMS()
 .text.app_OBC_loop
                0x08001590       0xa8 ./Core/Src/app.o
                0x08001590                app_OBC_loop
 .text._Z41__static_initialization_and_destruction_0v
                0x08001638       0x48 ./Core/Src/app.o
 .text._GLOBAL__sub_I_radio
                0x08001680        0xa ./Core/Src/app.o
 *fill*         0x0800168a        0x2 
 .text._Z19printStartupMessagePKc
                0x0800168c       0x2c ./Core/Src/app_logic.o
                0x0800168c                printStartupMessage(char const*)
 .text._Z16printRadioStatussb
                0x080016b8       0x64 ./Core/Src/app_logic.o
                0x080016b8                printRadioStatus(short, bool)
 .text._Z9printDataPKcPKhh
                0x0800171c       0x5c ./Core/Src/app_logic.o
                0x0800171c                printData(char const*, unsigned char const*, unsigned char)
 .text._Z11printPacketPKcPK6Packet
                0x08001778       0xec ./Core/Src/app_logic.o
                0x08001778                printPacket(char const*, Packet const*)
 .text._Z7setUNIXm
                0x08001864       0x3c ./Core/Src/app_logic.o
                0x08001864                setUNIX(unsigned long)
 .text._Z7getUNIXv
                0x080018a0       0x24 ./Core/Src/app_logic.o
                0x080018a0                getUNIX()
 .text._Z7makeMACPK6PacketPm
                0x080018c4       0xd4 ./Core/Src/app_logic.o
                0x080018c4                makeMAC(Packet const*, unsigned long*)
 .text._Z17writeFloatToBytesfPh
                0x08001998       0x48 ./Core/Src/app_logic.o
                0x08001998                writeFloatToBytes(float, unsigned char*)
 .text._Z11packetEventv
                0x080019e0       0x48 ./Core/Src/app_logic.o
                0x080019e0                packetEvent()
 .text._Z14startReceptionv
                0x08001a28       0x34 ./Core/Src/app_logic.o
                0x08001a28                startReception()
 .text._Z17startTransmissionPhh
                0x08001a5c       0x48 ./Core/Src/app_logic.o
                0x08001a5c                startTransmission(unsigned char*, unsigned char)
 .text._ZN6Packet4initEbh
                0x08001aa4       0x6e ./Core/Src/app_logic.o
                0x08001aa4                Packet::init(bool, unsigned char)
 .text._ZN6Packet10setPayloadEPKhh
                0x08001b12       0x38 ./Core/Src/app_logic.o
                0x08001b12                Packet::setPayload(unsigned char const*, unsigned char)
 .text._ZN6Packet4sealEv
                0x08001b4a       0x40 ./Core/Src/app_logic.o
                0x08001b4a                Packet::seal()
 .text._Z12dataToPacketPKhhP6Packet
                0x08001b8a      0x182 ./Core/Src/app_logic.o
                0x08001b8a                dataToPacket(unsigned char const*, unsigned char, Packet*)
 .text._Z12packetToDataPK6PacketPh
                0x08001d0c       0xea ./Core/Src/app_logic.o
                0x08001d0c                packetToData(Packet const*, unsigned char*)
 .text._Z16isDataECCEnabledPKhh
                0x08001df6       0x32 ./Core/Src/app_logic.o
                0x08001df6                isDataECCEnabled(unsigned char const*, unsigned char)
 .text._Z9encodeECCPhRh
                0x08001e28      0x1a8 ./Core/Src/app_logic.o
                0x08001e28                encodeECC(unsigned char*, unsigned char&)
 .text._Z9decodeECCPhRh
                0x08001fd0      0x170 ./Core/Src/app_logic.o
                0x08001fd0                decodeECC(unsigned char*, unsigned char&)
 .text._Z10executeTECPK6Packet
                0x08002140      0x53c ./Core/Src/app_logic.o
                0x08002140                executeTEC(Packet const*)
 .text._Z5isTECh
                0x0800267c       0x48 ./Core/Src/app_logic.o
                0x0800267c                isTEC(unsigned char)
 .text._Z11isACKNeededPK6Packet
                0x080026c4       0x22 ./Core/Src/app_logic.o
                0x080026c4                isACKNeeded(Packet const*)
 .text._Z17isACKNeededBeforePK6Packet
                0x080026e6       0x26 ./Core/Src/app_logic.o
                0x080026e6                isACKNeededBefore(Packet const*)
 .text._Z7sendACKbh
                0x0800270c       0x54 ./Core/Src/app_logic.o
                0x0800270c                sendACK(bool, unsigned char)
 .text._Z8sendNACKbha
                0x08002760       0x60 ./Core/Src/app_logic.o
                0x08002760                sendNACK(bool, unsigned char, signed char)
 .text._Z18queueDelayedPacketP15tmrTimerControl
                0x080027c0       0x94 ./Core/Src/app_logic.o
                0x080027c0                queueDelayedPacket(tmrTimerControl*)
 .text._Z20createDelayedCommandPK6PacketPFvP15tmrTimerControlEmPFvPS_EPS3_PKc
                0x08002854       0xe0 ./Core/Src/app_logic.o
                0x08002854                createDelayedCommand(Packet const*, void (*)(tmrTimerControl*), unsigned long, void (*)(Packet*), tmrTimerControl**, char const*)
 .text._Z19deleteTimerIfExistsPP15tmrTimerControlPKc
                0x08002934       0x7c ./Core/Src/app_logic.o
                0x08002934                deleteTimerIfExists(tmrTimerControl**, char const*)
 .text._Z20editDelayedLoraStateP6Packet
                0x080029b0       0x36 ./Core/Src/app_logic.o
                0x080029b0                editDelayedLoraState(Packet*)
 *fill*         0x080029e6        0x2 
 .text._Z21editDelayedLoraConfigP6Packet
                0x080029e8       0xcc ./Core/Src/app_logic.o
                0x080029e8                editDelayedLoraConfig(Packet*)
 .text.ITM_SendChar
                0x08002ab4       0x4e ./Core/Src/main.o
 .text._write   0x08002b02       0x38 ./Core/Src/main.o
                0x08002b02                _write
 *fill*         0x08002b3a        0x2 
 .text.main     0x08002b3c       0x3c ./Core/Src/main.o
                0x08002b3c                main
 .text.SystemClock_Config
                0x08002b78       0x8c ./Core/Src/main.o
                0x08002b78                SystemClock_Config
 .text.MX_SPI1_Init
                0x08002c04       0x7c ./Core/Src/main.o
 .text.MX_GPIO_Init
                0x08002c80       0xfc ./Core/Src/main.o
 .text.StartOBCTask
                0x08002d7c       0x24 ./Core/Src/main.o
                0x08002d7c                StartOBCTask
 .text.HAL_TIM_PeriodElapsedCallback
                0x08002da0       0x24 ./Core/Src/main.o
                0x08002da0                HAL_TIM_PeriodElapsedCallback
 .text.Error_Handler
                0x08002dc4        0xc ./Core/Src/main.o
                0x08002dc4                Error_Handler
 .text.sha256_transform
                0x08002dd0      0x414 ./Core/Src/sha256.o
                0x08002dd0                sha256_transform
 .text.sha256_init
                0x080031e4       0x78 ./Core/Src/sha256.o
                0x080031e4                sha256_init
 .text.sha256_update
                0x0800325c       0x96 ./Core/Src/sha256.o
                0x0800325c                sha256_update
 .text.sha256_final
                0x080032f2      0x29e ./Core/Src/sha256.o
                0x080032f2                sha256_final
 .text.hmac_sha256
                0x08003590      0x1c0 ./Core/Src/sha256.o
                0x08003590                hmac_sha256
 .text.HAL_MspInit
                0x08003750       0x50 ./Core/Src/stm32l4xx_hal_msp.o
                0x08003750                HAL_MspInit
 .text.HAL_SPI_MspInit
                0x080037a0       0x84 ./Core/Src/stm32l4xx_hal_msp.o
                0x080037a0                HAL_SPI_MspInit
 .text.HAL_InitTick
                0x08003824       0xf4 ./Core/Src/stm32l4xx_hal_timebase_tim.o
                0x08003824                HAL_InitTick
 .text.NMI_Handler
                0x08003918        0x8 ./Core/Src/stm32l4xx_it.o
                0x08003918                NMI_Handler
 .text.HardFault_Handler
                0x08003920        0x8 ./Core/Src/stm32l4xx_it.o
                0x08003920                HardFault_Handler
 .text.MemManage_Handler
                0x08003928        0x8 ./Core/Src/stm32l4xx_it.o
                0x08003928                MemManage_Handler
 .text.BusFault_Handler
                0x08003930        0x8 ./Core/Src/stm32l4xx_it.o
                0x08003930                BusFault_Handler
 .text.UsageFault_Handler
                0x08003938        0x8 ./Core/Src/stm32l4xx_it.o
                0x08003938                UsageFault_Handler
 .text.DebugMon_Handler
                0x08003940        0xe ./Core/Src/stm32l4xx_it.o
                0x08003940                DebugMon_Handler
 *fill*         0x0800394e        0x2 
 .text.TIM6_DAC_IRQHandler
                0x08003950       0x14 ./Core/Src/stm32l4xx_it.o
                0x08003950                TIM6_DAC_IRQHandler
 .text._read    0x08003964       0x3a ./Core/Src/syscalls.o
                0x08003964                _read
 .text._close   0x0800399e       0x18 ./Core/Src/syscalls.o
                0x0800399e                _close
 .text._fstat   0x080039b6       0x20 ./Core/Src/syscalls.o
                0x080039b6                _fstat
 .text._isatty  0x080039d6       0x16 ./Core/Src/syscalls.o
                0x080039d6                _isatty
 .text._lseek   0x080039ec       0x1a ./Core/Src/syscalls.o
                0x080039ec                _lseek
 *fill*         0x08003a06        0x2 
 .text._sbrk    0x08003a08       0x6c ./Core/Src/sysmem.o
                0x08003a08                _sbrk
 .text.SystemInit
                0x08003a74       0x24 ./Core/Src/system_stm32l4xx.o
                0x08003a74                SystemInit
 .text.Modified_Berlekamp_Massey
                0x08003a98      0x17c ./Core/Src/rscode/berlekamp.o
                0x08003a98                Modified_Berlekamp_Massey
 .text.compute_modified_omega
                0x08003c14       0x54 ./Core/Src/rscode/berlekamp.o
 .text.mult_polys
                0x08003c68      0x126 ./Core/Src/rscode/berlekamp.o
                0x08003c68                mult_polys
 *fill*         0x08003d8e        0x2 
 .text.init_gamma
                0x08003d90       0x88 ./Core/Src/rscode/berlekamp.o
 .text.compute_discrepancy
                0x08003e18       0x56 ./Core/Src/rscode/berlekamp.o
 .text.add_polys
                0x08003e6e       0x4a ./Core/Src/rscode/berlekamp.o
                0x08003e6e                add_polys
 .text.copy_poly
                0x08003eb8       0x3e ./Core/Src/rscode/berlekamp.o
                0x08003eb8                copy_poly
 .text.scale_poly
                0x08003ef6       0x42 ./Core/Src/rscode/berlekamp.o
                0x08003ef6                scale_poly
 .text.zero_poly
                0x08003f38       0x34 ./Core/Src/rscode/berlekamp.o
                0x08003f38                zero_poly
 .text.mul_z_poly
                0x08003f6c       0x46 ./Core/Src/rscode/berlekamp.o
 *fill*         0x08003fb2        0x2 
 .text.Find_Roots
                0x08003fb4       0xd8 ./Core/Src/rscode/berlekamp.o
                0x08003fb4                Find_Roots
 .text.correct_errors_erasures
                0x0800408c      0x21c ./Core/Src/rscode/berlekamp.o
                0x0800408c                correct_errors_erasures
 .text.init_galois_tables
                0x080042a8        0xc ./Core/Src/rscode/galois.o
                0x080042a8                init_galois_tables
 .text.init_exp_table
                0x080042b4      0x11c ./Core/Src/rscode/galois.o
 .text.gmult    0x080043d0       0x50 ./Core/Src/rscode/galois.o
                0x080043d0                gmult
 .text.ginv     0x08004420       0x30 ./Core/Src/rscode/galois.o
                0x08004420                ginv
 .text.initialize_ecc
                0x08004450       0x18 ./Core/Src/rscode/rs.o
                0x08004450                initialize_ecc
 .text.build_codeword
                0x08004468       0x70 ./Core/Src/rscode/rs.o
                0x08004468                build_codeword
 .text.decode_data
                0x080044d8       0x74 ./Core/Src/rscode/rs.o
                0x080044d8                decode_data
 .text.check_syndrome
                0x0800454c       0x40 ./Core/Src/rscode/rs.o
                0x0800454c                check_syndrome
 .text.compute_genpoly
                0x0800458c       0xbc ./Core/Src/rscode/rs.o
 .text.encode_data
                0x08004648       0xe4 ./Core/Src/rscode/rs.o
                0x08004648                encode_data
 .text.Reset_Handler
                0x0800472c       0x50 ./Core/Startup/startup_stm32l496vgtx.o
                0x0800472c                Reset_Handler
 .text.Default_Handler
                0x0800477c        0x2 ./Core/Startup/startup_stm32l496vgtx.o
                0x0800477c                RTC_Alarm_IRQHandler
                0x0800477c                EXTI2_IRQHandler
                0x0800477c                TIM8_TRG_COM_IRQHandler
                0x0800477c                TIM8_CC_IRQHandler
                0x0800477c                TIM1_CC_IRQHandler
                0x0800477c                TSC_IRQHandler
                0x0800477c                TAMP_STAMP_IRQHandler
                0x0800477c                CAN2_RX1_IRQHandler
                0x0800477c                EXTI3_IRQHandler
                0x0800477c                LPTIM2_IRQHandler
                0x0800477c                DFSDM1_FLT1_IRQHandler
                0x0800477c                I2C3_ER_IRQHandler
                0x0800477c                DFSDM1_FLT2_IRQHandler
                0x0800477c                EXTI0_IRQHandler
                0x0800477c                I2C2_EV_IRQHandler
                0x0800477c                CAN1_RX0_IRQHandler
                0x0800477c                FPU_IRQHandler
                0x0800477c                TIM1_UP_TIM16_IRQHandler
                0x0800477c                CAN2_SCE_IRQHandler
                0x0800477c                ADC1_2_IRQHandler
                0x0800477c                SPI1_IRQHandler
                0x0800477c                DCMI_IRQHandler
                0x0800477c                CAN2_RX0_IRQHandler
                0x0800477c                TIM8_UP_IRQHandler
                0x0800477c                DMA2_Channel2_IRQHandler
                0x0800477c                DMA1_Channel4_IRQHandler
                0x0800477c                SAI2_IRQHandler
                0x0800477c                DFSDM1_FLT3_IRQHandler
                0x0800477c                USART3_IRQHandler
                0x0800477c                DMA1_Channel7_IRQHandler
                0x0800477c                CAN1_RX1_IRQHandler
                0x0800477c                LCD_IRQHandler
                0x0800477c                UART5_IRQHandler
                0x0800477c                ADC3_IRQHandler
                0x0800477c                TIM4_IRQHandler
                0x0800477c                DMA2_Channel1_IRQHandler
                0x0800477c                QUADSPI_IRQHandler
                0x0800477c                I2C1_EV_IRQHandler
                0x0800477c                DMA1_Channel6_IRQHandler
                0x0800477c                UART4_IRQHandler
                0x0800477c                DMA2_Channel4_IRQHandler
                0x0800477c                TIM3_IRQHandler
                0x0800477c                RCC_IRQHandler
                0x0800477c                DMA1_Channel1_IRQHandler
                0x0800477c                Default_Handler
                0x0800477c                DMA2_Channel7_IRQHandler
                0x0800477c                EXTI15_10_IRQHandler
                0x0800477c                TIM7_IRQHandler
                0x0800477c                SDMMC1_IRQHandler
                0x0800477c                CAN2_TX_IRQHandler
                0x0800477c                TIM5_IRQHandler
                0x0800477c                I2C3_EV_IRQHandler
                0x0800477c                EXTI9_5_IRQHandler
                0x0800477c                RTC_WKUP_IRQHandler
                0x0800477c                PVD_PVM_IRQHandler
                0x0800477c                SPI2_IRQHandler
                0x0800477c                CAN1_TX_IRQHandler
                0x0800477c                DMA2_Channel5_IRQHandler
                0x0800477c                CRS_IRQHandler
                0x0800477c                DMA1_Channel5_IRQHandler
                0x0800477c                EXTI4_IRQHandler
                0x0800477c                RNG_IRQHandler
                0x0800477c                TIM1_TRG_COM_TIM17_IRQHandler
                0x0800477c                DMA1_Channel3_IRQHandler
                0x0800477c                COMP_IRQHandler
                0x0800477c                WWDG_IRQHandler
                0x0800477c                I2C4_EV_IRQHandler
                0x0800477c                LPUART1_IRQHandler
                0x0800477c                DMA2_Channel6_IRQHandler
                0x0800477c                TIM2_IRQHandler
                0x0800477c                EXTI1_IRQHandler
                0x0800477c                USART2_IRQHandler
                0x0800477c                DFSDM1_FLT0_IRQHandler
                0x0800477c                I2C2_ER_IRQHandler
                0x0800477c                DMA1_Channel2_IRQHandler
                0x0800477c                TIM8_BRK_IRQHandler
                0x0800477c                CAN1_SCE_IRQHandler
                0x0800477c                FLASH_IRQHandler
                0x0800477c                USART1_IRQHandler
                0x0800477c                OTG_FS_IRQHandler
                0x0800477c                SPI3_IRQHandler
                0x0800477c                I2C1_ER_IRQHandler
                0x0800477c                FMC_IRQHandler
                0x0800477c                SWPMI1_IRQHandler
                0x0800477c                LPTIM1_IRQHandler
                0x0800477c                I2C4_ER_IRQHandler
                0x0800477c                SAI1_IRQHandler
                0x0800477c                DMA2_Channel3_IRQHandler
                0x0800477c                TIM1_BRK_TIM15_IRQHandler
 .text.HAL_Init
                0x0800477e       0x30 ./Drivers/STM32L4xx_HAL_Driver/Src/stm32l4xx_hal.o
                0x0800477e                HAL_Init
 *fill*         0x080047ae        0x2 
 .text.HAL_IncTick
                0x080047b0       0x28 ./Drivers/STM32L4xx_HAL_Driver/Src/stm32l4xx_hal.o
                0x080047b0                HAL_IncTick
 .text.HAL_GetTick
                0x080047d8       0x18 ./Drivers/STM32L4xx_HAL_Driver/Src/stm32l4xx_hal.o
                0x080047d8                HAL_GetTick
 .text.__NVIC_SetPriorityGrouping
                0x080047f0       0x48 ./Drivers/STM32L4xx_HAL_Driver/Src/stm32l4xx_hal_cortex.o
 .text.__NVIC_GetPriorityGrouping
                0x08004838       0x1c ./Drivers/STM32L4xx_HAL_Driver/Src/stm32l4xx_hal_cortex.o
 .text.__NVIC_EnableIRQ
                0x08004854       0x3c ./Drivers/STM32L4xx_HAL_Driver/Src/stm32l4xx_hal_cortex.o
 .text.__NVIC_SetPriority
                0x08004890       0x54 ./Drivers/STM32L4xx_HAL_Driver/Src/stm32l4xx_hal_cortex.o
 .text.NVIC_EncodePriority
                0x080048e4       0x66 ./Drivers/STM32L4xx_HAL_Driver/Src/stm32l4xx_hal_cortex.o
 *fill*         0x0800494a        0x2 
 .text.__NVIC_SystemReset
                0x0800494c       0x2c ./Drivers/STM32L4xx_HAL_Driver/Src/stm32l4xx_hal_cortex.o
 .text.HAL_NVIC_SetPriorityGrouping
                0x08004978       0x16 ./Drivers/STM32L4xx_HAL_Driver/Src/stm32l4xx_hal_cortex.o
                0x08004978                HAL_NVIC_SetPriorityGrouping
 .text.HAL_NVIC_SetPriority
                0x0800498e       0x38 ./Drivers/STM32L4xx_HAL_Driver/Src/stm32l4xx_hal_cortex.o
                0x0800498e                HAL_NVIC_SetPriority
 .text.HAL_NVIC_EnableIRQ
                0x080049c6       0x1c ./Drivers/STM32L4xx_HAL_Driver/Src/stm32l4xx_hal_cortex.o
                0x080049c6                HAL_NVIC_EnableIRQ
 .text.HAL_NVIC_SystemReset
                0x080049e2        0x8 ./Drivers/STM32L4xx_HAL_Driver/Src/stm32l4xx_hal_cortex.o
                0x080049e2                HAL_NVIC_SystemReset
 *fill*         0x080049ea        0x2 
 .text.HAL_GPIO_Init
                0x080049ec      0x324 ./Drivers/STM32L4xx_HAL_Driver/Src/stm32l4xx_hal_gpio.o
                0x080049ec                HAL_GPIO_Init
 .text.HAL_GPIO_ReadPin
                0x08004d10       0x30 ./Drivers/STM32L4xx_HAL_Driver/Src/stm32l4xx_hal_gpio.o
                0x08004d10                HAL_GPIO_ReadPin
 .text.HAL_GPIO_WritePin
                0x08004d40       0x30 ./Drivers/STM32L4xx_HAL_Driver/Src/stm32l4xx_hal_gpio.o
                0x08004d40                HAL_GPIO_WritePin
 .text.HAL_PWREx_GetVoltageRange
                0x08004d70       0x1c ./Drivers/STM32L4xx_HAL_Driver/Src/stm32l4xx_hal_pwr_ex.o
                0x08004d70                HAL_PWREx_GetVoltageRange
 .text.HAL_PWREx_ControlVoltageScaling
                0x08004d8c       0xac ./Drivers/STM32L4xx_HAL_Driver/Src/stm32l4xx_hal_pwr_ex.o
                0x08004d8c                HAL_PWREx_ControlVoltageScaling
 .text.HAL_RCC_OscConfig
                0x08004e38      0x834 ./Drivers/STM32L4xx_HAL_Driver/Src/stm32l4xx_hal_rcc.o
                0x08004e38                HAL_RCC_OscConfig
 .text.HAL_RCC_ClockConfig
                0x0800566c      0x200 ./Drivers/STM32L4xx_HAL_Driver/Src/stm32l4xx_hal_rcc.o
                0x0800566c                HAL_RCC_ClockConfig
 .text.HAL_RCC_GetSysClockFreq
                0x0800586c      0x118 ./Drivers/STM32L4xx_HAL_Driver/Src/stm32l4xx_hal_rcc.o
                0x0800586c                HAL_RCC_GetSysClockFreq
 .text.HAL_RCC_GetHCLKFreq
                0x08005984       0x18 ./Drivers/STM32L4xx_HAL_Driver/Src/stm32l4xx_hal_rcc.o
                0x08005984                HAL_RCC_GetHCLKFreq
 .text.HAL_RCC_GetPCLK1Freq
                0x0800599c       0x2c ./Drivers/STM32L4xx_HAL_Driver/Src/stm32l4xx_hal_rcc.o
                0x0800599c                HAL_RCC_GetPCLK1Freq
 .text.HAL_RCC_GetClockConfig
                0x080059c8       0x64 ./Drivers/STM32L4xx_HAL_Driver/Src/stm32l4xx_hal_rcc.o
                0x080059c8                HAL_RCC_GetClockConfig
 .text.RCC_SetFlashLatencyFromMSIRange
                0x08005a2c       0xc0 ./Drivers/STM32L4xx_HAL_Driver/Src/stm32l4xx_hal_rcc.o
 .text.HAL_SPI_Init
                0x08005aec      0x146 ./Drivers/STM32L4xx_HAL_Driver/Src/stm32l4xx_hal_spi.o
                0x08005aec                HAL_SPI_Init
 .text.HAL_SPI_Transmit
                0x08005c32      0x2ec ./Drivers/STM32L4xx_HAL_Driver/Src/stm32l4xx_hal_spi.o
                0x08005c32                HAL_SPI_Transmit
 .text.HAL_SPI_Receive
                0x08005f1e      0x270 ./Drivers/STM32L4xx_HAL_Driver/Src/stm32l4xx_hal_spi.o
                0x08005f1e                HAL_SPI_Receive
 .text.HAL_SPI_TransmitReceive
                0x0800618e      0x43e ./Drivers/STM32L4xx_HAL_Driver/Src/stm32l4xx_hal_spi.o
                0x0800618e                HAL_SPI_TransmitReceive
 .text.SPI_WaitFlagStateUntilTimeout
                0x080065cc      0x110 ./Drivers/STM32L4xx_HAL_Driver/Src/stm32l4xx_hal_spi.o
 .text.SPI_WaitFifoStateUntilTimeout
                0x080066dc      0x12c ./Drivers/STM32L4xx_HAL_Driver/Src/stm32l4xx_hal_spi.o
 .text.SPI_EndRxTransaction
                0x08006808       0xb0 ./Drivers/STM32L4xx_HAL_Driver/Src/stm32l4xx_hal_spi.o
 .text.SPI_EndRxTxTransaction
                0x080068b8       0x8c ./Drivers/STM32L4xx_HAL_Driver/Src/stm32l4xx_hal_spi.o
 .text.HAL_TIM_Base_Init
                0x08006944       0xae ./Drivers/STM32L4xx_HAL_Driver/Src/stm32l4xx_hal_tim.o
                0x08006944                HAL_TIM_Base_Init
 .text.HAL_TIM_Base_MspInit
                0x080069f2       0x14 ./Drivers/STM32L4xx_HAL_Driver/Src/stm32l4xx_hal_tim.o
                0x080069f2                HAL_TIM_Base_MspInit
 *fill*         0x08006a06        0x2 
 .text.HAL_TIM_Base_Start_IT
                0x08006a08       0xe0 ./Drivers/STM32L4xx_HAL_Driver/Src/stm32l4xx_hal_tim.o
                0x08006a08                HAL_TIM_Base_Start_IT
 .text.HAL_TIM_IRQHandler
                0x08006ae8      0x20e ./Drivers/STM32L4xx_HAL_Driver/Src/stm32l4xx_hal_tim.o
                0x08006ae8                HAL_TIM_IRQHandler
 .text.HAL_TIM_OC_DelayElapsedCallback
                0x08006cf6       0x14 ./Drivers/STM32L4xx_HAL_Driver/Src/stm32l4xx_hal_tim.o
                0x08006cf6                HAL_TIM_OC_DelayElapsedCallback
 .text.HAL_TIM_IC_CaptureCallback
                0x08006d0a       0x14 ./Drivers/STM32L4xx_HAL_Driver/Src/stm32l4xx_hal_tim.o
                0x08006d0a                HAL_TIM_IC_CaptureCallback
 .text.HAL_TIM_PWM_PulseFinishedCallback
                0x08006d1e       0x14 ./Drivers/STM32L4xx_HAL_Driver/Src/stm32l4xx_hal_tim.o
                0x08006d1e                HAL_TIM_PWM_PulseFinishedCallback
 .text.HAL_TIM_TriggerCallback
                0x08006d32       0x14 ./Drivers/STM32L4xx_HAL_Driver/Src/stm32l4xx_hal_tim.o
                0x08006d32                HAL_TIM_TriggerCallback
 *fill*         0x08006d46        0x2 
 .text.TIM_Base_SetConfig
                0x08006d48      0x140 ./Drivers/STM32L4xx_HAL_Driver/Src/stm32l4xx_hal_tim.o
                0x08006d48                TIM_Base_SetConfig
 .text.HAL_TIMEx_CommutCallback
                0x08006e88       0x14 ./Drivers/STM32L4xx_HAL_Driver/Src/stm32l4xx_hal_tim_ex.o
                0x08006e88                HAL_TIMEx_CommutCallback
 .text.HAL_TIMEx_BreakCallback
                0x08006e9c       0x14 ./Drivers/STM32L4xx_HAL_Driver/Src/stm32l4xx_hal_tim_ex.o
                0x08006e9c                HAL_TIMEx_BreakCallback
 .text.HAL_TIMEx_Break2Callback
                0x08006eb0       0x14 ./Drivers/STM32L4xx_HAL_Driver/Src/stm32l4xx_hal_tim_ex.o
                0x08006eb0                HAL_TIMEx_Break2Callback
 .text.__NVIC_SetPriority
                0x08006ec4       0x54 ./Middlewares/Third_Party/FreeRTOS/Source/CMSIS_RTOS_V2/cmsis_os2.o
 .text.SysTick_Handler
                0x08006f18       0x20 ./Middlewares/Third_Party/FreeRTOS/Source/CMSIS_RTOS_V2/cmsis_os2.o
                0x08006f18                SysTick_Handler
 .text.SVC_Setup
                0x08006f38       0x12 ./Middlewares/Third_Party/FreeRTOS/Source/CMSIS_RTOS_V2/cmsis_os2.o
 *fill*         0x08006f4a        0x2 
 .text.osKernelInitialize
                0x08006f4c       0x48 ./Middlewares/Third_Party/FreeRTOS/Source/CMSIS_RTOS_V2/cmsis_os2.o
                0x08006f4c                osKernelInitialize
 .text.osKernelStart
                0x08006f94       0x4c ./Middlewares/Third_Party/FreeRTOS/Source/CMSIS_RTOS_V2/cmsis_os2.o
                0x08006f94                osKernelStart
 .text.osThreadNew
                0x08006fe0      0x124 ./Middlewares/Third_Party/FreeRTOS/Source/CMSIS_RTOS_V2/cmsis_os2.o
                0x08006fe0                osThreadNew
 .text.osDelay  0x08007104       0x36 ./Middlewares/Third_Party/FreeRTOS/Source/CMSIS_RTOS_V2/cmsis_os2.o
                0x08007104                osDelay
 *fill*         0x0800713a        0x2 
 .text.vApplicationGetIdleTaskMemory
                0x0800713c       0x34 ./Middlewares/Third_Party/FreeRTOS/Source/CMSIS_RTOS_V2/cmsis_os2.o
                0x0800713c                vApplicationGetIdleTaskMemory
 .text.vApplicationGetTimerTaskMemory
                0x08007170       0x34 ./Middlewares/Third_Party/FreeRTOS/Source/CMSIS_RTOS_V2/cmsis_os2.o
                0x08007170                vApplicationGetTimerTaskMemory
 .text.vListInitialise
                0x080071a4       0x40 ./Middlewares/Third_Party/FreeRTOS/Source/list.o
                0x080071a4                vListInitialise
 .text.vListInitialiseItem
                0x080071e4       0x1a ./Middlewares/Third_Party/FreeRTOS/Source/list.o
                0x080071e4                vListInitialiseItem
 .text.vListInsertEnd
                0x080071fe       0x48 ./Middlewares/Third_Party/FreeRTOS/Source/list.o
                0x080071fe                vListInsertEnd
 .text.vListInsert
                0x08007246       0x72 ./Middlewares/Third_Party/FreeRTOS/Source/list.o
                0x08007246                vListInsert
 .text.uxListRemove
                0x080072b8       0x54 ./Middlewares/Third_Party/FreeRTOS/Source/list.o
                0x080072b8                uxListRemove
 .text.xQueueGenericReset
                0x0800730c       0xd4 ./Middlewares/Third_Party/FreeRTOS/Source/queue.o
                0x0800730c                xQueueGenericReset
 .text.xQueueGenericCreateStatic
                0x080073e0       0xfa ./Middlewares/Third_Party/FreeRTOS/Source/queue.o
                0x080073e0                xQueueGenericCreateStatic
 .text.xQueueGenericCreate
                0x080074da       0x76 ./Middlewares/Third_Party/FreeRTOS/Source/queue.o
                0x080074da                xQueueGenericCreate
 .text.prvInitialiseNewQueue
                0x08007550       0x46 ./Middlewares/Third_Party/FreeRTOS/Source/queue.o
 *fill*         0x08007596        0x2 
 .text.xQueueGenericSend
                0x08007598      0x204 ./Middlewares/Third_Party/FreeRTOS/Source/queue.o
                0x08007598                xQueueGenericSend
 .text.xQueueGenericSendFromISR
                0x0800779c      0x13c ./Middlewares/Third_Party/FreeRTOS/Source/queue.o
                0x0800779c                xQueueGenericSendFromISR
 .text.xQueueReceive
                0x080078d8      0x1c4 ./Middlewares/Third_Party/FreeRTOS/Source/queue.o
                0x080078d8                xQueueReceive
 .text.uxQueueMessagesWaiting
                0x08007a9c       0x3e ./Middlewares/Third_Party/FreeRTOS/Source/queue.o
                0x08007a9c                uxQueueMessagesWaiting
 .text.prvCopyDataToQueue
                0x08007ada       0xd4 ./Middlewares/Third_Party/FreeRTOS/Source/queue.o
 .text.prvCopyDataFromQueue
                0x08007bae       0x4c ./Middlewares/Third_Party/FreeRTOS/Source/queue.o
 .text.prvUnlockQueue
                0x08007bfa       0xa4 ./Middlewares/Third_Party/FreeRTOS/Source/queue.o
 .text.prvIsQueueEmpty
                0x08007c9e       0x2c ./Middlewares/Third_Party/FreeRTOS/Source/queue.o
 .text.prvIsQueueFull
                0x08007cca       0x30 ./Middlewares/Third_Party/FreeRTOS/Source/queue.o
 *fill*         0x08007cfa        0x2 
 .text.vQueueAddToRegistry
                0x08007cfc       0x54 ./Middlewares/Third_Party/FreeRTOS/Source/queue.o
                0x08007cfc                vQueueAddToRegistry
 .text.vQueueWaitForMessageRestricted
                0x08007d50       0x68 ./Middlewares/Third_Party/FreeRTOS/Source/queue.o
                0x08007d50                vQueueWaitForMessageRestricted
 .text.xTaskCreateStatic
                0x08007db8       0xc0 ./Middlewares/Third_Party/FreeRTOS/Source/tasks.o
                0x08007db8                xTaskCreateStatic
 .text.xTaskCreate
                0x08007e78       0x8a ./Middlewares/Third_Party/FreeRTOS/Source/tasks.o
                0x08007e78                xTaskCreate
 *fill*         0x08007f02        0x2 
 .text.prvInitialiseNewTask
                0x08007f04      0x150 ./Middlewares/Third_Party/FreeRTOS/Source/tasks.o
 .text.prvAddNewTaskToReadyList
                0x08008054       0xe0 ./Middlewares/Third_Party/FreeRTOS/Source/tasks.o
 .text.vTaskDelay
                0x08008134       0x6c ./Middlewares/Third_Party/FreeRTOS/Source/tasks.o
                0x08008134                vTaskDelay
 .text.vTaskStartScheduler
                0x080081a0       0xe0 ./Middlewares/Third_Party/FreeRTOS/Source/tasks.o
                0x080081a0                vTaskStartScheduler
 .text.vTaskSuspendAll
                0x08008280       0x1c ./Middlewares/Third_Party/FreeRTOS/Source/tasks.o
                0x08008280                vTaskSuspendAll
 .text.xTaskResumeAll
                0x0800829c      0x13c ./Middlewares/Third_Party/FreeRTOS/Source/tasks.o
                0x0800829c                xTaskResumeAll
 .text.xTaskGetTickCount
                0x080083d8       0x20 ./Middlewares/Third_Party/FreeRTOS/Source/tasks.o
                0x080083d8                xTaskGetTickCount
 .text.xTaskIncrementTick
                0x080083f8      0x174 ./Middlewares/Third_Party/FreeRTOS/Source/tasks.o
                0x080083f8                xTaskIncrementTick
 .text.vTaskSwitchContext
                0x0800856c       0xcc ./Middlewares/Third_Party/FreeRTOS/Source/tasks.o
                0x0800856c                vTaskSwitchContext
 .text.vTaskPlaceOnEventList
                0x08008638       0x4c ./Middlewares/Third_Party/FreeRTOS/Source/tasks.o
                0x08008638                vTaskPlaceOnEventList
 .text.vTaskPlaceOnEventListRestricted
                0x08008684       0x58 ./Middlewares/Third_Party/FreeRTOS/Source/tasks.o
                0x08008684                vTaskPlaceOnEventListRestricted
 .text.xTaskRemoveFromEventList
                0x080086dc       0xc8 ./Middlewares/Third_Party/FreeRTOS/Source/tasks.o
                0x080086dc                xTaskRemoveFromEventList
 .text.vTaskInternalSetTimeOutState
                0x080087a4       0x2c ./Middlewares/Third_Party/FreeRTOS/Source/tasks.o
                0x080087a4                vTaskInternalSetTimeOutState
 .text.xTaskCheckForTimeOut
                0x080087d0       0xc8 ./Middlewares/Third_Party/FreeRTOS/Source/tasks.o
                0x080087d0                xTaskCheckForTimeOut
 .text.vTaskMissedYield
                0x08008898       0x18 ./Middlewares/Third_Party/FreeRTOS/Source/tasks.o
                0x08008898                vTaskMissedYield
 .text.prvIdleTask
                0x080088b0       0x30 ./Middlewares/Third_Party/FreeRTOS/Source/tasks.o
 .text.prvInitialiseTaskLists
                0x080088e0       0x80 ./Middlewares/Third_Party/FreeRTOS/Source/tasks.o
 .text.prvCheckTasksWaitingTermination
                0x08008960       0x5c ./Middlewares/Third_Party/FreeRTOS/Source/tasks.o
 .text.prvDeleteTCB
                0x080089bc       0x6a ./Middlewares/Third_Party/FreeRTOS/Source/tasks.o
 *fill*         0x08008a26        0x2 
 .text.prvResetNextTaskUnblockTime
                0x08008a28       0x40 ./Middlewares/Third_Party/FreeRTOS/Source/tasks.o
 .text.xTaskGetSchedulerState
                0x08008a68       0x3c ./Middlewares/Third_Party/FreeRTOS/Source/tasks.o
                0x08008a68                xTaskGetSchedulerState
 .text.xTaskPriorityDisinherit
                0x08008aa4       0xe0 ./Middlewares/Third_Party/FreeRTOS/Source/tasks.o
                0x08008aa4                xTaskPriorityDisinherit
 .text.ulTaskNotifyTake
                0x08008b84       0x98 ./Middlewares/Third_Party/FreeRTOS/Source/tasks.o
                0x08008b84                ulTaskNotifyTake
 .text.vTaskNotifyGiveFromISR
                0x08008c1c      0x12c ./Middlewares/Third_Party/FreeRTOS/Source/tasks.o
                0x08008c1c                vTaskNotifyGiveFromISR
 .text.prvAddCurrentTaskToDelayedList
                0x08008d48       0xa8 ./Middlewares/Third_Party/FreeRTOS/Source/tasks.o
 .text.xTimerCreateTimerTask
                0x08008df0       0x94 ./Middlewares/Third_Party/FreeRTOS/Source/timers.o
                0x08008df0                xTimerCreateTimerTask
 .text.xTimerCreate
                0x08008e84       0x42 ./Middlewares/Third_Party/FreeRTOS/Source/timers.o
                0x08008e84                xTimerCreate
 .text.prvInitialiseNewTimer
                0x08008ec6       0x78 ./Middlewares/Third_Party/FreeRTOS/Source/timers.o
 *fill*         0x08008f3e        0x2 
 .text.xTimerGenericCommand
                0x08008f40       0x9c ./Middlewares/Third_Party/FreeRTOS/Source/timers.o
                0x08008f40                xTimerGenericCommand
 .text.prvProcessExpiredTimer
                0x08008fdc       0x9c ./Middlewares/Third_Party/FreeRTOS/Source/timers.o
 .text.prvTimerTask
                0x08009078       0x26 ./Middlewares/Third_Party/FreeRTOS/Source/timers.o
 *fill*         0x0800909e        0x2 
 .text.prvProcessTimerOrBlockTask
                0x080090a0       0x9c ./Middlewares/Third_Party/FreeRTOS/Source/timers.o
 .text.prvGetNextExpireTime
                0x0800913c       0x48 ./Middlewares/Third_Party/FreeRTOS/Source/timers.o
 .text.prvSampleTimeNow
                0x08009184       0x40 ./Middlewares/Third_Party/FreeRTOS/Source/timers.o
 .text.prvInsertTimerInActiveList
                0x080091c4       0x84 ./Middlewares/Third_Party/FreeRTOS/Source/timers.o
 .text.prvProcessReceivedCommands
                0x08009248      0x1cc ./Middlewares/Third_Party/FreeRTOS/Source/timers.o
 .text.prvSwitchTimerLists
                0x08009414       0xcc ./Middlewares/Third_Party/FreeRTOS/Source/timers.o
 .text.prvCheckForValidListAndQueue
                0x080094e0       0x80 ./Middlewares/Third_Party/FreeRTOS/Source/timers.o
 .text.pvTimerGetTimerID
                0x08009560       0x42 ./Middlewares/Third_Party/FreeRTOS/Source/timers.o
                0x08009560                pvTimerGetTimerID
 *fill*         0x080095a2        0x2 
 .text.pxPortInitialiseStack
                0x080095a4       0x68 ./Middlewares/Third_Party/FreeRTOS/Source/portable/GCC/ARM_CM4F/port.o
                0x080095a4                pxPortInitialiseStack
 .text.prvTaskExitError
                0x0800960c       0x5c ./Middlewares/Third_Party/FreeRTOS/Source/portable/GCC/ARM_CM4F/port.o
 *fill*         0x08009668        0x8 
 .text.SVC_Handler
                0x08009670       0x28 ./Middlewares/Third_Party/FreeRTOS/Source/portable/GCC/ARM_CM4F/port.o
                0x08009670                SVC_Handler
 .text.prvPortStartFirstTask
                0x08009698       0x28 ./Middlewares/Third_Party/FreeRTOS/Source/portable/GCC/ARM_CM4F/port.o
 .text.xPortStartScheduler
                0x080096c0      0x148 ./Middlewares/Third_Party/FreeRTOS/Source/portable/GCC/ARM_CM4F/port.o
                0x080096c0                xPortStartScheduler
 .text.vPortEnterCritical
                0x08009808       0x64 ./Middlewares/Third_Party/FreeRTOS/Source/portable/GCC/ARM_CM4F/port.o
                0x08009808                vPortEnterCritical
 .text.vPortExitCritical
                0x0800986c       0x54 ./Middlewares/Third_Party/FreeRTOS/Source/portable/GCC/ARM_CM4F/port.o
                0x0800986c                vPortExitCritical
 .text.PendSV_Handler
                0x080098c0       0x68 ./Middlewares/Third_Party/FreeRTOS/Source/portable/GCC/ARM_CM4F/port.o
                0x080098c0                PendSV_Handler
 .text.xPortSysTickHandler
                0x08009928       0x44 ./Middlewares/Third_Party/FreeRTOS/Source/portable/GCC/ARM_CM4F/port.o
                0x08009928                xPortSysTickHandler
 .text.vPortSetupTimerInterrupt
                0x0800996c       0x48 ./Middlewares/Third_Party/FreeRTOS/Source/portable/GCC/ARM_CM4F/port.o
                0x0800996c                vPortSetupTimerInterrupt
 .text.vPortEnableVFP
                0x080099b4       0x14 ./Middlewares/Third_Party/FreeRTOS/Source/portable/GCC/ARM_CM4F/port.o
 .text.vPortValidateInterruptPriority
                0x080099c8       0x84 ./Middlewares/Third_Party/FreeRTOS/Source/portable/GCC/ARM_CM4F/port.o
                0x080099c8                vPortValidateInterruptPriority
 .text.pvPortMalloc
                0x08009a4c      0x19c ./Middlewares/Third_Party/FreeRTOS/Source/portable/MemMang/heap_4.o
                0x08009a4c                pvPortMalloc
 .text.vPortFree
                0x08009be8       0xc8 ./Middlewares/Third_Party/FreeRTOS/Source/portable/MemMang/heap_4.o
                0x08009be8                vPortFree
 .text.prvHeapInit
                0x08009cb0       0xc4 ./Middlewares/Third_Party/FreeRTOS/Source/portable/MemMang/heap_4.o
 .text.prvInsertBlockIntoFreeList
                0x08009d74       0xb4 ./Middlewares/Third_Party/FreeRTOS/Source/portable/MemMang/heap_4.o
 .text.malloc   0x08009e28       0x10 C:/ST/STM32CubeIDE_2.0.0/STM32CubeIDE/plugins/com.st.stm32cube.ide.mcu.externaltools.gnu-tools-for-stm32.13.3.rel1.win32_1.0.100.202509120712/tools/bin/../lib/gcc/arm-none-eabi/13.3.1/../../../../arm-none-eabi/lib/thumb/v7e-m+fp/hard\libc_nano.a(libc_a-malloc.o)
                0x08009e28                malloc
 .text.free     0x08009e38       0x10 C:/ST/STM32CubeIDE_2.0.0/STM32CubeIDE/plugins/com.st.stm32cube.ide.mcu.externaltools.gnu-tools-for-stm32.13.3.rel1.win32_1.0.100.202509120712/tools/bin/../lib/gcc/arm-none-eabi/13.3.1/../../../../arm-none-eabi/lib/thumb/v7e-m+fp/hard\libc_nano.a(libc_a-malloc.o)
                0x08009e38                free
 .text.sbrk_aligned
                0x08009e48       0x44 C:/ST/STM32CubeIDE_2.0.0/STM32CubeIDE/plugins/com.st.stm32cube.ide.mcu.externaltools.gnu-tools-for-stm32.13.3.rel1.win32_1.0.100.202509120712/tools/bin/../lib/gcc/arm-none-eabi/13.3.1/../../../../arm-none-eabi/lib/thumb/v7e-m+fp/hard\libc_nano.a(libc_a-mallocr.o)
 .text._malloc_r
                0x08009e8c      0x100 C:/ST/STM32CubeIDE_2.0.0/STM32CubeIDE/plugins/com.st.stm32cube.ide.mcu.externaltools.gnu-tools-for-stm32.13.3.rel1.win32_1.0.100.202509120712/tools/bin/../lib/gcc/arm-none-eabi/13.3.1/../../../../arm-none-eabi/lib/thumb/v7e-m+fp/hard\libc_nano.a(libc_a-mallocr.o)
                0x08009e8c                _malloc_r
 .text.__malloc_lock
                0x08009f8c        0xc C:/ST/STM32CubeIDE_2.0.0/STM32CubeIDE/plugins/com.st.stm32cube.ide.mcu.externaltools.gnu-tools-for-stm32.13.3.rel1.win32_1.0.100.202509120712/tools/bin/../lib/gcc/arm-none-eabi/13.3.1/../../../../arm-none-eabi/lib/thumb/v7e-m+fp/hard\libc_nano.a(libc_a-mlock.o)
                0x08009f8c                __malloc_lock
 .text.__malloc_unlock
                0x08009f98        0xc C:/ST/STM32CubeIDE_2.0.0/STM32CubeIDE/plugins/com.st.stm32cube.ide.mcu.externaltools.gnu-tools-for-stm32.13.3.rel1.win32_1.0.100.202509120712/tools/bin/../lib/gcc/arm-none-eabi/13.3.1/../../../../arm-none-eabi/lib/thumb/v7e-m+fp/hard\libc_nano.a(libc_a-mlock.o)
                0x08009f98                __malloc_unlock
 .text.std      0x08009fa4       0x6c C:/ST/STM32CubeIDE_2.0.0/STM32CubeIDE/plugins/com.st.stm32cube.ide.mcu.externaltools.gnu-tools-for-stm32.13.3.rel1.win32_1.0.100.202509120712/tools/bin/../lib/gcc/arm-none-eabi/13.3.1/../../../../arm-none-eabi/lib/thumb/v7e-m+fp/hard\libc_nano.a(libc_a-findfp.o)
 .text.stdio_exit_handler
                0x0800a010       0x18 C:/ST/STM32CubeIDE_2.0.0/STM32CubeIDE/plugins/com.st.stm32cube.ide.mcu.externaltools.gnu-tools-for-stm32.13.3.rel1.win32_1.0.100.202509120712/tools/bin/../lib/gcc/arm-none-eabi/13.3.1/../../../../arm-none-eabi/lib/thumb/v7e-m+fp/hard\libc_nano.a(libc_a-findfp.o)
 .text.cleanup_stdio
                0x0800a028       0x40 C:/ST/STM32CubeIDE_2.0.0/STM32CubeIDE/plugins/com.st.stm32cube.ide.mcu.externaltools.gnu-tools-for-stm32.13.3.rel1.win32_1.0.100.202509120712/tools/bin/../lib/gcc/arm-none-eabi/13.3.1/../../../../arm-none-eabi/lib/thumb/v7e-m+fp/hard\libc_nano.a(libc_a-findfp.o)
 .text.global_stdio_init.part.0
                0x0800a068       0x3c C:/ST/STM32CubeIDE_2.0.0/STM32CubeIDE/plugins/com.st.stm32cube.ide.mcu.externaltools.gnu-tools-for-stm32.13.3.rel1.win32_1.0.100.202509120712/tools/bin/../lib/gcc/arm-none-eabi/13.3.1/../../../../arm-none-eabi/lib/thumb/v7e-m+fp/hard\libc_nano.a(libc_a-findfp.o)
 .text.__sfp_lock_acquire
                0x0800a0a4        0xc C:/ST/STM32CubeIDE_2.0.0/STM32CubeIDE/plugins/com.st.stm32cube.ide.mcu.externaltools.gnu-tools-for-stm32.13.3.rel1.win32_1.0.100.202509120712/tools/bin/../lib/gcc/arm-none-eabi/13.3.1/../../../../arm-none-eabi/lib/thumb/v7e-m+fp/hard\libc_nano.a(libc_a-findfp.o)
                0x0800a0a4                __sfp_lock_acquire
 .text.__sfp_lock_release
                0x0800a0b0        0xc C:/ST/STM32CubeIDE_2.0.0/STM32CubeIDE/plugins/com.st.stm32cube.ide.mcu.externaltools.gnu-tools-for-stm32.13.3.rel1.win32_1.0.100.202509120712/tools/bin/../lib/gcc/arm-none-eabi/13.3.1/../../../../arm-none-eabi/lib/thumb/v7e-m+fp/hard\libc_nano.a(libc_a-findfp.o)
                0x0800a0b0                __sfp_lock_release
 .text.__sinit  0x0800a0bc       0x30 C:/ST/STM32CubeIDE_2.0.0/STM32CubeIDE/plugins/com.st.stm32cube.ide.mcu.externaltools.gnu-tools-for-stm32.13.3.rel1.win32_1.0.100.202509120712/tools/bin/../lib/gcc/arm-none-eabi/13.3.1/../../../../arm-none-eabi/lib/thumb/v7e-m+fp/hard\libc_nano.a(libc_a-findfp.o)
                0x0800a0bc                __sinit
 .text.fprintf  0x0800a0ec       0x24 C:/ST/STM32CubeIDE_2.0.0/STM32CubeIDE/plugins/com.st.stm32cube.ide.mcu.externaltools.gnu-tools-for-stm32.13.3.rel1.win32_1.0.100.202509120712/tools/bin/../lib/gcc/arm-none-eabi/13.3.1/../../../../arm-none-eabi/lib/thumb/v7e-m+fp/hard\libc_nano.a(libc_a-fprintf.o)
                0x0800a0ec                fiprintf
                0x0800a0ec                fprintf
 .text._fwalk_sglue
                0x0800a110       0x3c C:/ST/STM32CubeIDE_2.0.0/STM32CubeIDE/plugins/com.st.stm32cube.ide.mcu.externaltools.gnu-tools-for-stm32.13.3.rel1.win32_1.0.100.202509120712/tools/bin/../lib/gcc/arm-none-eabi/13.3.1/../../../../arm-none-eabi/lib/thumb/v7e-m+fp/hard\libc_nano.a(libc_a-fwalk.o)
                0x0800a110                _fwalk_sglue
 .text._fwrite_r
                0x0800a14c       0x96 C:/ST/STM32CubeIDE_2.0.0/STM32CubeIDE/plugins/com.st.stm32cube.ide.mcu.externaltools.gnu-tools-for-stm32.13.3.rel1.win32_1.0.100.202509120712/tools/bin/../lib/gcc/arm-none-eabi/13.3.1/../../../../arm-none-eabi/lib/thumb/v7e-m+fp/hard\libc_nano.a(libc_a-fwrite.o)
                0x0800a14c                _fwrite_r
 *fill*         0x0800a1e2        0x2 
 .text.fwrite   0x0800a1e4       0x1c C:/ST/STM32CubeIDE_2.0.0/STM32CubeIDE/plugins/com.st.stm32cube.ide.mcu.externaltools.gnu-tools-for-stm32.13.3.rel1.win32_1.0.100.202509120712/tools/bin/../lib/gcc/arm-none-eabi/13.3.1/../../../../arm-none-eabi/lib/thumb/v7e-m+fp/hard\libc_nano.a(libc_a-fwrite.o)
                0x0800a1e4                fwrite
 .text.printf   0x0800a200       0x24 C:/ST/STM32CubeIDE_2.0.0/STM32CubeIDE/plugins/com.st.stm32cube.ide.mcu.externaltools.gnu-tools-for-stm32.13.3.rel1.win32_1.0.100.202509120712/tools/bin/../lib/gcc/arm-none-eabi/13.3.1/../../../../arm-none-eabi/lib/thumb/v7e-m+fp/hard\libc_nano.a(libc_a-printf.o)
                0x0800a200                iprintf
                0x0800a200                printf
 .text._puts_r  0x0800a224       0xaa C:/ST/STM32CubeIDE_2.0.0/STM32CubeIDE/plugins/com.st.stm32cube.ide.mcu.externaltools.gnu-tools-for-stm32.13.3.rel1.win32_1.0.100.202509120712/tools/bin/../lib/gcc/arm-none-eabi/13.3.1/../../../../arm-none-eabi/lib/thumb/v7e-m+fp/hard\libc_nano.a(libc_a-puts.o)
                0x0800a224                _puts_r
 *fill*         0x0800a2ce        0x2 
 .text.puts     0x0800a2d0       0x10 C:/ST/STM32CubeIDE_2.0.0/STM32CubeIDE/plugins/com.st.stm32cube.ide.mcu.externaltools.gnu-tools-for-stm32.13.3.rel1.win32_1.0.100.202509120712/tools/bin/../lib/gcc/arm-none-eabi/13.3.1/../../../../arm-none-eabi/lib/thumb/v7e-m+fp/hard\libc_nano.a(libc_a-puts.o)
                0x0800a2d0                puts
 .text.__sread  0x0800a2e0       0x22 C:/ST/STM32CubeIDE_2.0.0/STM32CubeIDE/plugins/com.st.stm32cube.ide.mcu.externaltools.gnu-tools-for-stm32.13.3.rel1.win32_1.0.100.202509120712/tools/bin/../lib/gcc/arm-none-eabi/13.3.1/../../../../arm-none-eabi/lib/thumb/v7e-m+fp/hard\libc_nano.a(libc_a-stdio.o)
                0x0800a2e0                __sread
 .text.__swrite
                0x0800a302       0x38 C:/ST/STM32CubeIDE_2.0.0/STM32CubeIDE/plugins/com.st.stm32cube.ide.mcu.externaltools.gnu-tools-for-stm32.13.3.rel1.win32_1.0.100.202509120712/tools/bin/../lib/gcc/arm-none-eabi/13.3.1/../../../../arm-none-eabi/lib/thumb/v7e-m+fp/hard\libc_nano.a(libc_a-stdio.o)
                0x0800a302                __swrite
 .text.__sseek  0x0800a33a       0x24 C:/ST/STM32CubeIDE_2.0.0/STM32CubeIDE/plugins/com.st.stm32cube.ide.mcu.externaltools.gnu-tools-for-stm32.13.3.rel1.win32_1.0.100.202509120712/tools/bin/../lib/gcc/arm-none-eabi/13.3.1/../../../../arm-none-eabi/lib/thumb/v7e-m+fp/hard\libc_nano.a(libc_a-stdio.o)
                0x0800a33a                __sseek
 .text.__sclose
                0x0800a35e        0x8 C:/ST/STM32CubeIDE_2.0.0/STM32CubeIDE/plugins/com.st.stm32cube.ide.mcu.externaltools.gnu-tools-for-stm32.13.3.rel1.win32_1.0.100.202509120712/tools/bin/../lib/gcc/arm-none-eabi/13.3.1/../../../../arm-none-eabi/lib/thumb/v7e-m+fp/hard\libc_nano.a(libc_a-stdio.o)
                0x0800a35e                __sclose
 .text.__swbuf_r
                0x0800a366       0x7c C:/ST/STM32CubeIDE_2.0.0/STM32CubeIDE/plugins/com.st.stm32cube.ide.mcu.externaltools.gnu-tools-for-stm32.13.3.rel1.win32_1.0.100.202509120712/tools/bin/../lib/gcc/arm-none-eabi/13.3.1/../../../../arm-none-eabi/lib/thumb/v7e-m+fp/hard\libc_nano.a(libc_a-wbuf.o)
                0x0800a366                __swbuf_r
 *fill*         0x0800a3e2        0x2 
 .text.__swsetup_r
                0x0800a3e4       0xac C:/ST/STM32CubeIDE_2.0.0/STM32CubeIDE/plugins/com.st.stm32cube.ide.mcu.externaltools.gnu-tools-for-stm32.13.3.rel1.win32_1.0.100.202509120712/tools/bin/../lib/gcc/arm-none-eabi/13.3.1/../../../../arm-none-eabi/lib/thumb/v7e-m+fp/hard\libc_nano.a(libc_a-wsetup.o)
                0x0800a3e4                __swsetup_r
 .text.memset   0x0800a490       0x10 C:/ST/STM32CubeIDE_2.0.0/STM32CubeIDE/plugins/com.st.stm32cube.ide.mcu.externaltools.gnu-tools-for-stm32.13.3.rel1.win32_1.0.100.202509120712/tools/bin/../lib/gcc/arm-none-eabi/13.3.1/../../../../arm-none-eabi/lib/thumb/v7e-m+fp/hard\libc_nano.a(libc_a-memset.o)
                0x0800a490                memset
 .text._close_r
                0x0800a4a0       0x20 C:/ST/STM32CubeIDE_2.0.0/STM32CubeIDE/plugins/com.st.stm32cube.ide.mcu.externaltools.gnu-tools-for-stm32.13.3.rel1.win32_1.0.100.202509120712/tools/bin/../lib/gcc/arm-none-eabi/13.3.1/../../../../arm-none-eabi/lib/thumb/v7e-m+fp/hard\libc_nano.a(libc_a-closer.o)
                0x0800a4a0                _close_r
 .text._reclaim_reent
                0x0800a4c0       0xbc C:/ST/STM32CubeIDE_2.0.0/STM32CubeIDE/plugins/com.st.stm32cube.ide.mcu.externaltools.gnu-tools-for-stm32.13.3.rel1.win32_1.0.100.202509120712/tools/bin/../lib/gcc/arm-none-eabi/13.3.1/../../../../arm-none-eabi/lib/thumb/v7e-m+fp/hard\libc_nano.a(libc_a-reent.o)
                0x0800a4c0                _reclaim_reent
 .text._lseek_r
                0x0800a57c       0x24 C:/ST/STM32CubeIDE_2.0.0/STM32CubeIDE/plugins/com.st.stm32cube.ide.mcu.externaltools.gnu-tools-for-stm32.13.3.rel1.win32_1.0.100.202509120712/tools/bin/../lib/gcc/arm-none-eabi/13.3.1/../../../../arm-none-eabi/lib/thumb/v7e-m+fp/hard\libc_nano.a(libc_a-lseekr.o)
                0x0800a57c                _lseek_r
 .text._read_r  0x0800a5a0       0x24 C:/ST/STM32CubeIDE_2.0.0/STM32CubeIDE/plugins/com.st.stm32cube.ide.mcu.externaltools.gnu-tools-for-stm32.13.3.rel1.win32_1.0.100.202509120712/tools/bin/../lib/gcc/arm-none-eabi/13.3.1/../../../../arm-none-eabi/lib/thumb/v7e-m+fp/hard\libc_nano.a(libc_a-readr.o)
                0x0800a5a0                _read_r
 .text._sbrk_r  0x0800a5c4       0x20 C:/ST/STM32CubeIDE_2.0.0/STM32CubeIDE/plugins/com.st.stm32cube.ide.mcu.externaltools.gnu-tools-for-stm32.13.3.rel1.win32_1.0.100.202509120712/tools/bin/../lib/gcc/arm-none-eabi/13.3.1/../../../../arm-none-eabi/lib/thumb/v7e-m+fp/hard\libc_nano.a(libc_a-sbrkr.o)
                0x0800a5c4                _sbrk_r
 .text._write_r
                0x0800a5e4       0x24 C:/ST/STM32CubeIDE_2.0.0/STM32CubeIDE/plugins/com.st.stm32cube.ide.mcu.externaltools.gnu-tools-for-stm32.13.3.rel1.win32_1.0.100.202509120712/tools/bin/../lib/gcc/arm-none-eabi/13.3.1/../../../../arm-none-eabi/lib/thumb/v7e-m+fp/hard\libc_nano.a(libc_a-writer.o)
                0x0800a5e4                _write_r
 .text.__errno  0x0800a608        0xc C:/ST/STM32CubeIDE_2.0.0/STM32CubeIDE/plugins/com.st.stm32cube.ide.mcu.externaltools.gnu-tools-for-stm32.13.3.rel1.win32_1.0.100.202509120712/tools/bin/../lib/gcc/arm-none-eabi/13.3.1/../../../../arm-none-eabi/lib/thumb/v7e-m+fp/hard\libc_nano.a(libc_a-errno.o)
                0x0800a608                __errno
 .text.__libc_init_array
                0x0800a614       0x48 C:/ST/STM32CubeIDE_2.0.0/STM32CubeIDE/plugins/com.st.stm32cube.ide.mcu.externaltools.gnu-tools-for-stm32.13.3.rel1.win32_1.0.100.202509120712/tools/bin/../lib/gcc/arm-none-eabi/13.3.1/../../../../arm-none-eabi/lib/thumb/v7e-m+fp/hard\libc_nano.a(libc_a-init.o)
                0x0800a614                __libc_init_array
 .text.__retarget_lock_init_recursive
                0x0800a65c        0x2 C:/ST/STM32CubeIDE_2.0.0/STM32CubeIDE/plugins/com.st.stm32cube.ide.mcu.externaltools.gnu-tools-for-stm32.13.3.rel1.win32_1.0.100.202509120712/tools/bin/../lib/gcc/arm-none-eabi/13.3.1/../../../../arm-none-eabi/lib/thumb/v7e-m+fp/hard\libc_nano.a(libc_a-lock.o)
                0x0800a65c                __retarget_lock_init_recursive
 .text.__retarget_lock_acquire_recursive
                0x0800a65e        0x2 C:/ST/STM32CubeIDE_2.0.0/STM32CubeIDE/plugins/com.st.stm32cube.ide.mcu.externaltools.gnu-tools-for-stm32.13.3.rel1.win32_1.0.100.202509120712/tools/bin/../lib/gcc/arm-none-eabi/13.3.1/../../../../arm-none-eabi/lib/thumb/v7e-m+fp/hard\libc_nano.a(libc_a-lock.o)
                0x0800a65e                __retarget_lock_acquire_recursive
 .text.__retarget_lock_release_recursive
                0x0800a660        0x2 C:/ST/STM32CubeIDE_2.0.0/STM32CubeIDE/plugins/com.st.stm32cube.ide.mcu.externaltools.gnu-tools-for-stm32.13.3.rel1.win32_1.0.100.202509120712/tools/bin/../lib/gcc/arm-none-eabi/13.3.1/../../../../arm-none-eabi/lib/thumb/v7e-m+fp/hard\libc_nano.a(libc_a-lock.o)
                0x0800a660                __retarget_lock_release_recursive
 .text.memcpy   0x0800a662       0x1c C:/ST/STM32CubeIDE_2.0.0/STM32CubeIDE/plugins/com.st.stm32cube.ide.mcu.externaltools.gnu-tools-for-stm32.13.3.rel1.win32_1.0.100.202509120712/tools/bin/../lib/gcc/arm-none-eabi/13.3.1/../../../../arm-none-eabi/lib/thumb/v7e-m+fp/hard\libc_nano.a(libc_a-memcpy-stub.o)
                0x0800a662                memcpy
 *fill*         0x0800a67e        0x2 
 .text._free_r  0x0800a680       0x94 C:/ST/STM32CubeIDE_2.0.0/STM32CubeIDE/plugins/com.st.stm32cube.ide.mcu.externaltools.gnu-tools-for-stm32.13.3.rel1.win32_1.0.100.202509120712/tools/bin/../lib/gcc/arm-none-eabi/13.3.1/../../../../arm-none-eabi/lib/thumb/v7e-m+fp/hard\libc_nano.a(libc_a-freer.o)
                0x0800a680                _free_r
 .text.__sfputc_r
                0x0800a714       0x2e C:/ST/STM32CubeIDE_2.0.0/STM32CubeIDE/plugins/com.st.stm32cube.ide.mcu.externaltools.gnu-tools-for-stm32.13.3.rel1.win32_1.0.100.202509120712/tools/bin/../lib/gcc/arm-none-eabi/13.3.1/../../../../arm-none-eabi/lib/thumb/v7e-m+fp/hard\libc_nano.a(libc_a-nano-vfprintf.o)
 .text.__sfputs_r
                0x0800a742       0x24 C:/ST/STM32CubeIDE_2.0.0/STM32CubeIDE/plugins/com.st.stm32cube.ide.mcu.externaltools.gnu-tools-for-stm32.13.3.rel1.win32_1.0.100.202509120712/tools/bin/../lib/gcc/arm-none-eabi/13.3.1/../../../../arm-none-eabi/lib/thumb/v7e-m+fp/hard\libc_nano.a(libc_a-nano-vfprintf.o)
                0x0800a742                __sfputs_r
 *fill*         0x0800a766        0x2 
 .text._vfprintf_r
                0x0800a768      0x230 C:/ST/STM32CubeIDE_2.0.0/STM32CubeIDE/plugins/com.st.stm32cube.ide.mcu.externaltools.gnu-tools-for-stm32.13.3.rel1.win32_1.0.100.202509120712/tools/bin/../lib/gcc/arm-none-eabi/13.3.1/../../../../arm-none-eabi/lib/thumb/v7e-m+fp/hard\libc_nano.a(libc_a-nano-vfprintf.o)
                0x0800a768                _vfprintf_r
                0x0800a768                _vfiprintf_r
 .text._printf_common
                0x0800a998       0xda C:/ST/STM32CubeIDE_2.0.0/STM32CubeIDE/plugins/com.st.stm32cube.ide.mcu.externaltools.gnu-tools-for-stm32.13.3.rel1.win32_1.0.100.202509120712/tools/bin/../lib/gcc/arm-none-eabi/13.3.1/../../../../arm-none-eabi/lib/thumb/v7e-m+fp/hard\libc_nano.a(libc_a-nano-vfprintf_i.o)
                0x0800a998                _printf_common
 *fill*         0x0800aa72        0x2 
 .text._printf_i
                0x0800aa74      0x23c C:/ST/STM32CubeIDE_2.0.0/STM32CubeIDE/plugins/com.st.stm32cube.ide.mcu.externaltools.gnu-tools-for-stm32.13.3.rel1.win32_1.0.100.202509120712/tools/bin/../lib/gcc/arm-none-eabi/13.3.1/../../../../arm-none-eabi/lib/thumb/v7e-m+fp/hard\libc_nano.a(libc_a-nano-vfprintf_i.o)
                0x0800aa74                _printf_i
 .text.__sflush_r
                0x0800acb0      0x108 C:/ST/STM32CubeIDE_2.0.0/STM32CubeIDE/plugins/com.st.stm32cube.ide.mcu.externaltools.gnu-tools-for-stm32.13.3.rel1.win32_1.0.100.202509120712/tools/bin/../lib/gcc/arm-none-eabi/13.3.1/../../../../arm-none-eabi/lib/thumb/v7e-m+fp/hard\libc_nano.a(libc_a-fflush.o)
                0x0800acb0                __sflush_r
 .text._fflush_r
                0x0800adb8       0x50 C:/ST/STM32CubeIDE_2.0.0/STM32CubeIDE/plugins/com.st.stm32cube.ide.mcu.externaltools.gnu-tools-for-stm32.13.3.rel1.win32_1.0.100.202509120712/tools/bin/../lib/gcc/arm-none-eabi/13.3.1/../../../../arm-none-eabi/lib/thumb/v7e-m+fp/hard\libc_nano.a(libc_a-fflush.o)
                0x0800adb8                _fflush_r
 .text.__swhatbuf_r
                0x0800ae08       0x4c C:/ST/STM32CubeIDE_2.0.0/STM32CubeIDE/plugins/com.st.stm32cube.ide.mcu.externaltools.gnu-tools-for-stm32.13.3.rel1.win32_1.0.100.202509120712/tools/bin/../lib/gcc/arm-none-eabi/13.3.1/../../../../arm-none-eabi/lib/thumb/v7e-m+fp/hard\libc_nano.a(libc_a-makebuf.o)
                0x0800ae08                __swhatbuf_r
 .text.__smakebuf_r
                0x0800ae54       0x78 C:/ST/STM32CubeIDE_2.0.0/STM32CubeIDE/plugins/com.st.stm32cube.ide.mcu.externaltools.gnu-tools-for-stm32.13.3.rel1.win32_1.0.100.202509120712/tools/bin/../lib/gcc/arm-none-eabi/13.3.1/../../../../arm-none-eabi/lib/thumb/v7e-m+fp/hard\libc_nano.a(libc_a-makebuf.o)
                0x0800ae54                __smakebuf_r
 .text._fstat_r
                0x0800aecc       0x24 C:/ST/STM32CubeIDE_2.0.0/STM32CubeIDE/plugins/com.st.stm32cube.ide.mcu.externaltools.gnu-tools-for-stm32.13.3.rel1.win32_1.0.100.202509120712/tools/bin/../lib/gcc/arm-none-eabi/13.3.1/../../../../arm-none-eabi/lib/thumb/v7e-m+fp/hard\libc_nano.a(libc_a-fstatr.o)
                0x0800aecc                _fstat_r
 .text._isatty_r
                0x0800aef0       0x20 C:/ST/STM32CubeIDE_2.0.0/STM32CubeIDE/plugins/com.st.stm32cube.ide.mcu.externaltools.gnu-tools-for-stm32.13.3.rel1.win32_1.0.100.202509120712/tools/bin/../lib/gcc/arm-none-eabi/13.3.1/../../../../arm-none-eabi/lib/thumb/v7e-m+fp/hard\libc_nano.a(libc_a-isattyr.o)
                0x0800aef0                _isatty_r
 *(.glue_7)
 .glue_7        0x0800af10        0x0 linker stubs
 *(.glue_7t)
 .glue_7t       0x0800af10        0x0 linker stubs
 *(.eh_frame)
 .eh_frame      0x0800af10        0x0 C:/ST/STM32CubeIDE_2.0.0/STM32CubeIDE/plugins/com.st.stm32cube.ide.mcu.externaltools.gnu-tools-for-stm32.13.3.rel1.win32_1.0.100.202509120712/tools/bin/../lib/gcc/arm-none-eabi/13.3.1/thumb/v7e-m+fp/hard/crtbegin.o
 *(.init)
 .init          0x0800af10        0x4 C:/ST/STM32CubeIDE_2.0.0/STM32CubeIDE/plugins/com.st.stm32cube.ide.mcu.externaltools.gnu-tools-for-stm32.13.3.rel1.win32_1.0.100.202509120712/tools/bin/../lib/gcc/arm-none-eabi/13.3.1/thumb/v7e-m+fp/hard/crti.o
                0x0800af10                _init
 .init          0x0800af14        0x8 C:/ST/STM32CubeIDE_2.0.0/STM32CubeIDE/plugins/com.st.stm32cube.ide.mcu.externaltools.gnu-tools-for-stm32.13.3.rel1.win32_1.0.100.202509120712/tools/bin/../lib/gcc/arm-none-eabi/13.3.1/thumb/v7e-m+fp/hard/crtn.o
 *(.fini)
 .fini          0x0800af1c        0x4 C:/ST/STM32CubeIDE_2.0.0/STM32CubeIDE/plugins/com.st.stm32cube.ide.mcu.externaltools.gnu-tools-for-stm32.13.3.rel1.win32_1.0.100.202509120712/tools/bin/../lib/gcc/arm-none-eabi/13.3.1/thumb/v7e-m+fp/hard/crti.o
                0x0800af1c                _fini
 .fini          0x0800af20        0x8 C:/ST/STM32CubeIDE_2.0.0/STM32CubeIDE/plugins/com.st.stm32cube.ide.mcu.externaltools.gnu-tools-for-stm32.13.3.rel1.win32_1.0.100.202509120712/tools/bin/../lib/gcc/arm-none-eabi/13.3.1/thumb/v7e-m+fp/hard/crtn.o
                0x0800af28                        . = ALIGN (0x4)
                0x0800af28                        _etext = .

.vfp11_veneer   0x0800af28        0x0
 .vfp11_veneer  0x0800af28        0x0 linker stubs

.v4_bx          0x0800af28        0x0
 .v4_bx         0x0800af28        0x0 linker stubs

.iplt           0x0800af28        0x0
 .iplt          0x0800af28        0x0 C:/ST/STM32CubeIDE_2.0.0/STM32CubeIDE/plugins/com.st.stm32cube.ide.mcu.externaltools.gnu-tools-for-stm32.13.3.rel1.win32_1.0.100.202509120712/tools/bin/../lib/gcc/arm-none-eabi/13.3.1/thumb/v7e-m+fp/hard/crtbegin.o

.rodata         0x0800af28      0x8d8
                0x0800af28                        . = ALIGN (0x4)
 *(.rodata)
 .rodata        0x0800af28      0x161 ./Core/Src/COMMS_stateMachine.o
 *fill*         0x0800b089        0x3 
 .rodata        0x0800b08c       0x28 ./Core/Src/SX1268.o
 .rodata        0x0800b0b4       0xea ./Core/Src/app.o
 *fill*         0x0800b19e        0x2 
 .rodata        0x0800b1a0      0x3f2 ./Core/Src/app_logic.o
 *fill*         0x0800b592        0x2 
 .rodata        0x0800b594       0x22 ./Core/Src/main.o
 *fill*         0x0800b5b6        0x2 
 .rodata        0x0800b5b8       0x8c ./Core/Src/rscode/berlekamp.o
 .rodata        0x0800b644        0x5 ./Middlewares/Third_Party/FreeRTOS/Source/tasks.o
 *fill*         0x0800b649        0x3 
 .rodata        0x0800b64c        0xd ./Middlewares/Third_Party/FreeRTOS/Source/timers.o
 *(.rodata*)
 *fill*         0x0800b659        0x3 
 .rodata._ZL10SECRET_KEY
                0x0800b65c        0x4 ./Core/Src/app_logic.o
 .rodata.OBCTask_attributes
                0x0800b660       0x24 ./Core/Src/main.o
                0x0800b660                OBCTask_attributes
 .rodata.k      0x0800b684      0x100 ./Core/Src/sha256.o
 .rodata.AHBPrescTable
                0x0800b784       0x10 ./Core/Src/system_stm32l4xx.o
                0x0800b784                AHBPrescTable
 .rodata.APBPrescTable
                0x0800b794        0x8 ./Core/Src/system_stm32l4xx.o
                0x0800b794                APBPrescTable
 .rodata.MSIRangeTable
                0x0800b79c       0x30 ./Core/Src/system_stm32l4xx.o
                0x0800b79c                MSIRangeTable
 .rodata._vfprintf_r.str1.1
                0x0800b7cc       0x33 C:/ST/STM32CubeIDE_2.0.0/STM32CubeIDE/plugins/com.st.stm32cube.ide.mcu.externaltools.gnu-tools-for-stm32.13.3.rel1.win32_1.0.100.202509120712/tools/bin/../lib/gcc/arm-none-eabi/13.3.1/../../../../arm-none-eabi/lib/thumb/v7e-m+fp/hard\libc_nano.a(libc_a-nano-vfprintf.o)
                                 0x11 (size before relaxing)
 .rodata._printf_i.str1.1
                0x0800b7ff        0x0 C:/ST/STM32CubeIDE_2.0.0/STM32CubeIDE/plugins/com.st.stm32cube.ide.mcu.externaltools.gnu-tools-for-stm32.13.3.rel1.win32_1.0.100.202509120712/tools/bin/../lib/gcc/arm-none-eabi/13.3.1/../../../../arm-none-eabi/lib/thumb/v7e-m+fp/hard\libc_nano.a(libc_a-nano-vfprintf_i.o)
                                 0x22 (size before relaxing)
                0x0800b800                        . = ALIGN (0x4)
 *fill*         0x0800b7ff        0x1 

.ARM.extab      0x0800b800        0x0
                0x0800b800                        . = ALIGN (0x4)
 *(.ARM.extab* .gnu.linkonce.armextab.*)
                0x0800b800                        . = ALIGN (0x4)

.ARM            0x0800b800        0x8
                0x0800b800                        . = ALIGN (0x4)
                0x0800b800                        __exidx_start = .
 *(.ARM.exidx*)
 .ARM.exidx     0x0800b800        0x8 C:/ST/STM32CubeIDE_2.0.0/STM32CubeIDE/plugins/com.st.stm32cube.ide.mcu.externaltools.gnu-tools-for-stm32.13.3.rel1.win32_1.0.100.202509120712/tools/bin/../lib/gcc/arm-none-eabi/13.3.1/../../../../arm-none-eabi/lib/thumb/v7e-m+fp/hard\libc_nano.a(libc_a-memchr.o)
                0x0800b808                        __exidx_end = .
                0x0800b808                        . = ALIGN (0x4)

.preinit_array  0x0800b808        0x0
                0x0800b808                        . = ALIGN (0x4)
                0x0800b808                        PROVIDE (__preinit_array_start = .)
 *(.preinit_array*)
                0x0800b808                        PROVIDE (__preinit_array_end = .)
                0x0800b808                        . = ALIGN (0x4)

.init_array     0x0800b808        0x8
                0x0800b808                        . = ALIGN (0x4)
                0x0800b808                        PROVIDE (__init_array_start = .)
 *(SORT_BY_NAME(.init_array.*))
 *(.init_array*)
 .init_array    0x0800b808        0x4 C:/ST/STM32CubeIDE_2.0.0/STM32CubeIDE/plugins/com.st.stm32cube.ide.mcu.externaltools.gnu-tools-for-stm32.13.3.rel1.win32_1.0.100.202509120712/tools/bin/../lib/gcc/arm-none-eabi/13.3.1/thumb/v7e-m+fp/hard/crtbegin.o
 .init_array    0x0800b80c        0x4 ./Core/Src/app.o
                0x0800b810                        PROVIDE (__init_array_end = .)
                0x0800b810                        . = ALIGN (0x4)

.fini_array     0x0800b810        0x4
                0x0800b810                        . = ALIGN (0x4)
                [!provide]                        PROVIDE (__fini_array_start = .)
 *(SORT_BY_NAME(.fini_array.*))
 *(.fini_array*)
 .fini_array    0x0800b810        0x4 C:/ST/STM32CubeIDE_2.0.0/STM32CubeIDE/plugins/com.st.stm32cube.ide.mcu.externaltools.gnu-tools-for-stm32.13.3.rel1.win32_1.0.100.202509120712/tools/bin/../lib/gcc/arm-none-eabi/13.3.1/thumb/v7e-m+fp/hard/crtbegin.o
                [!provide]                        PROVIDE (__fini_array_end = .)
                0x0800b814                        . = ALIGN (0x4)
                0x0800b814                        _sidata = LOADADDR (.data)

.rel.dyn        0x0800b814        0x0
 .rel.iplt      0x0800b814        0x0 C:/ST/STM32CubeIDE_2.0.0/STM32CubeIDE/plugins/com.st.stm32cube.ide.mcu.externaltools.gnu-tools-for-stm32.13.3.rel1.win32_1.0.100.202509120712/tools/bin/../lib/gcc/arm-none-eabi/13.3.1/thumb/v7e-m+fp/hard/crtbegin.o

.data           0x20000000       0x74 load address 0x0800b814
                0x20000000                        . = ALIGN (0x4)
                0x20000000                        _sdata = .
 *(.data)
 *(.data*)
 .data.tx_state
                0x20000000        0x1 ./Core/Src/COMMS_stateMachine.o
                0x20000000                tx_state
 *fill*         0x20000001        0x3 
 .data._ZL18system_time_offset
                0x20000004        0x4 ./Core/Src/app_logic.o
 .data.SystemCoreClock
                0x20000008        0x4 ./Core/Src/system_stm32l4xx.o
                0x20000008                SystemCoreClock
 .data.uwTickPrio
                0x2000000c        0x4 ./Drivers/STM32L4xx_HAL_Driver/Src/stm32l4xx_hal.o
                0x2000000c                uwTickPrio
 .data.uwTickFreq
                0x20000010        0x1 ./Drivers/STM32L4xx_HAL_Driver/Src/stm32l4xx_hal.o
                0x20000010                uwTickFreq
 *fill*         0x20000011        0x3 
 .data.uxCriticalNesting
                0x20000014        0x4 ./Middlewares/Third_Party/FreeRTOS/Source/portable/GCC/ARM_CM4F/port.o
 .data.__sglue  0x20000018        0xc C:/ST/STM32CubeIDE_2.0.0/STM32CubeIDE/plugins/com.st.stm32cube.ide.mcu.externaltools.gnu-tools-for-stm32.13.3.rel1.win32_1.0.100.202509120712/tools/bin/../lib/gcc/arm-none-eabi/13.3.1/../../../../arm-none-eabi/lib/thumb/v7e-m+fp/hard\libc_nano.a(libc_a-findfp.o)
                0x20000018                __sglue
 .data._impure_ptr
                0x20000024        0x4 C:/ST/STM32CubeIDE_2.0.0/STM32CubeIDE/plugins/com.st.stm32cube.ide.mcu.externaltools.gnu-tools-for-stm32.13.3.rel1.win32_1.0.100.202509120712/tools/bin/../lib/gcc/arm-none-eabi/13.3.1/../../../../arm-none-eabi/lib/thumb/v7e-m+fp/hard\libc_nano.a(libc_a-impure.o)
                0x20000024                _impure_ptr
 .data._impure_data
                0x20000028       0x4c C:/ST/STM32CubeIDE_2.0.0/STM32CubeIDE/plugins/com.st.stm32cube.ide.mcu.externaltools.gnu-tools-for-stm32.13.3.rel1.win32_1.0.100.202509120712/tools/bin/../lib/gcc/arm-none-eabi/13.3.1/../../../../arm-none-eabi/lib/thumb/v7e-m+fp/hard\libc_nano.a(libc_a-impure.o)
                0x20000028                _impure_data
 *(.RamFunc)
 *(.RamFunc*)
                0x20000074                        . = ALIGN (0x4)
                0x20000074                        _edata = .

.igot.plt       0x20000074        0x0 load address 0x0800b888
 .igot.plt      0x20000074        0x0 C:/ST/STM32CubeIDE_2.0.0/STM32CubeIDE/plugins/com.st.stm32cube.ide.mcu.externaltools.gnu-tools-for-stm32.13.3.rel1.win32_1.0.100.202509120712/tools/bin/../lib/gcc/arm-none-eabi/13.3.1/thumb/v7e-m+fp/hard/crtbegin.o
                0x20000074                        . = ALIGN (0x4)

.bss            0x20000074    0x124d0 load address 0x0800b888
                0x20000074                        _sbss = .
                0x20000074                        __bss_start__ = _sbss
 *(.bss)
 .bss           0x20000074       0x1c C:/ST/STM32CubeIDE_2.0.0/STM32CubeIDE/plugins/com.st.stm32cube.ide.mcu.externaltools.gnu-tools-for-stm32.13.3.rel1.win32_1.0.100.202509120712/tools/bin/../lib/gcc/arm-none-eabi/13.3.1/thumb/v7e-m+fp/hard/crtbegin.o
 *(.bss*)
 .bss.RTOS_queue_TX
                0x20000090        0x4 ./Core/Src/COMMS_stateMachine.o
                0x20000090                RTOS_queue_TX
 .bss.RTOS_queue_cmd
                0x20000094        0x4 ./Core/Src/COMMS_stateMachine.o
                0x20000094                RTOS_queue_cmd
 .bss.COMMS_state
                0x20000098        0x1 ./Core/Src/COMMS_stateMachine.o
                0x20000098                COMMS_state
 *fill*         0x20000099        0x3 
 .bss.RTOS_timer_lora_state
                0x2000009c        0x4 ./Core/Src/COMMS_stateMachine.o
                0x2000009c                RTOS_timer_lora_state
 .bss.RTOS_timer_lora_config
                0x200000a0        0x4 ./Core/Src/COMMS_stateMachine.o
                0x200000a0                RTOS_timer_lora_config
 .bss.rs_enabled
                0x200000a4        0x1 ./Core/Src/COMMS_stateMachine.o
                0x200000a4                rs_enabled
 *fill*         0x200000a5        0x3 
 .bss.radio     0x200000a8       0x3c ./Core/Src/app.o
                0x200000a8                radio
 .bss.COMMSTaskHandle
                0x200000e4        0x4 ./Core/Src/app.o
                0x200000e4                COMMSTaskHandle
 .bss.hspi1     0x200000e8       0x64 ./Core/Src/main.o
                0x200000e8                hspi1
 .bss.OBCTaskHandle
                0x2000014c        0x4 ./Core/Src/main.o
                0x2000014c                OBCTaskHandle
 .bss.htim6     0x20000150       0x4c ./Core/Src/stm32l4xx_hal_timebase_tim.o
                0x20000150                htim6
 .bss.__sbrk_heap_end
                0x2000019c        0x4 ./Core/Src/sysmem.o
 .bss.Lambda    0x200001a0       0x10 ./Core/Src/rscode/berlekamp.o
 .bss.Omega     0x200001b0       0x10 ./Core/Src/rscode/berlekamp.o
 .bss.ErrorLocs
                0x200001c0      0x400 ./Core/Src/rscode/berlekamp.o
 .bss.NErrors   0x200005c0        0x4 ./Core/Src/rscode/berlekamp.o
 .bss.ErasureLocs
                0x200005c4      0x400 ./Core/Src/rscode/berlekamp.o
 .bss.NErasures
                0x200009c4        0x4 ./Core/Src/rscode/berlekamp.o
 .bss.gexp      0x200009c8      0x800 ./Core/Src/rscode/galois.o
                0x200009c8                gexp
 .bss.glog      0x200011c8      0x400 ./Core/Src/rscode/galois.o
                0x200011c8                glog
 .bss.pBytes    0x200015c8       0x10 ./Core/Src/rscode/rs.o
                0x200015c8                pBytes
 .bss.synBytes  0x200015d8       0x10 ./Core/Src/rscode/rs.o
                0x200015d8                synBytes
 .bss.genPoly   0x200015e8       0x20 ./Core/Src/rscode/rs.o
                0x200015e8                genPoly
 .bss.RS_DEBUG  0x20001608        0x4 ./Core/Src/rscode/rs.o
                0x20001608                RS_DEBUG
 .bss.uwTick    0x2000160c        0x4 ./Drivers/STM32L4xx_HAL_Driver/Src/stm32l4xx_hal.o
                0x2000160c                uwTick
 .bss.KernelState
                0x20001610        0x4 ./Middlewares/Third_Party/FreeRTOS/Source/CMSIS_RTOS_V2/cmsis_os2.o
 .bss.Idle_TCB.3
                0x20001614       0xa8 ./Middlewares/Third_Party/FreeRTOS/Source/CMSIS_RTOS_V2/cmsis_os2.o
 .bss.Idle_Stack.2
                0x200016bc      0x200 ./Middlewares/Third_Party/FreeRTOS/Source/CMSIS_RTOS_V2/cmsis_os2.o
 .bss.Timer_TCB.1
                0x200018bc       0xa8 ./Middlewares/Third_Party/FreeRTOS/Source/CMSIS_RTOS_V2/cmsis_os2.o
 .bss.Timer_Stack.0
                0x20001964      0x400 ./Middlewares/Third_Party/FreeRTOS/Source/CMSIS_RTOS_V2/cmsis_os2.o
 .bss.xQueueRegistry
                0x20001d64       0x40 ./Middlewares/Third_Party/FreeRTOS/Source/queue.o
                0x20001d64                xQueueRegistry
 .bss.pxCurrentTCB
                0x20001da4        0x4 ./Middlewares/Third_Party/FreeRTOS/Source/tasks.o
                0x20001da4                pxCurrentTCB
 .bss.pxReadyTasksLists
                0x20001da8      0x460 ./Middlewares/Third_Party/FreeRTOS/Source/tasks.o
 .bss.xDelayedTaskList1
                0x20002208       0x14 ./Middlewares/Third_Party/FreeRTOS/Source/tasks.o
 .bss.xDelayedTaskList2
                0x2000221c       0x14 ./Middlewares/Third_Party/FreeRTOS/Source/tasks.o
 .bss.pxDelayedTaskList
                0x20002230        0x4 ./Middlewares/Third_Party/FreeRTOS/Source/tasks.o
 .bss.pxOverflowDelayedTaskList
                0x20002234        0x4 ./Middlewares/Third_Party/FreeRTOS/Source/tasks.o
 .bss.xPendingReadyList
                0x20002238       0x14 ./Middlewares/Third_Party/FreeRTOS/Source/tasks.o
 .bss.xTasksWaitingTermination
                0x2000224c       0x14 ./Middlewares/Third_Party/FreeRTOS/Source/tasks.o
 .bss.uxDeletedTasksWaitingCleanUp
                0x20002260        0x4 ./Middlewares/Third_Party/FreeRTOS/Source/tasks.o
 .bss.xSuspendedTaskList
                0x20002264       0x14 ./Middlewares/Third_Party/FreeRTOS/Source/tasks.o
 .bss.uxCurrentNumberOfTasks
                0x20002278        0x4 ./Middlewares/Third_Party/FreeRTOS/Source/tasks.o
 .bss.xTickCount
                0x2000227c        0x4 ./Middlewares/Third_Party/FreeRTOS/Source/tasks.o
 .bss.uxTopReadyPriority
                0x20002280        0x4 ./Middlewares/Third_Party/FreeRTOS/Source/tasks.o
 .bss.xSchedulerRunning
                0x20002284        0x4 ./Middlewares/Third_Party/FreeRTOS/Source/tasks.o
 .bss.xPendedTicks
                0x20002288        0x4 ./Middlewares/Third_Party/FreeRTOS/Source/tasks.o
 .bss.xYieldPending
                0x2000228c        0x4 ./Middlewares/Third_Party/FreeRTOS/Source/tasks.o
 .bss.xNumOfOverflows
                0x20002290        0x4 ./Middlewares/Third_Party/FreeRTOS/Source/tasks.o
 .bss.uxTaskNumber
                0x20002294        0x4 ./Middlewares/Third_Party/FreeRTOS/Source/tasks.o
 .bss.xNextTaskUnblockTime
                0x20002298        0x4 ./Middlewares/Third_Party/FreeRTOS/Source/tasks.o
 .bss.xIdleTaskHandle
                0x2000229c        0x4 ./Middlewares/Third_Party/FreeRTOS/Source/tasks.o
 .bss.uxSchedulerSuspended
                0x200022a0        0x4 ./Middlewares/Third_Party/FreeRTOS/Source/tasks.o
 .bss.xActiveTimerList1
                0x200022a4       0x14 ./Middlewares/Third_Party/FreeRTOS/Source/timers.o
 .bss.xActiveTimerList2
                0x200022b8       0x14 ./Middlewares/Third_Party/FreeRTOS/Source/timers.o
 .bss.pxCurrentTimerList
                0x200022cc        0x4 ./Middlewares/Third_Party/FreeRTOS/Source/timers.o
 .bss.pxOverflowTimerList
                0x200022d0        0x4 ./Middlewares/Third_Party/FreeRTOS/Source/timers.o
 .bss.xTimerQueue
                0x200022d4        0x4 ./Middlewares/Third_Party/FreeRTOS/Source/timers.o
 .bss.xTimerTaskHandle
                0x200022d8        0x4 ./Middlewares/Third_Party/FreeRTOS/Source/timers.o
 .bss.xLastTime.2
                0x200022dc        0x4 ./Middlewares/Third_Party/FreeRTOS/Source/timers.o
 .bss.ucStaticTimerQueueStorage.1
                0x200022e0       0xa0 ./Middlewares/Third_Party/FreeRTOS/Source/timers.o
 .bss.xStaticTimerQueue.0
                0x20002380       0x50 ./Middlewares/Third_Party/FreeRTOS/Source/timers.o
 .bss.ucMaxSysCallPriority
                0x200023d0        0x1 ./Middlewares/Third_Party/FreeRTOS/Source/portable/GCC/ARM_CM4F/port.o
 *fill*         0x200023d1        0x3 
 .bss.ulMaxPRIGROUPValue
                0x200023d4        0x4 ./Middlewares/Third_Party/FreeRTOS/Source/portable/GCC/ARM_CM4F/port.o
 .bss.ucHeap    0x200023d8    0x10000 ./Middlewares/Third_Party/FreeRTOS/Source/portable/MemMang/heap_4.o
 .bss.xStart    0x200123d8        0x8 ./Middlewares/Third_Party/FreeRTOS/Source/portable/MemMang/heap_4.o
 .bss.pxEnd     0x200123e0        0x4 ./Middlewares/Third_Party/FreeRTOS/Source/portable/MemMang/heap_4.o
 .bss.xFreeBytesRemaining
                0x200123e4        0x4 ./Middlewares/Third_Party/FreeRTOS/Source/portable/MemMang/heap_4.o
 .bss.xMinimumEverFreeBytesRemaining
                0x200123e8        0x4 ./Middlewares/Third_Party/FreeRTOS/Source/portable/MemMang/heap_4.o
 .bss.xNumberOfSuccessfulAllocations
                0x200123ec        0x4 ./Middlewares/Third_Party/FreeRTOS/Source/portable/MemMang/heap_4.o
 .bss.xNumberOfSuccessfulFrees
                0x200123f0        0x4 ./Middlewares/Third_Party/FreeRTOS/Source/portable/MemMang/heap_4.o
 .bss.xBlockAllocatedBit
                0x200123f4        0x4 ./Middlewares/Third_Party/FreeRTOS/Source/portable/MemMang/heap_4.o
 .bss.__malloc_sbrk_start
                0x200123f8        0x4 C:/ST/STM32CubeIDE_2.0.0/STM32CubeIDE/plugins/com.st.stm32cube.ide.mcu.externaltools.gnu-tools-for-stm32.13.3.rel1.win32_1.0.100.202509120712/tools/bin/../lib/gcc/arm-none-eabi/13.3.1/../../../../arm-none-eabi/lib/thumb/v7e-m+fp/hard\libc_nano.a(libc_a-mallocr.o)
                0x200123f8                __malloc_sbrk_start
 .bss.__malloc_free_list
                0x200123fc        0x4 C:/ST/STM32CubeIDE_2.0.0/STM32CubeIDE/plugins/com.st.stm32cube.ide.mcu.externaltools.gnu-tools-for-stm32.13.3.rel1.win32_1.0.100.202509120712/tools/bin/../lib/gcc/arm-none-eabi/13.3.1/../../../../arm-none-eabi/lib/thumb/v7e-m+fp/hard\libc_nano.a(libc_a-mallocr.o)
                0x200123fc                __malloc_free_list
 .bss.__sf      0x20012400      0x138 C:/ST/STM32CubeIDE_2.0.0/STM32CubeIDE/plugins/com.st.stm32cube.ide.mcu.externaltools.gnu-tools-for-stm32.13.3.rel1.win32_1.0.100.202509120712/tools/bin/../lib/gcc/arm-none-eabi/13.3.1/../../../../arm-none-eabi/lib/thumb/v7e-m+fp/hard\libc_nano.a(libc_a-findfp.o)
                0x20012400                __sf
 .bss.__stdio_exit_handler
                0x20012538        0x4 C:/ST/STM32CubeIDE_2.0.0/STM32CubeIDE/plugins/com.st.stm32cube.ide.mcu.externaltools.gnu-tools-for-stm32.13.3.rel1.win32_1.0.100.202509120712/tools/bin/../lib/gcc/arm-none-eabi/13.3.1/../../../../arm-none-eabi/lib/thumb/v7e-m+fp/hard\libc_nano.a(libc_a-findfp.o)
                0x20012538                __stdio_exit_handler
 .bss.errno     0x2001253c        0x4 C:/ST/STM32CubeIDE_2.0.0/STM32CubeIDE/plugins/com.st.stm32cube.ide.mcu.externaltools.gnu-tools-for-stm32.13.3.rel1.win32_1.0.100.202509120712/tools/bin/../lib/gcc/arm-none-eabi/13.3.1/../../../../arm-none-eabi/lib/thumb/v7e-m+fp/hard\libc_nano.a(libc_a-reent.o)
                0x2001253c                errno
 .bss.__lock___malloc_recursive_mutex