../Core/Src/RadioLib/utils/Cryptography.cpp:5:1:RadioLibAES128::RadioLibAES128()	16	static
../Core/Src/RadioLib/utils/Cryptography.cpp:9:6:void RadioLibAES128::init(uint8_t*)	16	static
../Core/Src/RadioLib/utils/Cryptography.cpp:14:8:size_t RadioLibAES128::encryptECB(const uint8_t*, size_t, uint8_t*)	32	static
../Core/Src/RadioLib/utils/Cryptography.cpp:30:8:size_t RadioLibAES128::decryptECB(const uint8_t*, size_t, uint8_t*)	32	static
../Core/Src/RadioLib/utils/Cryptography.cpp:46:6:void RadioLibAES128::generateCMAC(const uint8_t*, size_t, uint8_t*)	104	static
../Core/Src/RadioLib/utils/Cryptography.cpp:85:6:bool RadioLibAES128::verifyCMAC(const uint8_t*, size_t, const uint8_t*)	48	static
../Core/Src/RadioLib/utils/Cryptography.cpp:96:6:void RadioLibAES128::keyExpansion(uint8_t*, const uint8_t*)	40	static
../Core/Src/RadioLib/utils/Cryptography.cpp:127:6:void RadioLibAES128::cipher(uint8_t (*)[4][4], uint8_t*)	32	static
../Core/Src/RadioLib/utils/Cryptography.cpp:142:6:void RadioLibAES128::decipher(uint8_t (*)[4][4], uint8_t*)	32	static
../Core/Src/RadioLib/utils/Cryptography.cpp:156:6:void RadioLibAES128::subWord(uint8_t*)	24	static
../Core/Src/RadioLib/utils/Cryptography.cpp:163:6:void RadioLibAES128::rotWord(uint8_t*)	24	static
../Core/Src/RadioLib/utils/Cryptography.cpp:171:6:void RadioLibAES128::addRoundKey(uint8_t, uint8_t (*)[4][4], const uint8_t*)	32	static
../Core/Src/RadioLib/utils/Cryptography.cpp:179:6:void RadioLibAES128::blockXor(uint8_t*, const uint8_t*, const uint8_t*)	32	static
../Core/Src/RadioLib/utils/Cryptography.cpp:185:6:void RadioLibAES128::blockLeftshift(uint8_t*, const uint8_t*)	32	static
../Core/Src/RadioLib/utils/Cryptography.cpp:194:6:void RadioLibAES128::generateSubkeys(uint8_t*, uint8_t*)	80	static
../Core/Src/RadioLib/utils/Cryptography.cpp:222:6:void RadioLibAES128::subBytes(uint8_t (*)[4][4], const uint8_t*)	40	static
../Core/Src/RadioLib/utils/Cryptography.cpp:231:6:void RadioLibAES128::shiftRows(uint8_t (*)[4][4], bool)	40	static
../Core/Src/RadioLib/utils/Cryptography.cpp:247:6:void RadioLibAES128::mixColumns(uint8_t (*)[4][4], bool)	88	static
../Core/Src/RadioLib/utils/Cryptography.cpp:278:9:uint8_t RadioLibAES128::mul(uint8_t, uint8_t)	32	static
../Core/Src/RadioLib/utils/Cryptography.cpp:296:38:void __static_initialization_and_destruction_0()	8	static
../Core/Src/RadioLib/utils/Cryptography.cpp:296:38:cpp)	8	static
